Archive member included because of file (symbol)

/Applications/CrossWorks for ARM 3.3/lib/libm_v7m_t_le_eabi.a(libm_asm.o)
                              Example THUMB Debug/module.o (__aeabi_i2f)
/Applications/CrossWorks for ARM 3.3/lib/libm_v7m_t_le_eabi.a(libm2.o)
                              Example THUMB Debug/mathRoutines.o (cos)
/Applications/CrossWorks for ARM 3.3/lib/libm_v7m_t_le_eabi.a(libm2_asm.o)
                              /Applications/CrossWorks for ARM 3.3/lib/libm_v7m_t_le_eabi.a(libm2.o) (fabs)
/Applications/CrossWorks for ARM 3.3/lib/libc_v7m_t_le_eabi.a(libc_asm.o)
                              Example THUMB Debug/mathRoutines.o (__aeabi_ldivmod)
/Applications/CrossWorks for ARM 3.3/lib/libc_v7m_t_le_eabi.a(libc2.o)
                              /Applications/CrossWorks for ARM 3.3/lib/libm_v7m_t_le_eabi.a(libm2.o) (__aeabi_errno_addr)
/Applications/CrossWorks for ARM 3.3/lib/libc_v7m_t_le_eabi.a(libc2_asm.o)
                              /Applications/CrossWorks for ARM 3.3/lib/libc_v7m_t_le_eabi.a(libc2.o) (memcpy)
/Applications/CrossWorks for ARM 3.3/lib/lib_vfprintf_float_long_long_v7m_t_le_eabi.a(lib_vfprintf_float_long_long.o)
                              /Applications/CrossWorks for ARM 3.3/lib/libc_v7m_t_le_eabi.a(libc2.o) (__vfprintf)
/Applications/CrossWorks for ARM 3.3/lib/lib_vfscanf_float_long_long_cc_v7m_t_le_eabi.a(lib_vfscanf_float_long_long_cc.o)
                              /Applications/CrossWorks for ARM 3.3/lib/libc_v7m_t_le_eabi.a(libc2.o) (__vfscanf)
/Applications/CrossWorks for ARM 3.3/lib/libc_user_libc_v7m_t_le_eabi.a(user_libc.o)
                              /Applications/CrossWorks for ARM 3.3/lib/libc_v7m_t_le_eabi.a(libc2.o) (__aeabi_read_tp)

Discarded input sections

 .group         0x00000000        0x8 Example THUMB Debug/system_stm32f2xx.o
 .group         0x00000000        0x8 Example THUMB Debug/system_stm32f2xx.o
 .group         0x00000000        0x8 Example THUMB Debug/system_stm32f2xx.o
 .group         0x00000000        0x8 Example THUMB Debug/system_stm32f2xx.o
 .group         0x00000000        0x8 Example THUMB Debug/system_stm32f2xx.o
 .group         0x00000000        0x8 Example THUMB Debug/system_stm32f2xx.o
 .group         0x00000000        0x8 Example THUMB Debug/system_stm32f2xx.o
 .group         0x00000000        0x8 Example THUMB Debug/system_stm32f2xx.o
 .group         0x00000000        0x8 Example THUMB Debug/system_stm32f2xx.o
 .group         0x00000000        0x8 Example THUMB Debug/system_stm32f2xx.o
 .group         0x00000000        0x8 Example THUMB Debug/system_stm32f2xx.o
 .group         0x00000000        0x8 Example THUMB Debug/system_stm32f2xx.o
 .group         0x00000000        0x8 Example THUMB Debug/system_stm32f2xx.o
 .group         0x00000000        0x8 Example THUMB Debug/system_stm32f2xx.o
 .group         0x00000000        0x8 Example THUMB Debug/system_stm32f2xx.o
 .group         0x00000000        0x8 Example THUMB Debug/system_stm32f2xx.o
 .group         0x00000000        0x8 Example THUMB Debug/system_stm32f2xx.o
 .group         0x00000000        0x8 Example THUMB Debug/system_stm32f2xx.o
 .group         0x00000000        0x8 Example THUMB Debug/system_stm32f2xx.o
 .group         0x00000000        0x8 Example THUMB Debug/system_stm32f2xx.o
 .group         0x00000000        0x8 Example THUMB Debug/system_stm32f2xx.o
 .group         0x00000000        0x8 Example THUMB Debug/system_stm32f2xx.o
 .group         0x00000000        0x8 Example THUMB Debug/system_stm32f2xx.o
 .group         0x00000000        0x8 Example THUMB Debug/system_stm32f2xx.o
 .group         0x00000000        0x8 Example THUMB Debug/system_stm32f2xx.o
 .group         0x00000000        0x8 Example THUMB Debug/system_stm32f2xx.o
 .group         0x00000000        0x8 Example THUMB Debug/system_stm32f2xx.o
 .group         0x00000000        0x8 Example THUMB Debug/system_stm32f2xx.o
 .group         0x00000000        0x8 Example THUMB Debug/system_stm32f2xx.o
 .group         0x00000000        0x8 Example THUMB Debug/system_stm32f2xx.o
 .group         0x00000000        0x8 Example THUMB Debug/system_stm32f2xx.o
 .group         0x00000000        0x8 Example THUMB Debug/system_stm32f2xx.o
 .group         0x00000000        0x8 Example THUMB Debug/system_stm32f2xx.o
 .text          0x00000000        0x0 Example THUMB Debug/system_stm32f2xx.o
 .data          0x00000000        0x0 Example THUMB Debug/system_stm32f2xx.o
 .bss           0x00000000        0x0 Example THUMB Debug/system_stm32f2xx.o
 .data.SystemCoreClock
                0x00000000        0x4 Example THUMB Debug/system_stm32f2xx.o
 .data.AHBPrescTable
                0x00000000       0x10 Example THUMB Debug/system_stm32f2xx.o
 .text.SystemCoreClockUpdate
                0x00000000       0xf8 Example THUMB Debug/system_stm32f2xx.o
 .group         0x00000000        0x8 Example THUMB Debug/main.o
 .group         0x00000000        0x8 Example THUMB Debug/main.o
[...]
Memory Configuration

Name             Origin             Length             Attributes
UNPLACED_SECTIONS 0xffffffff         0x00000000         xw
FLASH            0x08000000         0x00100000         xr
SYSTEM           0x1fff0000         0x00007a10         xw
OPTION           0x1fffc000         0x00000008         xw
RAM              0x20000000         0x00020000         xw
SRAM1            0x20000000         0x0001c000         xw
SRAM2            0x2001c000         0x00004000         xw
APB1             0x40000000         0x00007800         xw
APB2             0x40010000         0x00004c00         xw
AHB1             0x40020000         0x00080000         xw
AHB2             0x50000000         0x00060c00         xw
AHB3             0xa0000000         0x00001000         xw
PCCARD           0x90000000         0x00000000         xw
NAND2            0x80000000         0x00000000         xw
NAND1            0x70000000         0x00000000         xw
NOR_PSRAM4       0x6c000000         0x00000000         xw
NOR_PSRAM3       0x68000000         0x00000000         xw
NOR_PSRAM2       0x64000000         0x00000000         xw
NOR_PSRAM1       0x60000000         0x00000000         xw
PPB              0xe0000000         0x00100000         xw
DBG              0xe0042000         0x00000010         xw
CM3_System_Control_Space 0xe000e000         0x00001000         xw
*default*        0x00000000         0xffffffff

Linker script and memory map

                0x08000000                __FLASH_segment_start__ = 0x8000000
                0x08100000                __FLASH_segment_end__ = 0x8100000
                0x00100000                __FLASH_segment_size__ = 0x100000
                0x1fff0000                __SYSTEM_segment_start__ = 0x1fff0000
                0x1fff7a10                __SYSTEM_segment_end__ = 0x1fff7a10
                0x00007a10                __SYSTEM_segment_size__ = 0x7a10
                0x1fffc000                __OPTION_segment_start__ = 0x1fffc000
                0x1fffc008                __OPTION_segment_end__ = 0x1fffc008
                0x00000008                __OPTION_segment_size__ = 0x8
                0x20000000                __RAM_segment_start__ = 0x20000000
                0x20020000                __RAM_segment_end__ = 0x20020000
                0x00020000                __RAM_segment_size__ = 0x20000
                0x20000000                __SRAM1_segment_start__ = 0x20000000
                0x2001c000                __SRAM1_segment_end__ = 0x2001c000
                0x0001c000                __SRAM1_segment_size__ = 0x1c000
                0x2001c000                __SRAM2_segment_start__ = 0x2001c000
                0x20020000                __SRAM2_segment_end__ = 0x20020000
                0x00004000                __SRAM2_segment_size__ = 0x4000
                0x40000000                __APB1_segment_start__ = 0x40000000
                0x40007800                __APB1_segment_end__ = 0x40007800
                0x00007800                __APB1_segment_size__ = 0x7800
                0x40010000                __APB2_segment_start__ = 0x40010000
                0x40014c00                __APB2_segment_end__ = 0x40014c00
                0x00004c00                __APB2_segment_size__ = 0x4c00
                0x40020000                __AHB1_segment_start__ = 0x40020000
                0x400a0000                __AHB1_segment_end__ = 0x400a0000
                0x00080000                __AHB1_segment_size__ = 0x80000
                0x50000000                __AHB2_segment_start__ = 0x50000000
                0x50060c00                __AHB2_segment_end__ = 0x50060c00
                0x00060c00                __AHB2_segment_size__ = 0x60c00
                0xa0000000                __AHB3_segment_start__ = 0xa0000000
                0xa0001000                __AHB3_segment_end__ = 0xa0001000
                0x00001000                __AHB3_segment_size__ = 0x1000
                0x90000000                __PCCARD_segment_start__ = 0x90000000
                0x90000000                __PCCARD_segment_end__ = 0x90000000
                0x00000000                __PCCARD_segment_size__ = 0x0
                0x80000000                __NAND2_segment_start__ = 0x80000000
                0x80000000                __NAND2_segment_end__ = 0x80000000
                0x00000000                __NAND2_segment_size__ = 0x0
                0x70000000                __NAND1_segment_start__ = 0x70000000
                0x70000000                __NAND1_segment_end__ = 0x70000000
                0x00000000                __NAND1_segment_size__ = 0x0
                0x6c000000                __NOR_PSRAM4_segment_start__ = 0x6c000000
                0x6c000000                __NOR_PSRAM4_segment_end__ = 0x6c000000
                0x00000000                __NOR_PSRAM4_segment_size__ = 0x0
                0x68000000                __NOR_PSRAM3_segment_start__ = 0x68000000
                0x68000000                __NOR_PSRAM3_segment_end__ = 0x68000000
                0x00000000                __NOR_PSRAM3_segment_size__ = 0x0
                0x64000000                __NOR_PSRAM2_segment_start__ = 0x64000000
                0x64000000                __NOR_PSRAM2_segment_end__ = 0x64000000
                0x00000000                __NOR_PSRAM2_segment_size__ = 0x0
                0x60000000                __NOR_PSRAM1_segment_start__ = 0x60000000
                0x60000000                __NOR_PSRAM1_segment_end__ = 0x60000000
                0x00000000                __NOR_PSRAM1_segment_size__ = 0x0
                0xe0000000                __PPB_segment_start__ = 0xe0000000
                0xe0100000                __PPB_segment_end__ = 0xe0100000
                0x00100000                __PPB_segment_size__ = 0x100000
                0xe0042000                __DBG_segment_start__ = 0xe0042000
                0xe0042010                __DBG_segment_end__ = 0xe0042010
                0x00000010                __DBG_segment_size__ = 0x10
                0xe000e000                __CM3_System_Control_Space_segment_start__ = 0xe000e000
                0xe000f000                __CM3_System_Control_Space_segment_end__ = 0xe000f000
                0x00001000                __CM3_System_Control_Space_segment_size__ = 0x1000
                0x00000fd0                __HEAPSIZE__ = 0xfd0
                0x00000000                __STACKSIZE_ABT__ = 0x0
                0x00000000                __STACKSIZE_FIQ__ = 0x0
                0x00000000                __STACKSIZE_IRQ__ = 0x0
                0x00000fd0                __STACKSIZE_PROCESS__ = 0xfd0
                0x00000000                __STACKSIZE_SVC__ = 0x0
                0x00000000                __STACKSIZE_UND__ = 0x0
                0x00000fd0                __STACKSIZE__ = 0xfd0
                0x20000000                __vectors_ram_load_start__ = ALIGN (__RAM_segment_start__, 0x100)

.vectors_ram    0x20000000        0x0
                0x20000000                __vectors_ram_start__ = .
 *(.vectors_ram .vectors_ram.*)
                0x20000000                __vectors_ram_end__ = (__vectors_ram_start__ + SIZEOF (.vectors_ram))
                0x00000000                __vectors_ram_size__ = SIZEOF (.vectors_ram)
                0x20000000                __vectors_ram_load_end__ = __vectors_ram_end__
                0x00000001                . = ASSERT (((__vectors_ram_start__ == __vectors_ram_end__) || ((__vectors_ram_end__ >= __RAM_segment_start__) && (__vectors_ram_end__ <= __RAM_segment_end__))), error: .vectors_ram is too large to fit in RAM memory segment)
                0x08000000                __vectors_load_start__ = ALIGN (__FLASH_segment_start__, 0x100)

.vectors        0x08000000      0x184
                0x08000000                __vectors_start__ = .
 *(.vectors .vectors.*)
 .vectors       0x08000000      0x184 Example THUMB Debug/STM32_Startup.o
                0x08000000                _vectors
                0x08000184                __vectors_end__ = (__vectors_start__ + SIZEOF (.vectors))
                0x00000184                __vectors_size__ = SIZEOF (.vectors)
                0x08000184                __vectors_load_end__ = __vectors_end__
                0x00000001                . = ASSERT (((__vectors_start__ == __vectors_end__) || ((__vectors_end__ >= __FLASH_segment_start__) && (__vectors_end__ <= __FLASH_segment_end__))), error: .vectors is too large to fit in FLASH memory segment)
                0x08000184                __init_load_start__ = ALIGN (__vectors_end__, 0x4)

.init           0x08000184      0x230
                0x08000184                __init_start__ = .
 *(.init .init.*)
 .init          0x08000184      0x15c Example THUMB Debug/thumb_crt0.o
                0x08000184                _start
                0x08000234                exit
                0x0800025c                __putchar
                0x0800025c                __getchar
 .init          0x080002e0       0xd4 Example THUMB Debug/STM32_Startup.o
                0x080002f2                WWDG_IRQHandler
                0x080002f4                PVD_IRQHandler
                0x080002f6                TAMP_STAMP_IRQHandler
                0x080002f8                RTC_WKUP_IRQHandler
                0x080002fa                FLASH_IRQHandler
                0x080002fc                RCC_IRQHandler
                0x080002fe                EXTI0_IRQHandler
                0x08000300                EXTI1_IRQHandler
                0x08000302                EXTI2_IRQHandler
                0x08000304                EXTI3_IRQHandler
                0x08000306                EXTI4_IRQHandler
                0x08000308                DMA1_Stream0_IRQHandler
                0x0800030a                DMA1_Stream1_IRQHandler
                0x0800030c                DMA1_Stream2_IRQHandler
                0x0800030e                DMA1_Stream3_IRQHandler
                0x08000310                DMA1_Stream4_IRQHandler
                0x08000312                DMA1_Stream5_IRQHandler
                0x08000314                DMA1_Stream6_IRQHandler
                0x08000316                ADC_IRQHandler
                0x08000318                CAN1_TX_IRQHandler
                0x0800031a                CAN1_RX0_IRQHandler
                0x0800031c                CAN1_RX1_IRQHandler
                0x0800031e                CAN1_SCE_IRQHandler
                0x08000320                EXTI9_5_IRQHandler
                0x08000322                TIM1_BRK_TIM9_IRQHandler
                0x08000324                TIM1_UP_TIM10_IRQHandler
                0x08000326                TIM1_TRG_COM_TIM11_IRQHandler
                0x08000328                TIM1_CC_IRQHandler
                0x0800032a                TIM2_IRQHandler
                0x0800032c                TIM3_IRQHandler
                0x0800032e                TIM4_IRQHandler
                0x08000330                I2C1_EV_IRQHandler
                0x08000332                I2C1_ER_IRQHandler
                0x08000334                I2C2_EV_IRQHandler
                0x08000336                I2C2_ER_IRQHandler
                0x08000338                SPI1_IRQHandler
                0x0800033a                SPI2_IRQHandler
                0x0800033c                USART1_IRQHandler
                0x0800033e                USART2_IRQHandler
                0x08000340                USART3_IRQHandler
                0x08000342                EXTI15_10_IRQHandler
                0x08000344                RTC_Alarm_IRQHandler
                0x08000346                OTG_FS_WKUP_IRQHandler
                0x08000348                TIM8_BRK_TIM12_IRQHandler
                0x0800034a                TIM8_UP_TIM13_IRQHandler
                0x0800034c                TIM8_TRG_COM_TIM14_IRQHandler
                0x0800034e                TIM8_CC_IRQHandler
                0x08000350                DMA1_Stream7_IRQHandler
                0x08000352                FSMC_IRQHandler
                0x08000354                SDIO_IRQHandler
                0x08000356                TIM5_IRQHandler
                0x08000358                SPI3_IRQHandler
                0x0800035a                UART4_IRQHandler
                0x0800035c                UART5_IRQHandler
                0x0800035e                TIM6_DAC_IRQHandler
                0x08000360                TIM7_IRQHandler
                0x08000362                DMA2_Stream0_IRQHandler
                0x08000364                DMA2_Stream1_IRQHandler
                0x08000366                DMA2_Stream2_IRQHandler
                0x08000368                DMA2_Stream3_IRQHandler
                0x0800036a                DMA2_Stream4_IRQHandler
                0x0800036c                ETH_IRQHandler
                0x0800036e                ETH_WKUP_IRQHandler
                0x08000370                CAN2_TX_IRQHandler
                0x08000372                CAN2_RX0_IRQHandler
                0x08000374                CAN2_RX1_IRQHandler
                0x08000376                CAN2_SCE_IRQHandler
                0x08000378                OTG_FS_IRQHandler
                0x0800037a                DMA2_Stream5_IRQHandler
                0x0800037c                DMA2_Stream6_IRQHandler
                0x0800037e                DMA2_Stream7_IRQHandler
                0x08000380                USART6_IRQHandler
                0x08000382                I2C3_EV_IRQHandler
                0x08000384                I2C3_ER_IRQHandler
                0x08000386                OTG_HS_EP1_OUT_IRQHandler
                0x08000388                OTG_HS_EP1_IN_IRQHandler
                0x0800038a                OTG_HS_WKUP_IRQHandler
                0x0800038c                OTG_HS_IRQHandler
                0x0800038e                DCMI_IRQHandler
                0x08000390                CRYP_IRQHandler
                0x08000392                HASH_RNG_IRQHandler
                0x08000394                reset_handler
                0x080003b4                __init_end__ = (__init_start__ + SIZEOF (.init))
                0x00000230                __init_size__ = SIZEOF (.init)
                0x080003b4                __init_load_end__ = __init_end__
                0x00000001                . = ASSERT (((__init_start__ == __init_end__) || ((__init_end__ >= __FLASH_segment_start__) && (__init_end__ <= __FLASH_segment_end__))), error: .init is too large to fit in FLASH memory segment)
                0x080003b4                __text_load_start__ = ALIGN (__init_end__, 0x4)

.text           0x080003b4     0x3ea4
                0x080003b4                __text_start__ = .
 *(.text .text.* .glue_7t .glue_7 .gnu.linkonce.t.* .gcc_except_table .ARM.extab* .gnu.linkonce.armextab.*)
 .glue_7        0x00000000        0x0 linker stubs
 .glue_7t       0x00000000        0x0 linker stubs
 .text.SystemInit
                0x080003b4       0x58 Example THUMB Debug/system_stm32f2xx.o
                0x080003b4                SystemInit
 .text.SetSysClock
                0x0800040c       0xd8 Example THUMB Debug/system_stm32f2xx.o
 .text.NVIC_SetPriority
                0x080004e4       0x54 Example THUMB Debug/main.o
 .text.SysTick_Config
                0x08000538       0x44 Example THUMB Debug/main.o
 .text.main     0x0800057c       0x74 Example THUMB Debug/main.o
                0x0800057c                main
 .text._Z5Delayj
                0x080005f0       0x30 Example THUMB Debug/main.o
                0x080005f0                Delay(unsigned int)
 .text._Z21TimingDelay_Decrementv
                0x08000620       0x2c Example THUMB Debug/main.o
                0x08000620                TimingDelay_Decrement()
 .text._ZN8GPIO_PinC2EP12GPIO_TypeDefjjjj
                0x0800064c       0x3c Example THUMB Debug/module.o
                0x0800064c                GPIO_Pin::GPIO_Pin(GPIO_TypeDef*, unsigned int, unsigned int, unsigned int, unsigned int)
                0x0800064c                GPIO_Pin::GPIO_Pin(GPIO_TypeDef*, unsigned int, unsigned int, unsigned int, unsigned int)
 .text._ZN17InterruptTemplateC2Ev
                0x08000688       0x20 Example THUMB Debug/module.o
                0x08000688                InterruptTemplate::InterruptTemplate()
                0x08000688                InterruptTemplate::InterruptTemplate()
 .text._ZN7EncoderC2Ev
                0x080006a8       0x24 Example THUMB Debug/module.o
                0x080006a8                Encoder::Encoder()
                0x080006a8                Encoder::Encoder()
 .text._ZN13MPU9150DriverC2Ev
                0x080006cc       0x24 Example THUMB Debug/module.o
                0x080006cc                MPU9150Driver::MPU9150Driver()
                0x080006cc                MPU9150Driver::MPU9150Driver()
 .text._ZN12serialdriverC2Ev
                0x080006f0       0x24 Example THUMB Debug/module.o
                0x080006f0                serialdriver::serialdriver()
                0x080006f0                serialdriver::serialdriver()
 .text._ZN6ModuleC2Ev
                0x08000714       0x7c Example THUMB Debug/module.o
                0x08000714                Module::Module()
                0x08000714                Module::Module()
 .text._ZN22Transmit_CommandPacketC2Ev
                0x08000790       0x28 Example THUMB Debug/module.o
                0x08000790                Transmit_CommandPacket::Transmit_CommandPacket()
                0x08000790                Transmit_CommandPacket::Transmit_CommandPacket()
 .text._ZN13CommandPacketC2Ev
                0x080007b8       0x28 Example THUMB Debug/module.o
                0x080007b8                CommandPacket::CommandPacket()
                0x080007b8                CommandPacket::CommandPacket()
 .text._ZN6Module3RunEv
                0x080007e0      0x104 Example THUMB Debug/module.o
                0x080007e0                Module::Run()
 .text._ZN6Module8Delay_msEi
                0x080008e4       0x3c Example THUMB Debug/module.o
                0x080008e4                Module::Delay_ms(int)
 .text._ZN6Module10InitializeEv
                0x08000920       0xf8 Example THUMB Debug/module.o
                0x08000920                Module::Initialize()
 .text._ZN6Module13ADC_Push2PackER22Transmit_CommandPacket
                0x08000a18       0x6c Example THUMB Debug/module.o
                0x08000a18                Module::ADC_Push2Pack(Transmit_CommandPacket&)
 .text._ZN6Module13Adc_Comm_InitEv
                0x08000a84       0x2c Example THUMB Debug/module.o
                0x08000a84                Module::Adc_Comm_Init()
 .text._ZN6Module16Adc_Channel_InitEv
                0x08000ab0       0x84 Example THUMB Debug/module.o
                0x08000ab0                Module::Adc_Channel_Init()
 .text._ZN6Module10DMA_ConfigEv
                0x08000b34       0x74 Example THUMB Debug/module.o
                0x08000b34                Module::DMA_Config()
 .text._ZN6Module11GPIO_ConfigEv
                0x08000ba8       0x2c Example THUMB Debug/module.o
                0x08000ba8                Module::GPIO_Config()
 .text._ZN6Module12ConfigureADCEv
                0x08000bd4       0x60 Example THUMB Debug/module.o
                0x08000bd4                Module::ConfigureADC()
 .text._ZN6Module12ConfigurePwmEv
                0x08000c34      0x160 Example THUMB Debug/module.o
                0x08000c34                Module::ConfigurePwm()
 .text._ZN6Module12ConfigureLedEv
                0x08000d94       0x50 Example THUMB Debug/module.o
                0x08000d94                Module::ConfigureLed()
 .text._ZN6Module9SetRgbLedEbb
                0x08000de4       0x4c Example THUMB Debug/module.o
                0x08000de4                Module::SetRgbLed(bool, bool)
 .text._ZN6Module11SetServoPosEif
                0x08000e30      0x110 Example THUMB Debug/module.o
                0x08000e30                Module::SetServoPos(int, float)
 .text._ZN6Module18onInterruptSystickEv
                0x08000f40       0x14 Example THUMB Debug/module.o
                0x08000f40                Module::onInterruptSystick()
 *fill*         0x08000f54        0x4 
 .text._Z41__static_initialization_and_destruction_0ii
                0x08000f58       0xd8 Example THUMB Debug/module.o
 .text._GLOBAL__sub_I__ZN6Module10m_nPwmFreqE
                0x08001030       0x10 Example THUMB Debug/module.o
 .text._ZN7Encoder6ConfigEv
                0x08001040      0x23c Example THUMB Debug/ShaftEncoder.o
                0x08001040                Encoder::Config()
 .text._ZN7Encoder15GetEncoderPosesER12EncoderPoses
                0x0800127c       0x44 Example THUMB Debug/ShaftEncoder.o
                0x0800127c                Encoder::GetEncoderPoses(EncoderPoses&)
 .text._ZN7Encoder9Push2PackER22Transmit_CommandPacket
                0x080012c0       0x44 Example THUMB Debug/ShaftEncoder.o
                0x080012c0                Encoder::Push2Pack(Transmit_CommandPacket&)
 .text._ZN8GPIO_PinC2Ev
                0x08001304       0x34 Example THUMB Debug/VNH3SP30TRdriver.o
                0x08001304                GPIO_Pin::GPIO_Pin()
                0x08001304                GPIO_Pin::GPIO_Pin()
 .text.NVIC_EnableIRQ
                0x08001338       0x30 Example THUMB Debug/ftdicomsdriver.o
 .text._ZN14FtdiComsDriverC2Ev
                0x08001368       0x54 Example THUMB Debug/ftdicomsdriver.o
                0x08001368                FtdiComsDriver::FtdiComsDriver()
                0x08001368                FtdiComsDriver::FtdiComsDriver()
 .text._ZN14FtdiComsDriver10InitializeE8GPIO_PinS0_S0_S0_
                0x080013bc      0x128 Example THUMB Debug/ftdicomsdriver.o
                0x080013bc                FtdiComsDriver::Initialize(GPIO_Pin, GPIO_Pin, GPIO_Pin, GPIO_Pin)
 .text._ZN14FtdiComsDriver13configureUartEv
                0x080014e4      0x2dc Example THUMB Debug/ftdicomsdriver.o
                0x080014e4                FtdiComsDriver::configureUart()
 .text._ZN14FtdiComsDriver19configureInterruptsEv
                0x080017c0       0x60 Example THUMB Debug/ftdicomsdriver.o
                0x080017c0                FtdiComsDriver::configureInterrupts()
 .text._ZN14FtdiComsDriver7onEndRxEv
                0x08001820       0xd0 Example THUMB Debug/ftdicomsdriver.o
                0x08001820                FtdiComsDriver::onEndRx()
 .text._ZN14FtdiComsDriver22onInterruptDma1Stream1Ev
                0x080018f0       0x14 Example THUMB Debug/ftdicomsdriver.o
                0x080018f0                FtdiComsDriver::onInterruptDma1Stream1()
 .text._ZN14FtdiComsDriver7onEndTxEv
                0x08001904      0x108 Example THUMB Debug/ftdicomsdriver.o
                0x08001904                FtdiComsDriver::onEndTx()
 .text._ZN14FtdiComsDriver22onInterruptDma1Stream3Ev
                0x08001a0c       0x14 Example THUMB Debug/ftdicomsdriver.o
                0x08001a0c                FtdiComsDriver::onInterruptDma1Stream3()
 .text._ZN14FtdiComsDriver16beginWritePacketEPcs
                0x08001a20       0xc0 Example THUMB Debug/ftdicomsdriver.o
                0x08001a20                FtdiComsDriver::beginWritePacket(char*, short)
 .text._ZN17InterruptTemplate20registerForInterruptEPPS_S0_
                0x08001ae0       0x48 Example THUMB Debug/InterruptTemplate.o
                0x08001ae0                InterruptTemplate::registerForInterrupt(InterruptTemplate**, InterruptTemplate*)
 .text._ZN17InterruptTemplate22onInterruptDma1Stream1Ev
                0x08001b28       0x18 Example THUMB Debug/InterruptTemplate.o
                0x08001b28                InterruptTemplate::onInterruptDma1Stream1()
 .text._ZN17InterruptTemplate22onInterruptDma1Stream3Ev
                0x08001b40       0x18 Example THUMB Debug/InterruptTemplate.o
                0x08001b40                InterruptTemplate::onInterruptDma1Stream3()
 .text._ZN17InterruptTemplate18onInterruptSystickEv
                0x08001b58       0x14 Example THUMB Debug/InterruptTemplate.o
                0x08001b58                InterruptTemplate::onInterruptSystick()
 .text._ZN17InterruptTemplate16onInterruptExti0Ev
                0x08001b6c       0x14 Example THUMB Debug/InterruptTemplate.o
                0x08001b6c                InterruptTemplate::onInterruptExti0()
 .text._ZN17InterruptTemplate16onInterruptExti1Ev
                0x08001b80       0x14 Example THUMB Debug/InterruptTemplate.o
                0x08001b80                InterruptTemplate::onInterruptExti1()
 .text._ZN17InterruptTemplate16onInterruptExti4Ev
                0x08001b94       0x14 Example THUMB Debug/InterruptTemplate.o
                0x08001b94                InterruptTemplate::onInterruptExti4()
 .text._ZN17InterruptTemplate16onInterruptExti5Ev
                0x08001ba8       0x14 Example THUMB Debug/InterruptTemplate.o
                0x08001ba8                InterruptTemplate::onInterruptExti5()
 .text._ZN17InterruptTemplate15onInterruptTim2Ev
                0x08001bbc       0x14 Example THUMB Debug/InterruptTemplate.o
                0x08001bbc                InterruptTemplate::onInterruptTim2()
 .text._ZN17InterruptTemplate17onInterruptI2c1EvEv
                0x08001bd0       0x14 Example THUMB Debug/InterruptTemplate.o
                0x08001bd0                InterruptTemplate::onInterruptI2c1Ev()
 .text._ZN17InterruptTemplate17onInterruptI2c2EvEv
                0x08001be4       0x14 Example THUMB Debug/InterruptTemplate.o
                0x08001be4                InterruptTemplate::onInterruptI2c2Ev()
 .text._ZN17InterruptTemplate17onInterruptI2c3EvEv
                0x08001bf8       0x14 Example THUMB Debug/InterruptTemplate.o
                0x08001bf8                InterruptTemplate::onInterruptI2c3Ev()
 .text._ZN17InterruptTemplate17onInterruptUsart3Ev
                0x08001c0c       0x14 Example THUMB Debug/InterruptTemplate.o
                0x08001c0c                InterruptTemplate::onInterruptUsart3()
 .text._ZN17InterruptTemplate15onInterruptSpi1Ev
                0x08001c20       0x14 Example THUMB Debug/InterruptTemplate.o
                0x08001c20                InterruptTemplate::onInterruptSpi1()
 .text._ZN17InterruptTemplate15onInterruptSpi2Ev
                0x08001c34       0x14 Example THUMB Debug/InterruptTemplate.o
                0x08001c34                InterruptTemplate::onInterruptSpi2()
 .text._ZN17InterruptTemplate22onInterruptDma1Stream0Ev
                0x08001c48       0x14 Example THUMB Debug/InterruptTemplate.o
                0x08001c48                InterruptTemplate::onInterruptDma1Stream0()
 .text._ZN17InterruptTemplate22onInterruptDma1Stream2Ev
                0x08001c5c       0x14 Example THUMB Debug/InterruptTemplate.o
                0x08001c5c                InterruptTemplate::onInterruptDma1Stream2()
 .text._ZN17InterruptTemplate22onInterruptDma1Stream4Ev
                0x08001c70       0x14 Example THUMB Debug/InterruptTemplate.o
                0x08001c70                InterruptTemplate::onInterruptDma1Stream4()
 .text._ZN17InterruptTemplate22onInterruptDma2Stream0Ev
                0x08001c84       0x14 Example THUMB Debug/InterruptTemplate.o
                0x08001c84                InterruptTemplate::onInterruptDma2Stream0()
 .text._ZN17InterruptTemplate22onInterruptDma2Stream3Ev
                0x08001c98       0x14 Example THUMB Debug/InterruptTemplate.o
                0x08001c98                InterruptTemplate::onInterruptDma2Stream3()
 .text._ZN17InterruptTemplate22onInterruptDma2Stream4Ev
                0x08001cac       0x14 Example THUMB Debug/InterruptTemplate.o
                0x08001cac                InterruptTemplate::onInterruptDma2Stream4()
 .text.NMI_Handler
                0x08001cc0        0xc Example THUMB Debug/stm32f2xx_it.o
                0x08001cc0                NMI_Handler
 .text.HardFault_Handler
                0x08001ccc        0x8 Example THUMB Debug/stm32f2xx_it.o
                0x08001ccc                HardFault_Handler
 .text.MemManage_Handler
                0x08001cd4        0x8 Example THUMB Debug/stm32f2xx_it.o
                0x08001cd4                MemManage_Handler
 .text.BusFault_Handler
                0x08001cdc        0x8 Example THUMB Debug/stm32f2xx_it.o
                0x08001cdc                BusFault_Handler
 .text.UsageFault_Handler
                0x08001ce4        0x8 Example THUMB Debug/stm32f2xx_it.o
                0x08001ce4                UsageFault_Handler
 .text.SVC_Handler
                0x08001cec        0xc Example THUMB Debug/stm32f2xx_it.o
                0x08001cec                SVC_Handler
 .text.DebugMon_Handler
                0x08001cf8        0xc Example THUMB Debug/stm32f2xx_it.o
                0x08001cf8                DebugMon_Handler
 .text.PendSV_Handler
                0x08001d04        0xc Example THUMB Debug/stm32f2xx_it.o
                0x08001d04                PendSV_Handler
 .text.SysTick_Handler
                0x08001d10        0xc Example THUMB Debug/stm32f2xx_it.o
                0x08001d10                SysTick_Handler
 .text._Z11RCCSetClockPKvj15FunctionalState
                0x08001d1c       0xbc Example THUMB Debug/Utils.o
                0x08001d1c                RCCSetClock(void const*, unsigned int, FunctionalState)
 .text._ZN13MPU9150Driver16onInterruptExti0Ev
                0x08001dd8       0x40 Example THUMB Debug/MPU9150Driver.o
                0x08001dd8                MPU9150Driver::onInterruptExti0()
 .text._ZN13MPU9150Driver22onInterruptDma1Stream2Ev
                0x08001e18       0x98 Example THUMB Debug/MPU9150Driver.o
                0x08001e18                MPU9150Driver::onInterruptDma1Stream2()
 .text._ZN13MPU9150Driver17onInterruptI2c3EvEv
                0x08001eb0       0xd4 Example THUMB Debug/MPU9150Driver.o
                0x08001eb0                MPU9150Driver::onInterruptI2c3Ev()
 .text.NVIC_Init
                0x08001f84       0xbc Example THUMB Debug/misc.o
                0x08001f84                NVIC_Init
 .text.ADC_Init
                0x08002040       0xa8 Example THUMB Debug/stm32f2xx_adc.o
                0x08002040                ADC_Init
 .text.ADC_CommonInit
                0x080020e8       0x50 Example THUMB Debug/stm32f2xx_adc.o
                0x080020e8                ADC_CommonInit
 .text.ADC_Cmd  0x08002138       0x38 Example THUMB Debug/stm32f2xx_adc.o
                0x08002138                ADC_Cmd
 .text.ADC_RegularChannelConfig
                0x08002170      0x188 Example THUMB Debug/stm32f2xx_adc.o
                0x08002170                ADC_RegularChannelConfig
 .text.ADC_SoftwareStartConv
                0x080022f8       0x20 Example THUMB Debug/stm32f2xx_adc.o
                0x080022f8                ADC_SoftwareStartConv
 .text.ADC_DMACmd
                0x08002318       0x38 Example THUMB Debug/stm32f2xx_adc.o
                0x08002318                ADC_DMACmd
 .text.ADC_DMARequestAfterLastTransferCmd
                0x08002350       0x38 Example THUMB Debug/stm32f2xx_adc.o
                0x08002350                ADC_DMARequestAfterLastTransferCmd
 .text.DMA_DeInit
                0x08002388      0x1a4 Example THUMB Debug/stm32f2xx_dma.o
                0x08002388                DMA_DeInit
 .text.DMA_Init
                0x0800252c       0xac Example THUMB Debug/stm32f2xx_dma.o
                0x0800252c                DMA_Init
 .text.DMA_StructInit
                0x080025d8       0x6c Example THUMB Debug/stm32f2xx_dma.o
                0x080025d8                DMA_StructInit
 .text.DMA_Cmd  0x08002644       0x38 Example THUMB Debug/stm32f2xx_dma.o
                0x08002644                DMA_Cmd
 .text.DMA_SetCurrDataCounter
                0x0800267c       0x1c Example THUMB Debug/stm32f2xx_dma.o
                0x0800267c                DMA_SetCurrDataCounter
 .text.DMA_GetCurrDataCounter
                0x08002698       0x1c Example THUMB Debug/stm32f2xx_dma.o
                0x08002698                DMA_GetCurrDataCounter
 .text.DMA_DoubleBufferModeConfig
                0x080026b4       0x3c Example THUMB Debug/stm32f2xx_dma.o
                0x080026b4                DMA_DoubleBufferModeConfig
 .text.DMA_DoubleBufferModeCmd
                0x080026f0       0x38 Example THUMB Debug/stm32f2xx_dma.o
                0x080026f0                DMA_DoubleBufferModeCmd
 .text.DMA_GetCurrentMemoryTarget
                0x08002728       0x30 Example THUMB Debug/stm32f2xx_dma.o
                0x08002728                DMA_GetCurrentMemoryTarget
 .text.DMA_GetCmdStatus
                0x08002758       0x30 Example THUMB Debug/stm32f2xx_dma.o
                0x08002758                DMA_GetCmdStatus
 .text.DMA_ClearFlag
                0x08002788       0x5c Example THUMB Debug/stm32f2xx_dma.o
                0x08002788                DMA_ClearFlag
 .text.DMA_ITConfig
                0x080027e4       0x74 Example THUMB Debug/stm32f2xx_dma.o
                0x080027e4                DMA_ITConfig
 .text.EXTI_Init
                0x08002858       0xdc Example THUMB Debug/stm32f2xx_exti.o
                0x08002858                EXTI_Init
 .text.GPIO_Init
                0x08002934      0x11c Example THUMB Debug/stm32f2xx_gpio.o
                0x08002934                GPIO_Init
 .text.GPIO_StructInit
                0x08002a50       0x34 Example THUMB Debug/stm32f2xx_gpio.o
                0x08002a50                GPIO_StructInit
 .text.GPIO_SetBits
                0x08002a84       0x1c Example THUMB Debug/stm32f2xx_gpio.o
                0x08002a84                GPIO_SetBits
 .text.GPIO_ResetBits
                0x08002aa0       0x1c Example THUMB Debug/stm32f2xx_gpio.o
                0x08002aa0                GPIO_ResetBits
 .text.GPIO_PinAFConfig
                0x08002abc       0x8c Example THUMB Debug/stm32f2xx_gpio.o
                0x08002abc                GPIO_PinAFConfig
 .text.I2C_GenerateSTART
                0x08002b48       0x40 Example THUMB Debug/stm32f2xx_i2c.o
                0x08002b48                I2C_GenerateSTART
 .text.I2C_GenerateSTOP
                0x08002b88       0x40 Example THUMB Debug/stm32f2xx_i2c.o
                0x08002b88                I2C_GenerateSTOP
 .text.I2C_Send7bitAddress
                0x08002bc8       0x3c Example THUMB Debug/stm32f2xx_i2c.o
                0x08002bc8                I2C_Send7bitAddress
 .text.I2C_SendData
                0x08002c04       0x20 Example THUMB Debug/stm32f2xx_i2c.o
                0x08002c04                I2C_SendData
 .text.I2C_DMACmd
                0x08002c24       0x40 Example THUMB Debug/stm32f2xx_i2c.o
                0x08002c24                I2C_DMACmd
 .text.I2C_DMALastTransferCmd
                0x08002c64       0x40 Example THUMB Debug/stm32f2xx_i2c.o
                0x08002c64                I2C_DMALastTransferCmd
 .text.I2C_ITConfig
                0x08002ca4       0x48 Example THUMB Debug/stm32f2xx_i2c.o
                0x08002ca4                I2C_ITConfig
 .text.I2C_GetLastEvent
                0x08002cec       0x44 Example THUMB Debug/stm32f2xx_i2c.o
                0x08002cec                I2C_GetLastEvent
 .text.IWDG_ReloadCounter
                0x08002d30       0x18 Example THUMB Debug/stm32f2xx_iwdg.o
                0x08002d30                IWDG_ReloadCounter
 .text.RCC_GetClocksFreq
                0x08002d48      0x154 Example THUMB Debug/stm32f2xx_rcc.o
                0x08002d48                RCC_GetClocksFreq
 .text.RCC_AHB1PeriphClockCmd
                0x08002e9c       0x3c Example THUMB Debug/stm32f2xx_rcc.o
                0x08002e9c                RCC_AHB1PeriphClockCmd
 .text.RCC_AHB2PeriphClockCmd
                0x08002ed8       0x3c Example THUMB Debug/stm32f2xx_rcc.o
                0x08002ed8                RCC_AHB2PeriphClockCmd
 .text.RCC_AHB3PeriphClockCmd
                0x08002f14       0x3c Example THUMB Debug/stm32f2xx_rcc.o
                0x08002f14                RCC_AHB3PeriphClockCmd
 .text.RCC_APB1PeriphClockCmd
                0x08002f50       0x3c Example THUMB Debug/stm32f2xx_rcc.o
                0x08002f50                RCC_APB1PeriphClockCmd
 .text.RCC_APB2PeriphClockCmd
                0x08002f8c       0x3c Example THUMB Debug/stm32f2xx_rcc.o
                0x08002f8c                RCC_APB2PeriphClockCmd
 .text.RCC_APB1PeriphResetCmd
                0x08002fc8       0x3c Example THUMB Debug/stm32f2xx_rcc.o
                0x08002fc8                RCC_APB1PeriphResetCmd
 .text.TIM_TimeBaseInit
                0x08003004       0xd4 Example THUMB Debug/stm32f2xx_tim.o
                0x08003004                TIM_TimeBaseInit
 .text.TIM_TimeBaseStructInit
                0x080030d8       0x34 Example THUMB Debug/stm32f2xx_tim.o
                0x080030d8                TIM_TimeBaseStructInit
 .text.TIM_SetAutoreload
                0x0800310c       0x1c Example THUMB Debug/stm32f2xx_tim.o
                0x0800310c                TIM_SetAutoreload
 .text.TIM_ARRPreloadConfig
                0x08003128       0x40 Example THUMB Debug/stm32f2xx_tim.o
                0x08003128                TIM_ARRPreloadConfig
 .text.TIM_Cmd  0x08003168       0x40 Example THUMB Debug/stm32f2xx_tim.o
                0x08003168                TIM_Cmd
 .text.TIM_OC1Init
                0x080031a8       0xf4 Example THUMB Debug/stm32f2xx_tim.o
                0x080031a8                TIM_OC1Init
 .text.TIM_OC2Init
                0x0800329c      0x110 Example THUMB Debug/stm32f2xx_tim.o
                0x0800329c                TIM_OC2Init
 .text.TIM_OCStructInit
                0x080033ac       0x44 Example THUMB Debug/stm32f2xx_tim.o
                0x080033ac                TIM_OCStructInit
 .text.TIM_SetCompare1
                0x080033f0       0x1c Example THUMB Debug/stm32f2xx_tim.o
                0x080033f0                TIM_SetCompare1
 .text.TIM_SetCompare2
                0x0800340c       0x1c Example THUMB Debug/stm32f2xx_tim.o
                0x0800340c                TIM_SetCompare2
 .text.TIM_OC1PreloadConfig
                0x08003428       0x38 Example THUMB Debug/stm32f2xx_tim.o
                0x08003428                TIM_OC1PreloadConfig
 .text.TIM_OC2PreloadConfig
                0x08003460       0x3c Example THUMB Debug/stm32f2xx_tim.o
                0x08003460                TIM_OC2PreloadConfig
 .text.TIM_EncoderInterfaceConfig
                0x0800349c       0x8c Example THUMB Debug/stm32f2xx_tim.o
                0x0800349c                TIM_EncoderInterfaceConfig
 .text.USART_Init
                0x08003528      0x174 Example THUMB Debug/stm32f2xx_usart.o
                0x08003528                USART_Init
 .text.USART_StructInit
                0x0800369c       0x38 Example THUMB Debug/stm32f2xx_usart.o
                0x0800369c                USART_StructInit
 .text.USART_Cmd
                0x080036d4       0x40 Example THUMB Debug/stm32f2xx_usart.o
                0x080036d4                USART_Cmd
 .text.USART_OverSampling8Cmd
                0x08003714       0x44 Example THUMB Debug/stm32f2xx_usart.o
                0x08003714                USART_OverSampling8Cmd
 .text.USART_DMACmd
                0x08003758       0x48 Example THUMB Debug/stm32f2xx_usart.o
                0x08003758                USART_DMACmd
 .text.USART_ITConfig
                0x080037a0       0x90 Example THUMB Debug/stm32f2xx_usart.o
                0x080037a0                USART_ITConfig
 .text.USART_ClearFlag
                0x08003830       0x20 Example THUMB Debug/stm32f2xx_usart.o
                0x08003830                USART_ClearFlag
 .text.libc.__int32_to_float32
                0x08003850       0x30 /Applications/CrossWorks for ARM 3.3/lib/libm_v7m_t_le_eabi.a(libm_asm.o)
                0x08003850                __aeabi_i2f
                0x08003850                __int32_to_float32
                0x08003850                __floatsisf
                0x08003860                __int32_to_float32_common
 .text.libc.__int32_to_float64
                0x08003880       0x30 /Applications/CrossWorks for ARM 3.3/lib/libm_v7m_t_le_eabi.a(libm_asm.o)
                0x08003880                __floatsidf
                0x08003880                __aeabi_i2d
                0x08003880                __int32_to_float64
 .text.libc.__uint32_to_float64
                0x080038b0       0x24 /Applications/CrossWorks for ARM 3.3/lib/libm_v7m_t_le_eabi.a(libm_asm.o)
                0x080038b0                __uint32_to_float64
                0x080038b0                __aeabi_ui2d
                0x080038b0                __floatunsidf
 .text.libc.__float32_to_int32
                0x080038d4       0x40 /Applications/CrossWorks for ARM 3.3/lib/libm_v7m_t_le_eabi.a(libm_asm.o)
                0x080038d4                __fixsfsi
                0x080038d4                __float32_to_int32
                0x080038d4                __aeabi_f2iz
 .text.libc.__float64_to_uint32
                0x08003914       0x2c /Applications/CrossWorks for ARM 3.3/lib/libm_v7m_t_le_eabi.a(libm_asm.o)
                0x08003914                __fixunsdfsi
                0x08003914                __aeabi_d2uiz
                0x08003914                __float64_to_uint32
 .text.libc.__float32_add
                0x08003940      0x138 /Applications/CrossWorks for ARM 3.3/lib/libm_v7m_t_le_eabi.a(libm_asm.o)
                0x08003940                __aeabi_frsub
                0x08003948                __subsf3
                0x08003948                __float32_sub
                0x08003948                __aeabi_fsub
                0x0800394c                __aeabi_fadd
                0x0800394c                __addsf3
                0x0800394c                __float32_add
 .text.libc.__float32_mul
                0x08003a78       0xd4 /Applications/CrossWorks for ARM 3.3/lib/libm_v7m_t_le_eabi.a(libm_asm.o)
                0x08003a78                __float32_mul
                0x08003a78                __mulsf3
                0x08003a78                __aeabi_fmul
 .text.libc.__aeabi_fcmplt
                0x08003b4c       0x30 /Applications/CrossWorks for ARM 3.3/lib/libm_v7m_t_le_eabi.a(libm_asm.o)
                0x08003b4c                __aeabi_fcmplt
 .text.libc.__aeabi_fcmpgt
                0x08003b7c       0x30 /Applications/CrossWorks for ARM 3.3/lib/libm_v7m_t_le_eabi.a(libm_asm.o)
                0x08003b7c                __aeabi_fcmpgt
 .text.libc.__float64_add
                0x08003bac      0x294 /Applications/CrossWorks for ARM 3.3/lib/libm_v7m_t_le_eabi.a(libm_asm.o)
                0x08003bac                __aeabi_drsub
                0x08003bb4                __float64_sub
                0x08003bb4                __aeabi_dsub
                0x08003bb4                __subdf3
                0x08003bb8                __aeabi_dadd
                0x08003bb8                __float64_add
                0x08003bb8                __adddf3
 .text.libc.__float64_mul
                0x08003e40      0x16c /Applications/CrossWorks for ARM 3.3/lib/libm_v7m_t_le_eabi.a(libm_asm.o)
                0x08003e40                __aeabi_dmul
                0x08003e40                __float64_mul
                0x08003e40                __muldf3
 .text.libc.__float64_div
                0x08003fac      0x214 /Applications/CrossWorks for ARM 3.3/lib/libm_v7m_t_le_eabi.a(libm_asm.o)
                0x08003fac                __aeabi_ddiv
                0x08003fac                __divdf3
                0x08003fac                __float64_div
 .text.libc.memmove
                0x080041c0       0x38 /Applications/CrossWorks for ARM 3.3/lib/libc_v7m_t_le_eabi.a(libc2.o)
                0x080041c0                memmove
                0x080041c0                __aeabi_memmove8
                0x080041c0                __aeabi_memmove
                0x080041c0                __aeabi_memmove4
 .text.libc.memset
                0x080041f8       0x60 /Applications/CrossWorks for ARM 3.3/lib/libc_v7m_t_le_eabi.a(libc2_asm.o)
                0x080041f8                memset
                0x08004258                __text_end__ = (__text_start__ + SIZEOF (.text))
                0x00003ea4                __text_size__ = SIZEOF (.text)
                0x08004258                __text_load_end__ = __text_end__

.vfp11_veneer   0x00000000        0x0
 .vfp11_veneer  0x00000000        0x0 linker stubs

.v4_bx          0x00000000        0x0
 .v4_bx         0x00000000        0x0 linker stubs

.iplt           0x00000000        0x0
 .iplt          0x00000000        0x0 Example THUMB Debug/system_stm32f2xx.o
                0x00000001                . = ASSERT (((__text_start__ == __text_end__) || ((__text_end__ >= __FLASH_segment_start__) && (__text_end__ <= __FLASH_segment_end__))), error: .text is too large to fit in FLASH memory segment)
                0x08004258                __dtors_load_start__ = ALIGN (__text_end__, 0x4)

.dtors          0x08004258        0x0
                0x08004258                __dtors_start__ = .
 *(SORT(.dtors.*))
 *(.dtors)
 *(.fini_array)
 *(SORT(.fini_array.*))
                0x08004258                __dtors_end__ = (__dtors_start__ + SIZEOF (.dtors))
                0x00000000                __dtors_size__ = SIZEOF (.dtors)
                0x08004258                __dtors_load_end__ = __dtors_end__
                0x00000001                . = ASSERT (((__dtors_start__ == __dtors_end__) || ((__dtors_end__ >= __FLASH_segment_start__) && (__dtors_end__ <= __FLASH_segment_end__))), error: .dtors is too large to fit in FLASH memory segment)
                0x08004258                __ctors_load_start__ = ALIGN (__dtors_end__, 0x4)

.ctors          0x08004258        0x4
                0x08004258                __ctors_start__ = .
 *(SORT(.ctors.*))
 *(.ctors)
 *(.init_array)
 .init_array    0x08004258        0x4 Example THUMB Debug/module.o
 *(SORT(.init_array.*))
                0x0800425c                __ctors_end__ = (__ctors_start__ + SIZEOF (.ctors))
                0x00000004                __ctors_size__ = SIZEOF (.ctors)
                0x0800425c                __ctors_load_end__ = __ctors_end__
                0x00000001                . = ASSERT (((__ctors_start__ == __ctors_end__) || ((__ctors_end__ >= __FLASH_segment_start__) && (__ctors_end__ <= __FLASH_segment_end__))), error: .ctors is too large to fit in FLASH memory segment)
                0x0800425c                __rodata_load_start__ = ALIGN (__ctors_end__, 0x4)

.rodata         0x0800425c      0x214
                0x0800425c                __rodata_start__ = .
 *(.rodata .rodata.* .gnu.linkonce.r.*)
 *fill*         0x0800425c        0x4 
 .rodata._ZTV6Module
                0x08004260       0x58 Example THUMB Debug/module.o
                0x08004260                vtable for Module
 .rodata._ZTV12serialdriver
                0x080042b8       0x58 Example THUMB Debug/module.o
                0x080042b8                vtable for serialdriver
 .rodata._ZTV7Encoder
                0x08004310       0x58 Example THUMB Debug/module.o
                0x08004310                vtable for Encoder
 .rodata._ZTV14FtdiComsDriver
                0x08004368       0x58 Example THUMB Debug/ftdicomsdriver.o
                0x08004368                vtable for FtdiComsDriver
 .rodata._ZTV17InterruptTemplate
                0x080043c0       0x58 Example THUMB Debug/InterruptTemplate.o
                0x080043c0                vtable for InterruptTemplate
 .rodata._ZTV13MPU9150Driver
                0x08004418       0x58 Example THUMB Debug/MPU9150Driver.o
                0x08004418                vtable for MPU9150Driver
                0x08004470                __rodata_end__ = (__rodata_start__ + SIZEOF (.rodata))
                0x00000214                __rodata_size__ = SIZEOF (.rodata)
                0x08004470                __rodata_load_end__ = __rodata_end__

.rel.dyn        0x08000000        0x0
 .rel.iplt      0x00000000        0x0 Example THUMB Debug/system_stm32f2xx.o
                0x00000001                . = ASSERT (((__rodata_start__ == __rodata_end__) || ((__rodata_end__ >= __FLASH_segment_start__) && (__rodata_end__ <= __FLASH_segment_end__))), error: .rodata is too large to fit in FLASH memory segment)
                0x08004470                __ARM.exidx_load_start__ = ALIGN (__rodata_end__, 0x4)

.ARM.exidx      0x08004470        0x0
                0x08004470                __ARM.exidx_start__ = .
                0x08004470                __exidx_start = __ARM.exidx_start__
 *(.ARM.exidx .ARM.exidx.*)
                0x08004470                __ARM.exidx_end__ = (__ARM.exidx_start__ + SIZEOF (.ARM.exidx))
                0x00000000                __ARM.exidx_size__ = SIZEOF (.ARM.exidx)
                0x08004470                __exidx_end = __ARM.exidx_end__
                0x08004470                __ARM.exidx_load_end__ = __ARM.exidx_end__
                0x00000001                . = ASSERT (((__ARM.exidx_start__ == __ARM.exidx_end__) || ((__ARM.exidx_end__ >= __FLASH_segment_start__) && (__ARM.exidx_end__ <= __FLASH_segment_end__))), error: .ARM.exidx is too large to fit in FLASH memory segment)
                0x08004470                __fast_load_start__ = ALIGN (__ARM.exidx_end__, 0x4)

.fast           0x20000000        0x0 load address 0x08004470
                0x20000000                __fast_start__ = .
 *(.fast .fast.*)
                0x20000000                __fast_end__ = (__fast_start__ + SIZEOF (.fast))
                0x00000000                __fast_size__ = SIZEOF (.fast)
                0x08004470                __fast_load_end__ = (__fast_load_start__ + SIZEOF (.fast))
                0x00000001                . = ASSERT (((__fast_load_start__ == __fast_load_end__) || ((__fast_load_end__ >= __FLASH_segment_start__) && (__fast_load_end__ <= __FLASH_segment_end__))), error: .fast is too large to fit in FLASH memory segment)

.fast_run       0x20000000        0x0
                0x20000000                __fast_run_start__ = .
                0x20000000                . = MAX ((__fast_run_start__ + SIZEOF (.fast)), .)
                0x20000000                __fast_run_end__ = (__fast_run_start__ + SIZEOF (.fast_run))
                0x00000000                __fast_run_size__ = SIZEOF (.fast_run)
                0x20000000                __fast_run_load_end__ = __fast_run_end__
                0x00000001                . = ASSERT (((__fast_run_start__ == __fast_run_end__) || ((__fast_run_end__ >= __RAM_segment_start__) && (__fast_run_end__ <= __RAM_segment_end__))), error: .fast_run is too large to fit in RAM memory segment)
                0x08004470                __data_load_start__ = ALIGN ((__fast_load_start__ + SIZEOF (.fast)), 0x4)

.data           0x20000000       0x1c load address 0x08004470
                0x20000000                __data_start__ = .
 *(.data .data.* .gnu.linkonce.d.*)
 .data._ZN6Module10m_nPwmFreqE
                0x20000000        0x4 Example THUMB Debug/module.o
                0x20000000                Module::m_nPwmFreq
 .data._ZN6Module9m_nPwmMinE
                0x20000004        0x2 Example THUMB Debug/module.o
                0x20000004                Module::m_nPwmMin
 .data._ZN6Module9m_nPwmMaxE
                0x20000006        0x2 Example THUMB Debug/module.o
                0x20000006                Module::m_nPwmMax
 .data._ZN6Module12acc_MaxRangeE
                0x20000008        0x2 Example THUMB Debug/module.o
                0x20000008                Module::acc_MaxRange
 .data._ZN6Module12acc_MinRangeE
                0x2000000a        0x2 Example THUMB Debug/module.o
                0x2000000a                Module::acc_MinRange
 .data.APBAHBPrescTable
                0x2000000c       0x10 Example THUMB Debug/stm32f2xx_rcc.o
                0x2000001c                __data_end__ = (__data_start__ + SIZEOF (.data))
                0x0000001c                __data_size__ = SIZEOF (.data)
                0x0800448c                __data_load_end__ = (__data_load_start__ + SIZEOF (.data))

.igot.plt       0x00000000        0x0
 .igot.plt      0x00000000        0x0 Example THUMB Debug/system_stm32f2xx.o
                0x00000001                . = ASSERT (((__data_load_start__ == __data_load_end__) || ((__data_load_end__ >= __FLASH_segment_start__) && (__data_load_end__ <= __FLASH_segment_end__))), error: .data is too large to fit in FLASH memory segment)

.data_run       0x20000000       0x1c load address 0x08004470
                0x20000000                __data_run_start__ = .
                0x2000001c                . = MAX ((__data_run_start__ + SIZEOF (.data)), .)
 *fill*         0x20000000       0x1c 
                0x2000001c                __data_run_end__ = (__data_run_start__ + SIZEOF (.data_run))
                0x0000001c                __data_run_size__ = SIZEOF (.data_run)
                0x2000001c                __data_run_load_end__ = __data_run_end__
                0x00000001                . = ASSERT (((__data_run_start__ == __data_run_end__) || ((__data_run_end__ >= __RAM_segment_start__) && (__data_run_end__ <= __RAM_segment_end__))), error: .data_run is too large to fit in RAM memory segment)
                0x0800448c                __tdata_load_start__ = ALIGN ((__data_load_start__ + SIZEOF (.data)), 0x4)

.tdata          0x2000001c        0x0 load address 0x0800448c
                0x2000001c                __tdata_start__ = .
 *(.tdata .tdata.*)
                0x2000001c                __tdata_end__ = (__tdata_start__ + SIZEOF (.tdata))
                0x00000000                __tdata_size__ = SIZEOF (.tdata)
                0x0800448c                __tdata_load_end__ = (__tdata_load_start__ + SIZEOF (.tdata))
                0x0800448c                __FLASH_segment_used_end__ = (ALIGN ((__data_load_start__ + SIZEOF (.data)), 0x4) + SIZEOF (.tdata))
                0x0000448c                __FLASH_segment_used_size__ = (__FLASH_segment_used_end__ - __FLASH_segment_start__)
                0x00000001                . = ASSERT (((__tdata_load_start__ == __tdata_load_end__) || ((__tdata_load_end__ >= __FLASH_segment_start__) && (__tdata_load_end__ <= __FLASH_segment_end__))), error: .tdata is too large to fit in FLASH memory segment)

.tdata_run      0x2000001c        0x0
                0x2000001c                __tdata_run_start__ = .
                0x2000001c                . = MAX ((__tdata_run_start__ + SIZEOF (.tdata)), .)
                0x2000001c                __tdata_run_end__ = (__tdata_run_start__ + SIZEOF (.tdata_run))
                0x00000000                __tdata_run_size__ = SIZEOF (.tdata_run)
                0x2000001c                __tdata_run_load_end__ = __tdata_run_end__
                0x00000001                . = ASSERT (((__tdata_run_start__ == __tdata_run_end__) || ((__tdata_run_end__ >= __RAM_segment_start__) && (__tdata_run_end__ <= __RAM_segment_end__))), error: .tdata_run is too large to fit in RAM memory segment)
                0x2000001c                __bss_load_start__ = ALIGN (__tdata_run_end__, 0x4)

.bss            0x2000001c       0x24
                0x2000001c                __bss_start__ = .
 *(.bss .bss.* .gnu.linkonce.b.*)
 .bss._ZL11TimingDelay
                0x2000001c        0x4 Example THUMB Debug/main.o
 .bss._ZN6Module12m_nPwmPeriodE
                0x20000020        0x2 Example THUMB Debug/module.o
                0x20000020                Module::m_nPwmPeriod
 .bss._ZN6Module9m_nPwmMidE
                0x20000022        0x2 Example THUMB Debug/module.o
                0x20000022                Module::m_nPwmMid
 .bss.ADC1ConvertedValue
                0x20000024        0xc Example THUMB Debug/module.o
                0x20000024                ADC1ConvertedValue
 .bss._ZN17InterruptTemplate21g_handlersDma1Stream1E
                0x20000030        0x8 Example THUMB Debug/InterruptTemplate.o
                0x20000030                InterruptTemplate::g_handlersDma1Stream1
 .bss._ZN17InterruptTemplate21g_handlersDma1Stream4E
                0x20000038        0x8 Example THUMB Debug/InterruptTemplate.o
                0x20000038                InterruptTemplate::g_handlersDma1Stream4
 *(COMMON)
                0x20000040                __bss_end__ = (__bss_start__ + SIZEOF (.bss))
                0x00000024                __bss_size__ = SIZEOF (.bss)
                0x20000040                __bss_load_end__ = __bss_end__
                0x00000001                . = ASSERT (((__bss_start__ == __bss_end__) || ((__bss_end__ >= __RAM_segment_start__) && (__bss_end__ <= __RAM_segment_end__))), error: .bss is too large to fit in RAM memory segment)
                0x20000040                __tbss_load_start__ = ALIGN (__bss_end__, 0x4)

.tbss           0x20000040        0x0
                0x20000040                __tbss_start__ = .
 *(.tbss .tbss.*)
                0x20000040                __tbss_end__ = (__tbss_start__ + SIZEOF (.tbss))
                0x00000000                __tbss_size__ = SIZEOF (.tbss)
                0x20000040                __tbss_load_end__ = __tbss_end__
                0x00000001                . = ASSERT (((__tbss_start__ == __tbss_end__) || ((__tbss_end__ >= __RAM_segment_start__) && (__tbss_end__ <= __RAM_segment_end__))), error: .tbss is too large to fit in RAM memory segment)
                0x20000040                __non_init_load_start__ = ALIGN (__tbss_end__, 0x4)

.non_init       0x20000040        0x0
                0x20000040                __non_init_start__ = .
 *(.non_init .non_init.*)
                0x20000040                __non_init_end__ = (__non_init_start__ + SIZEOF (.non_init))
                0x00000000                __non_init_size__ = SIZEOF (.non_init)
                0x20000040                __non_init_load_end__ = __non_init_end__
                0x00000001                . = ASSERT (((__non_init_start__ == __non_init_end__) || ((__non_init_end__ >= __RAM_segment_start__) && (__non_init_end__ <= __RAM_segment_end__))), error: .non_init is too large to fit in RAM memory segment)
                0x20000040                __heap_load_start__ = ALIGN (__non_init_end__, 0x4)

.heap           0x20000040      0xfd0
                0x20000040                __heap_start__ = .
 *(.heap .heap.*)
                0x20001010                . = ALIGN (MAX ((__heap_start__ + __HEAPSIZE__), .), 0x4)
 *fill*         0x20000040      0xfd0 
                0x20001010                __heap_end__ = (__heap_start__ + SIZEOF (.heap))
                0x00000fd0                __heap_size__ = SIZEOF (.heap)
                0x20001010                __heap_load_end__ = __heap_end__
                0x00000001                . = ASSERT (((__heap_start__ == __heap_end__) || ((__heap_end__ >= __RAM_segment_start__) && (__heap_end__ <= __RAM_segment_end__))), error: .heap is too large to fit in RAM memory segment)
                0x20001010                __stack_load_start__ = ALIGN (__heap_end__, 0x8)

.stack          0x20001010      0xfd0
                0x20001010                __stack_start__ = .
 *(.stack .stack.*)
                0x20001fe0                . = ALIGN (MAX ((__stack_start__ + __STACKSIZE__), .), 0x8)
 *fill*         0x20001010      0xfd0 
                0x20001fe0                __stack_end__ = (__stack_start__ + SIZEOF (.stack))
                0x00000fd0                __stack_size__ = SIZEOF (.stack)
                0x20001fe0                __stack_load_end__ = __stack_end__
                0x00000001                . = ASSERT (((__stack_start__ == __stack_end__) || ((__stack_end__ >= __RAM_segment_start__) && (__stack_end__ <= __RAM_segment_end__))), error: .stack is too large to fit in RAM memory segment)
                0x20001fe0                __stack_process_load_start__ = ALIGN (__stack_end__, 0x8)

.stack_process  0x20001fe0      0xfd0
                0x20001fe0                __stack_process_start__ = .
 *(.stack_process .stack_process.*)
                0x20002fb0                . = ALIGN (MAX ((__stack_process_start__ + __STACKSIZE_PROCESS__), .), 0x8)
 *fill*         0x20001fe0      0xfd0 
                0x20002fb0                __stack_process_end__ = (__stack_process_start__ + SIZEOF (.stack_process))
                0x00000fd0                __stack_process_size__ = SIZEOF (.stack_process)
                0x20002fb0                __stack_process_load_end__ = __stack_process_end__
                0x20002fb0                __RAM_segment_used_end__ = (ALIGN (__stack_end__, 0x8) + SIZEOF (.stack_process))
                0x00002fb0                __RAM_segment_used_size__ = (__RAM_segment_used_end__ - __RAM_segment_start__)
                0x00000001                . = ASSERT (((__stack_process_start__ == __stack_process_end__) || ((__stack_process_end__ >= __RAM_segment_start__) && (__stack_process_end__ <= __RAM_segment_end__))), error: .stack_process is too large to fit in RAM memory segment)
START GROUP
LOAD Example THUMB Debug/system_stm32f2xx.o
LOAD Example THUMB Debug/main.o
LOAD Example THUMB Debug/module.o
LOAD Example THUMB Debug/ShaftEncoder.o
LOAD Example THUMB Debug/mathRoutines.o
LOAD Example THUMB Debug/matrix.o
LOAD Example THUMB Debug/vector.o
LOAD Example THUMB Debug/VNH3SP30TRdriver.o
LOAD Example THUMB Debug/ftdicomsdriver.o
LOAD Example THUMB Debug/InterruptTemplate.o
LOAD Example THUMB Debug/stm32f2xx_it.o
LOAD Example THUMB Debug/Utils.o
LOAD Example THUMB Debug/MPU9150Driver.o
LOAD Example THUMB Debug/MPU9150driverDMA.o
LOAD Example THUMB Debug/USART3DMA.o
LOAD Example THUMB Debug/misc.o
LOAD Example THUMB Debug/stm32f2xx_adc.o
LOAD Example THUMB Debug/stm32f2xx_can.o
LOAD Example THUMB Debug/stm32f2xx_crc.o
LOAD Example THUMB Debug/stm32f2xx_cryp.o
LOAD Example THUMB Debug/stm32f2xx_cryp_aes.o
LOAD Example THUMB Debug/stm32f2xx_cryp_des.o
LOAD Example THUMB Debug/stm32f2xx_cryp_tdes.o
LOAD Example THUMB Debug/stm32f2xx_dac.o
LOAD Example THUMB Debug/stm32f2xx_dbgmcu.o
LOAD Example THUMB Debug/stm32f2xx_dcmi.o
LOAD Example THUMB Debug/stm32f2xx_dma.o
LOAD Example THUMB Debug/stm32f2xx_exti.o
LOAD Example THUMB Debug/stm32f2xx_flash.o
LOAD Example THUMB Debug/stm32f2xx_fsmc.o
LOAD Example THUMB Debug/stm32f2xx_gpio.o
LOAD Example THUMB Debug/stm32f2xx_hash.o
LOAD Example THUMB Debug/stm32f2xx_hash_md5.o
LOAD Example THUMB Debug/stm32f2xx_hash_sha1.o
LOAD Example THUMB Debug/stm32f2xx_i2c.o
LOAD Example THUMB Debug/stm32f2xx_iwdg.o
LOAD Example THUMB Debug/stm32f2xx_pwr.o
LOAD Example THUMB Debug/stm32f2xx_rcc.o
LOAD Example THUMB Debug/stm32f2xx_rng.o
LOAD Example THUMB Debug/stm32f2xx_rtc.o
LOAD Example THUMB Debug/stm32f2xx_sdio.o
LOAD Example THUMB Debug/stm32f2xx_spi.o
LOAD Example THUMB Debug/stm32f2xx_syscfg.o
LOAD Example THUMB Debug/stm32f2xx_tim.o
LOAD Example THUMB Debug/stm32f2xx_usart.o
LOAD Example THUMB Debug/stm32f2xx_wwdg.o
LOAD Example THUMB Debug/stm322xg_eval.o
LOAD Example THUMB Debug/stm322xg_eval_lcd.o
LOAD Example THUMB Debug/thumb_crt0.o
LOAD Example THUMB Debug/STM32_Startup.o
LOAD /Applications/CrossWorks for ARM 3.3/lib/libcm_v7m_t_le_eabi.a
LOAD /Applications/CrossWorks for ARM 3.3/lib/libdebugio_mempoll_v7m_t_le_eabi.a
LOAD /Applications/CrossWorks for ARM 3.3/lib/libm_v7m_t_le_eabi.a
LOAD /Applications/CrossWorks for ARM 3.3/lib/libc_v7m_t_le_eabi.a
LOAD /Applications/CrossWorks for ARM 3.3/lib/libcpp_v7m_t_le_eabi.a
LOAD /Applications/CrossWorks for ARM 3.3/lib/libdebugio_v7m_t_le_eabi.a
LOAD /Applications/CrossWorks for ARM 3.3/lib/lib_vfprintf_float_long_long_v7m_t_le_eabi.a
LOAD /Applications/CrossWorks for ARM 3.3/lib/lib_vfscanf_float_long_long_cc_v7m_t_le_eabi.a
LOAD /Applications/CrossWorks for ARM 3.3/lib/libc_user_libc_v7m_t_le_eabi.a
END GROUP
OUTPUT(Example THUMB Debug/Example.elf elf32-littlearm)

.debug_frame    0x00000000     0x7b60
 .debug_frame   0x00000000       0x84 Example THUMB Debug/system_stm32f2xx.o
 .debug_frame   0x00000084       0xd8 Example THUMB Debug/main.o
 .debug_frame   0x0000015c      0x4a0 Example THUMB Debug/module.o
 .debug_frame   0x000005fc       0x90 Example THUMB Debug/ShaftEncoder.o
 .debug_frame   0x0000068c       0xf0 Example THUMB Debug/VNH3SP30TRdriver.o
 .debug_frame   0x0000077c      0x310 Example THUMB Debug/ftdicomsdriver.o
 .debug_frame   0x00000a8c      0x6c4 Example THUMB Debug/InterruptTemplate.o
 .debug_frame   0x00001150      0x134 Example THUMB Debug/stm32f2xx_it.o
 .debug_frame   0x00001284       0x3c Example THUMB Debug/Utils.o
 .debug_frame   0x000012c0      0x1f4 Example THUMB Debug/MPU9150Driver.o
 .debug_frame   0x000014b4       0xd8 Example THUMB Debug/misc.o
 .debug_frame   0x0000158c      0x5f4 Example THUMB Debug/stm32f2xx_adc.o
 .debug_frame   0x00001b80      0x308 Example THUMB Debug/stm32f2xx_dma.o
 .debug_frame   0x00001e88      0x148 Example THUMB Debug/stm32f2xx_exti.o
 .debug_frame   0x00001fd0      0x244 Example THUMB Debug/stm32f2xx_gpio.o
 .debug_frame   0x00002214      0x540 Example THUMB Debug/stm32f2xx_i2c.o
 .debug_frame   0x00002754       0xf0 Example THUMB Debug/stm32f2xx_iwdg.o
 .debug_frame   0x00002844      0x6dc Example THUMB Debug/stm32f2xx_rcc.o
 .debug_frame   0x00002f20      0xe8c Example THUMB Debug/stm32f2xx_tim.o
 .debug_frame   0x00003dac      0x4a0 Example THUMB Debug/stm32f2xx_usart.o
 .debug_frame   0x0000424c      0x440 /Applications/CrossWorks for ARM 3.3/lib/libm_v7m_t_le_eabi.a(libm_asm.o)
 .debug_frame   0x0000468c     0x3424 /Applications/CrossWorks for ARM 3.3/lib/libc_v7m_t_le_eabi.a(libc2.o)
 .debug_frame   0x00007ab0       0xb0 /Applications/CrossWorks for ARM 3.3/lib/libc_v7m_t_le_eabi.a(libc2_asm.o)

.debug_info     0x00000000     0xfa86
 .debug_info    0x00000000      0x52d Example THUMB Debug/system_stm32f2xx.o
 .debug_info    0x0000052d      0x77c Example THUMB Debug/main.o
 .debug_info    0x00000ca9     0x1c01 Example THUMB Debug/module.o
 .debug_info    0x000028aa      0x776 Example THUMB Debug/ShaftEncoder.o
 .debug_info    0x00003020      0xa19 Example THUMB Debug/VNH3SP30TRdriver.o
 .debug_info    0x00003a39     0x1fce Example THUMB Debug/ftdicomsdriver.o
 .debug_info    0x00005a07      0xe24 Example THUMB Debug/InterruptTemplate.o
 .debug_info    0x0000682b      0x148 Example THUMB Debug/stm32f2xx_it.o
 .debug_info    0x00006973      0x146 Example THUMB Debug/Utils.o
 .debug_info    0x00006ab9      0xfb6 Example THUMB Debug/MPU9150Driver.o
 .debug_info    0x00007a6f      0x512 Example THUMB Debug/misc.o
 .debug_info    0x00007f81      0xc02 Example THUMB Debug/stm32f2xx_adc.o
 .debug_info    0x00008b83      0x70e Example THUMB Debug/stm32f2xx_dma.o
 .debug_info    0x00009291      0x327 Example THUMB Debug/stm32f2xx_exti.o
 .debug_info    0x000095b8      0x5cf Example THUMB Debug/stm32f2xx_gpio.o
 .debug_info    0x00009b87      0xabe Example THUMB Debug/stm32f2xx_i2c.o
 .debug_info    0x0000a645      0x1d4 Example THUMB Debug/stm32f2xx_iwdg.o
 .debug_info    0x0000a819      0xc17 Example THUMB Debug/stm32f2xx_rcc.o
 .debug_info    0x0000b430     0x1c2b Example THUMB Debug/stm32f2xx_tim.o
 .debug_info    0x0000d05b      0x98c Example THUMB Debug/stm32f2xx_usart.o
 .debug_info    0x0000d9e7       0x7b Example THUMB Debug/thumb_crt0.o
 .debug_info    0x0000da62       0xad Example THUMB Debug/STM32_Startup.o
 .debug_info    0x0000db0f     0x1f77 /Applications/CrossWorks for ARM 3.3/lib/libc_v7m_t_le_eabi.a(libc2.o)

.debug_abbrev   0x00000000     0x258f
 .debug_abbrev  0x00000000      0x139 Example THUMB Debug/system_stm32f2xx.o
 .debug_abbrev  0x00000139      0x1dd Example THUMB Debug/main.o
 .debug_abbrev  0x00000316      0x442 Example THUMB Debug/module.o
 .debug_abbrev  0x00000758      0x1cc Example THUMB Debug/ShaftEncoder.o
 .debug_abbrev  0x00000924      0x26a Example THUMB Debug/VNH3SP30TRdriver.o
 .debug_abbrev  0x00000b8e      0x452 Example THUMB Debug/ftdicomsdriver.o
 .debug_abbrev  0x00000fe0      0x204 Example THUMB Debug/InterruptTemplate.o
 .debug_abbrev  0x000011e4       0x89 Example THUMB Debug/stm32f2xx_it.o
 .debug_abbrev  0x0000126d       0xdc Example THUMB Debug/Utils.o
 .debug_abbrev  0x00001349      0x2a6 Example THUMB Debug/MPU9150Driver.o
 .debug_abbrev  0x000015ef      0x148 Example THUMB Debug/misc.o
 .debug_abbrev  0x00001737      0x199 Example THUMB Debug/stm32f2xx_adc.o
 .debug_abbrev  0x000018d0      0x158 Example THUMB Debug/stm32f2xx_dma.o
 .debug_abbrev  0x00001a28      0x1a8 Example THUMB Debug/stm32f2xx_exti.o
 .debug_abbrev  0x00001bd0      0x1a6 Example THUMB Debug/stm32f2xx_gpio.o
 .debug_abbrev  0x00001d76      0x167 Example THUMB Debug/stm32f2xx_i2c.o
 .debug_abbrev  0x00001edd      0x104 Example THUMB Debug/stm32f2xx_iwdg.o
 .debug_abbrev  0x00001fe1      0x1e6 Example THUMB Debug/stm32f2xx_rcc.o
 .debug_abbrev  0x000021c7      0x18a Example THUMB Debug/stm32f2xx_tim.o
 .debug_abbrev  0x00002351      0x158 Example THUMB Debug/stm32f2xx_usart.o
 .debug_abbrev  0x000024a9       0x14 Example THUMB Debug/thumb_crt0.o
 .debug_abbrev  0x000024bd       0x14 Example THUMB Debug/STM32_Startup.o
 .debug_abbrev  0x000024d1       0xbe /Applications/CrossWorks for ARM 3.3/lib/libc_v7m_t_le_eabi.a(libc2.o)

.debug_aranges  0x00000000     0x1d98
 .debug_aranges
                0x00000000       0x30 Example THUMB Debug/system_stm32f2xx.o
 .debug_aranges
                0x00000030       0x40 Example THUMB Debug/main.o
 .debug_aranges
                0x00000070       0xf0 Example THUMB Debug/module.o
 .debug_aranges
                0x00000160       0x30 Example THUMB Debug/ShaftEncoder.o
 .debug_aranges
                0x00000190       0x40 Example THUMB Debug/VNH3SP30TRdriver.o
 .debug_aranges
                0x000001d0       0xa8 Example THUMB Debug/ftdicomsdriver.o
 .debug_aranges
                0x00000278      0x160 Example THUMB Debug/InterruptTemplate.o
 .debug_aranges
                0x000003d8       0x60 Example THUMB Debug/stm32f2xx_it.o
 .debug_aranges
                0x00000438       0x20 Example THUMB Debug/Utils.o
 .debug_aranges
                0x00000458       0x70 Example THUMB Debug/MPU9150Driver.o
 .debug_aranges
                0x000004c8       0x40 Example THUMB Debug/misc.o
 .debug_aranges
                0x00000508      0x148 Example THUMB Debug/stm32f2xx_adc.o
 .debug_aranges
                0x00000650       0xb0 Example THUMB Debug/stm32f2xx_dma.o
 .debug_aranges
                0x00000700       0x58 Example THUMB Debug/stm32f2xx_exti.o
 .debug_aranges
                0x00000758       0x88 Example THUMB Debug/stm32f2xx_gpio.o
 .debug_aranges
                0x000007e0      0x120 Example THUMB Debug/stm32f2xx_i2c.o
 .debug_aranges
                0x00000900       0x48 Example THUMB Debug/stm32f2xx_iwdg.o
 .debug_aranges
                0x00000948      0x178 Example THUMB Debug/stm32f2xx_rcc.o
 .debug_aranges
                0x00000ac0      0x2f8 Example THUMB Debug/stm32f2xx_tim.o
 .debug_aranges
                0x00000db8      0x100 Example THUMB Debug/stm32f2xx_usart.o
 .debug_aranges
                0x00000eb8       0x20 Example THUMB Debug/thumb_crt0.o
 .debug_aranges
                0x00000ed8       0x20 Example THUMB Debug/STM32_Startup.o
 .debug_aranges
                0x00000ef8      0xea0 /Applications/CrossWorks for ARM 3.3/lib/libc_v7m_t_le_eabi.a(libc2.o)

.debug_ranges   0x00000000     0x1c08
 .debug_ranges  0x00000000       0x20 Example THUMB Debug/system_stm32f2xx.o
 .debug_ranges  0x00000020       0x30 Example THUMB Debug/main.o
 .debug_ranges  0x00000050       0xe0 Example THUMB Debug/module.o
 .debug_ranges  0x00000130       0x20 Example THUMB Debug/ShaftEncoder.o
 .debug_ranges  0x00000150       0x30 Example THUMB Debug/VNH3SP30TRdriver.o
 .debug_ranges  0x00000180       0x98 Example THUMB Debug/ftdicomsdriver.o
 .debug_ranges  0x00000218      0x150 Example THUMB Debug/InterruptTemplate.o
 .debug_ranges  0x00000368       0x50 Example THUMB Debug/stm32f2xx_it.o
 .debug_ranges  0x000003b8       0x10 Example THUMB Debug/Utils.o
 .debug_ranges  0x000003c8       0x60 Example THUMB Debug/MPU9150Driver.o
 .debug_ranges  0x00000428       0x30 Example THUMB Debug/misc.o
 .debug_ranges  0x00000458      0x138 Example THUMB Debug/stm32f2xx_adc.o
 .debug_ranges  0x00000590       0xa0 Example THUMB Debug/stm32f2xx_dma.o
 .debug_ranges  0x00000630       0x48 Example THUMB Debug/stm32f2xx_exti.o
 .debug_ranges  0x00000678       0x78 Example THUMB Debug/stm32f2xx_gpio.o
 .debug_ranges  0x000006f0      0x110 Example THUMB Debug/stm32f2xx_i2c.o
 .debug_ranges  0x00000800       0x38 Example THUMB Debug/stm32f2xx_iwdg.o
 .debug_ranges  0x00000838      0x168 Example THUMB Debug/stm32f2xx_rcc.o
 .debug_ranges  0x000009a0      0x2e8 Example THUMB Debug/stm32f2xx_tim.o
 .debug_ranges  0x00000c88       0xf0 Example THUMB Debug/stm32f2xx_usart.o
 .debug_ranges  0x00000d78      0xe90 /Applications/CrossWorks for ARM 3.3/lib/libc_v7m_t_le_eabi.a(libc2.o)

.debug_macro    0x00000000    0x12c7a
 .debug_macro   0x00000000      0x183 Example THUMB Debug/system_stm32f2xx.o
 .debug_macro   0x00000183      0x88c Example THUMB Debug/system_stm32f2xx.o
 .debug_macro   0x00000a0f       0x56 Example THUMB Debug/system_stm32f2xx.o
 .debug_macro   0x00000a65       0x34 Example THUMB Debug/system_stm32f2xx.o
 .debug_macro   0x00000a99      0x188 Example THUMB Debug/system_stm32f2xx.o
 .debug_macro   0x00000c21       0x18 Example THUMB Debug/system_stm32f2xx.o
 .debug_macro   0x00000c39      0x735 Example THUMB Debug/system_stm32f2xx.o
 .debug_macro   0x0000136e     0x7f9a Example THUMB Debug/system_stm32f2xx.o
 .debug_macro   0x00009308      0x44f Example THUMB Debug/system_stm32f2xx.o
 .debug_macro   0x00009757      0x3cf Example THUMB Debug/system_stm32f2xx.o
 .debug_macro   0x00009b26      0x111 Example THUMB Debug/system_stm32f2xx.o
 .debug_macro   0x00009c37      0x188 Example THUMB Debug/system_stm32f2xx.o
 .debug_macro   0x00009dbf       0xb2 Example THUMB Debug/system_stm32f2xx.o
 .debug_macro   0x00009e71      0x149 Example THUMB Debug/system_stm32f2xx.o
 .debug_macro   0x00009fba      0x477 Example THUMB Debug/system_stm32f2xx.o
 .debug_macro   0x0000a431       0xae Example THUMB Debug/system_stm32f2xx.o
 .debug_macro   0x0000a4df      0x242 Example THUMB Debug/system_stm32f2xx.o
 .debug_macro   0x0000a721      0x279 Example THUMB Debug/system_stm32f2xx.o
 .debug_macro   0x0000a99a       0xb5 Example THUMB Debug/system_stm32f2xx.o
 .debug_macro   0x0000aa4f      0x25e Example THUMB Debug/system_stm32f2xx.o
 .debug_macro   0x0000acad      0x2b3 Example THUMB Debug/system_stm32f2xx.o
 .debug_macro   0x0000af60       0x64 Example THUMB Debug/system_stm32f2xx.o
 .debug_macro   0x0000afc4       0x88 Example THUMB Debug/system_stm32f2xx.o
 .debug_macro   0x0000b04c      0x536 Example THUMB Debug/system_stm32f2xx.o
 .debug_macro   0x0000b582       0x40 Example THUMB Debug/system_stm32f2xx.o
 .debug_macro   0x0000b5c2      0x3f3 Example THUMB Debug/system_stm32f2xx.o
 .debug_macro   0x0000b9b5      0x342 Example THUMB Debug/system_stm32f2xx.o
 .debug_macro   0x0000bcf7      0x357 Example THUMB Debug/system_stm32f2xx.o
 .debug_macro   0x0000c04e       0xe1 Example THUMB Debug/system_stm32f2xx.o
 .debug_macro   0x0000c12f      0x73b Example THUMB Debug/system_stm32f2xx.o
 .debug_macro   0x0000c86a      0x221 Example THUMB Debug/system_stm32f2xx.o
 .debug_macro   0x0000ca8b       0x34 Example THUMB Debug/system_stm32f2xx.o
 .debug_macro   0x0000cabf       0x82 Example THUMB Debug/system_stm32f2xx.o
 .debug_macro   0x0000cb41       0x35 Example THUMB Debug/system_stm32f2xx.o
 .debug_macro   0x0000cb76      0x23e Example THUMB Debug/main.o
 .debug_macro   0x0000cdb4      0x898 Example THUMB Debug/main.o
 .debug_macro   0x0000d64c      0x735 Example THUMB Debug/main.o
 .debug_macro   0x0000dd81      0x3d4 Example THUMB Debug/main.o
 .debug_macro   0x0000e155      0x2ea Example THUMB Debug/main.o
 .debug_macro   0x0000e43f       0x10 Example THUMB Debug/main.o
 .debug_macro   0x0000e44f      0x423 Example THUMB Debug/main.o
 .debug_macro   0x0000e872       0x89 Example THUMB Debug/main.o
 .debug_macro   0x0000e8fb       0x55 Example THUMB Debug/main.o
 .debug_macro   0x0000e950       0x22 Example THUMB Debug/main.o
 .debug_macro   0x0000e972       0x6a Example THUMB Debug/main.o
 .debug_macro   0x0000e9dc       0xc4 Example THUMB Debug/main.o
 .debug_macro   0x0000eaa0       0x3a Example THUMB Debug/main.o
 .debug_macro   0x0000eada       0x8e Example THUMB Debug/main.o
 .debug_macro   0x0000eb68       0xca Example THUMB Debug/main.o
 .debug_macro   0x0000ec32      0x184 Example THUMB Debug/main.o
 .debug_macro   0x0000edb6      0x12a Example THUMB Debug/main.o
 .debug_macro   0x0000eee0      0x244 Example THUMB Debug/module.o
 .debug_macro   0x0000f124       0x8e Example THUMB Debug/module.o
 .debug_macro   0x0000f1b2      0x185 Example THUMB Debug/ShaftEncoder.o
 .debug_macro   0x0000f337      0x174 Example THUMB Debug/VNH3SP30TRdriver.o
 .debug_macro   0x0000f4ab      0x1b1 Example THUMB Debug/ftdicomsdriver.o
 .debug_macro   0x0000f65c       0x10 Example THUMB Debug/ftdicomsdriver.o
 .debug_macro   0x0000f66c      0x202 Example THUMB Debug/InterruptTemplate.o
 .debug_macro   0x0000f86e      0x203 Example THUMB Debug/stm32f2xx_it.o
 .debug_macro   0x0000fa71      0x16a Example THUMB Debug/Utils.o
 .debug_macro   0x0000fbdb      0x21e Example THUMB Debug/MPU9150Driver.o
 .debug_macro   0x0000fdf9      0x12a Example THUMB Debug/MPU9150Driver.o
 .debug_macro   0x0000ff23      0x170 Example THUMB Debug/misc.o
 .debug_macro   0x00010093       0x7c Example THUMB Debug/misc.o
 .debug_macro   0x0001010f      0x1f3 Example THUMB Debug/stm32f2xx_adc.o
 .debug_macro   0x00010302      0x3c9 Example THUMB Debug/stm32f2xx_adc.o
 .debug_macro   0x000106cb      0x1be Example THUMB Debug/stm32f2xx_dma.o
 .debug_macro   0x00010889      0x471 Example THUMB Debug/stm32f2xx_dma.o
 .debug_macro   0x00010cfa      0x170 Example THUMB Debug/stm32f2xx_exti.o
 .debug_macro   0x00010e6a       0xa8 Example THUMB Debug/stm32f2xx_exti.o
 .debug_macro   0x00010f12      0x16a Example THUMB Debug/stm32f2xx_gpio.o
 .debug_macro   0x0001107c      0x258 Example THUMB Debug/stm32f2xx_gpio.o
 .debug_macro   0x000112d4      0x17c Example THUMB Debug/stm32f2xx_i2c.o
 .debug_macro   0x00011450      0x2ad Example THUMB Debug/stm32f2xx_i2c.o
 .debug_macro   0x000116fd      0x176 Example THUMB Debug/stm32f2xx_iwdg.o
 .debug_macro   0x00011873       0x5e Example THUMB Debug/stm32f2xx_iwdg.o
 .debug_macro   0x000118d1      0x213 Example THUMB Debug/stm32f2xx_rcc.o
 .debug_macro   0x00011ae4      0x530 Example THUMB Debug/stm32f2xx_rcc.o
 .debug_macro   0x00012014      0x194 Example THUMB Debug/stm32f2xx_tim.o
 .debug_macro   0x000121a8      0x735 Example THUMB Debug/stm32f2xx_tim.o
 .debug_macro   0x000128dd      0x182 Example THUMB Debug/stm32f2xx_usart.o
 .debug_macro   0x00012a5f      0x21b Example THUMB Debug/stm32f2xx_usart.o

.debug_line     0x00000000     0x9c5f
 .debug_line    0x00000000      0x4b2 Example THUMB Debug/system_stm32f2xx.o
 .debug_line    0x000004b2      0x77a Example THUMB Debug/main.o
 .debug_line    0x00000c2c      0xa16 Example THUMB Debug/module.o
 .debug_line    0x00001642      0x517 Example THUMB Debug/ShaftEncoder.o
 .debug_line    0x00001b59      0x528 Example THUMB Debug/VNH3SP30TRdriver.o
 .debug_line    0x00002081      0x79b Example THUMB Debug/ftdicomsdriver.o
 .debug_line    0x0000281c      0xb6e Example THUMB Debug/InterruptTemplate.o
 .debug_line    0x0000338a      0x706 Example THUMB Debug/stm32f2xx_it.o
 .debug_line    0x00003a90      0x483 Example THUMB Debug/Utils.o
 .debug_line    0x00003f13      0x8d5 Example THUMB Debug/MPU9150Driver.o
 .debug_line    0x000047e8      0x4ee Example THUMB Debug/misc.o
 .debug_line    0x00004cd6      0x7f2 Example THUMB Debug/stm32f2xx_adc.o
 .debug_line    0x000054c8      0x67c Example THUMB Debug/stm32f2xx_dma.o
 .debug_line    0x00005b44      0x544 Example THUMB Debug/stm32f2xx_exti.o
 .debug_line    0x00006088      0x5de Example THUMB Debug/stm32f2xx_gpio.o
 .debug_line    0x00006666      0x768 Example THUMB Debug/stm32f2xx_i2c.o
 .debug_line    0x00006dce      0x4fc Example THUMB Debug/stm32f2xx_iwdg.o
 .debug_line    0x000072ca      0x83a Example THUMB Debug/stm32f2xx_rcc.o
 .debug_line    0x00007b04      0xd05 Example THUMB Debug/stm32f2xx_tim.o
 .debug_line    0x00008809      0x72d Example THUMB Debug/stm32f2xx_usart.o
 .debug_line    0x00008f36      0x100 Example THUMB Debug/thumb_crt0.o
 .debug_line    0x00009036      0x120 Example THUMB Debug/STM32_Startup.o
 .debug_line    0x00009156      0xb09 /Applications/CrossWorks for ARM 3.3/lib/libc_v7m_t_le_eabi.a(libc2.o)

.debug_str      0x00000000    0x5f65e
 .debug_str     0x00000000    0x529af Example THUMB Debug/system_stm32f2xx.o
                              0x52a70 (size before relaxing)
 .debug_str     0x000529af     0x4e32 Example THUMB Debug/main.o
                              0x575e2 (size before relaxing)
 .debug_str     0x000577e1     0x1043 Example THUMB Debug/module.o
                              0x586e9 (size before relaxing)
 .debug_str     0x00058824       0x5a Example THUMB Debug/ShaftEncoder.o
                              0x53f70 (size before relaxing)
 .debug_str     0x0005887e      0x243 Example THUMB Debug/VNH3SP30TRdriver.o
                              0x5302e (size before relaxing)
 .debug_str     0x00058ac1      0x7e1 Example THUMB Debug/ftdicomsdriver.o
                              0x549dc (size before relaxing)
 .debug_str     0x000592a2      0xf4a Example THUMB Debug/InterruptTemplate.o
                              0x56a39 (size before relaxing)
 .debug_str     0x0005a1ec       0xcd Example THUMB Debug/stm32f2xx_it.o
                              0x555d4 (size before relaxing)
 .debug_str     0x0005a2b9       0x81 Example THUMB Debug/Utils.o
                              0x528e4 (size before relaxing)
 .debug_str     0x0005a33a      0x420 Example THUMB Debug/MPU9150Driver.o
                              0x5742b (size before relaxing)
 .debug_str     0x0005a75a      0x170 Example THUMB Debug/misc.o
                              0x52af1 (size before relaxing)
 .debug_str     0x0005a8ca      0x82c Example THUMB Debug/stm32f2xx_adc.o
                              0x531d5 (size before relaxing)
 .debug_str     0x0005b0f6      0x595 Example THUMB Debug/stm32f2xx_dma.o
                              0x52f56 (size before relaxing)
 .debug_str     0x0005b68b      0x15c Example THUMB Debug/stm32f2xx_exti.o
                              0x52a7e (size before relaxing)
 .debug_str     0x0005b7e7      0x1dd Example THUMB Debug/stm32f2xx_gpio.o
                              0x52b91 (size before relaxing)
 .debug_str     0x0005b9c4      0x3e5 Example THUMB Debug/stm32f2xx_i2c.o
                              0x52db7 (size before relaxing)
 .debug_str     0x0005bda9      0x164 Example THUMB Debug/stm32f2xx_iwdg.o
                              0x5299c (size before relaxing)
 .debug_str     0x0005bf0d      0xa00 Example THUMB Debug/stm32f2xx_rcc.o
                              0x53412 (size before relaxing)
 .debug_str     0x0005c90d      0xaff Example THUMB Debug/stm32f2xx_tim.o
                              0x53585 (size before relaxing)
 .debug_str     0x0005d40c      0x508 Example THUMB Debug/stm32f2xx_usart.o
                              0x52ea1 (size before relaxing)
 .debug_str     0x0005d914     0x1d4a /Applications/CrossWorks for ARM 3.3/lib/libc_v7m_t_le_eabi.a(libc2.o)
                               0x1f1e (size before relaxing)

.comment        0x00000000       0x4e
 .comment       0x00000000       0x4e Example THUMB Debug/system_stm32f2xx.o
                                 0x4f (size before relaxing)
 .comment       0x00000000       0x4f Example THUMB Debug/main.o
 .comment       0x00000000       0x4f Example THUMB Debug/module.o
 .comment       0x00000000       0x4f Example THUMB Debug/ShaftEncoder.o
 .comment       0x00000000       0x4f Example THUMB Debug/VNH3SP30TRdriver.o
 .comment       0x00000000       0x4f Example THUMB Debug/ftdicomsdriver.o
 .comment       0x00000000       0x4f Example THUMB Debug/InterruptTemplate.o
 .comment       0x00000000       0x4f Example THUMB Debug/stm32f2xx_it.o
 .comment       0x00000000       0x4f Example THUMB Debug/Utils.o
 .comment       0x00000000       0x4f Example THUMB Debug/MPU9150Driver.o
 .comment       0x00000000       0x4f Example THUMB Debug/misc.o
 .comment       0x00000000       0x4f Example THUMB Debug/stm32f2xx_adc.o
 .comment       0x00000000       0x4f Example THUMB Debug/stm32f2xx_dma.o
 .comment       0x00000000       0x4f Example THUMB Debug/stm32f2xx_exti.o
 .comment       0x00000000       0x4f Example THUMB Debug/stm32f2xx_gpio.o
 .comment       0x00000000       0x4f Example THUMB Debug/stm32f2xx_i2c.o
 .comment       0x00000000       0x4f Example THUMB Debug/stm32f2xx_iwdg.o
 .comment       0x00000000       0x4f Example THUMB Debug/stm32f2xx_rcc.o
 .comment       0x00000000       0x4f Example THUMB Debug/stm32f2xx_tim.o
 .comment       0x00000000       0x4f Example THUMB Debug/stm32f2xx_usart.o
 .comment       0x00000000       0x4f /Applications/CrossWorks for ARM 3.3/lib/libc_v7m_t_le_eabi.a(libc2.o)

.ARM.attributes
                0x00000000       0x31
 .ARM.attributes
                0x00000000       0x33 Example THUMB Debug/system_stm32f2xx.o
 .ARM.attributes
                0x00000033       0x33 Example THUMB Debug/main.o
 .ARM.attributes
                0x00000066       0x33 Example THUMB Debug/module.o
 .ARM.attributes
                0x00000099       0x33 Example THUMB Debug/ShaftEncoder.o
 .ARM.attributes
                0x000000cc       0x33 Example THUMB Debug/VNH3SP30TRdriver.o
 .ARM.attributes
                0x000000ff       0x33 Example THUMB Debug/ftdicomsdriver.o
 .ARM.attributes
                0x00000132       0x33 Example THUMB Debug/InterruptTemplate.o
 .ARM.attributes
                0x00000165       0x33 Example THUMB Debug/stm32f2xx_it.o
 .ARM.attributes
                0x00000198       0x33 Example THUMB Debug/Utils.o
 .ARM.attributes
                0x000001cb       0x33 Example THUMB Debug/MPU9150Driver.o
 .ARM.attributes
                0x000001fe       0x33 Example THUMB Debug/misc.o
 .ARM.attributes
                0x00000231       0x33 Example THUMB Debug/stm32f2xx_adc.o
 .ARM.attributes
                0x00000264       0x33 Example THUMB Debug/stm32f2xx_dma.o
 .ARM.attributes
                0x00000297       0x33 Example THUMB Debug/stm32f2xx_exti.o
 .ARM.attributes
                0x000002ca       0x33 Example THUMB Debug/stm32f2xx_gpio.o
 .ARM.attributes
                0x000002fd       0x33 Example THUMB Debug/stm32f2xx_i2c.o
 .ARM.attributes
                0x00000330       0x33 Example THUMB Debug/stm32f2xx_iwdg.o
 .ARM.attributes
                0x00000363       0x33 Example THUMB Debug/stm32f2xx_rcc.o
 .ARM.attributes
                0x00000396       0x33 Example THUMB Debug/stm32f2xx_tim.o
 .ARM.attributes
                0x000003c9       0x33 Example THUMB Debug/stm32f2xx_usart.o
 .ARM.attributes
                0x000003fc       0x21 Example THUMB Debug/thumb_crt0.o
 .ARM.attributes
                0x0000041d       0x21 Example THUMB Debug/STM32_Startup.o
 .ARM.attributes
                0x0000043e       0x1b /Applications/CrossWorks for ARM 3.3/lib/libm_v7m_t_le_eabi.a(libm_asm.o)
 .ARM.attributes
                0x00000459       0x2d /Applications/CrossWorks for ARM 3.3/lib/libc_v7m_t_le_eabi.a(libc2.o)
 .ARM.attributes
                0x00000486       0x1b /Applications/CrossWorks for ARM 3.3/lib/libc_v7m_t_le_eabi.a(libc2_asm.o)
