Archive member included because of file (symbol)

/Applications/CrossWorks for ARM 3.3/lib/libm_v7m_t_le_eabi.a(libm_asm.o)
                              Example THUMB Debug/module.o (__aeabi_i2f)
/Applications/CrossWorks for ARM 3.3/lib/libm_v7m_t_le_eabi.a(libm2.o)
                              Example THUMB Debug/mathRoutines.o (cos)
/Applications/CrossWorks for ARM 3.3/lib/libm_v7m_t_le_eabi.a(libm2_asm.o)
                              /Applications/CrossWorks for ARM 3.3/lib/libm_v7m_t_le_eabi.a(libm2.o) (fabs)
/Applications/CrossWorks for ARM 3.3/lib/libc_v7m_t_le_eabi.a(libc_asm.o)
                              Example THUMB Debug/mathRoutines.o (__aeabi_ldivmod)
/Applications/CrossWorks for ARM 3.3/lib/libc_v7m_t_le_eabi.a(libc2.o)
                              /Applications/CrossWorks for ARM 3.3/lib/libm_v7m_t_le_eabi.a(libm2.o) (__aeabi_errno_addr)
/Applications/CrossWorks for ARM 3.3/lib/libc_v7m_t_le_eabi.a(libc2_asm.o)
                              /Applications/CrossWorks for ARM 3.3/lib/libc_v7m_t_le_eabi.a(libc2.o) (memcpy)
/Applications/CrossWorks for ARM 3.3/lib/lib_vfprintf_float_long_long_v7m_t_le_eabi.a(lib_vfprintf_float_long_long.o)
                              /Applications/CrossWorks for ARM 3.3/lib/libc_v7m_t_le_eabi.a(libc2.o) (__vfprintf)
/Applications/CrossWorks for ARM 3.3/lib/lib_vfscanf_float_long_long_cc_v7m_t_le_eabi.a(lib_vfscanf_float_long_long_cc.o)
                              /Applications/CrossWorks for ARM 3.3/lib/libc_v7m_t_le_eabi.a(libc2.o) (__vfscanf)
/Applications/CrossWorks for ARM 3.3/lib/libc_user_libc_v7m_t_le_eabi.a(user_libc.o)
                              /Applications/CrossWorks for ARM 3.3/lib/libc_v7m_t_le_eabi.a(libc2.o) (__aeabi_read_tp)

Discarded input sections

 .group         0x00000000        0x8 Example THUMB Debug/system_stm32f2xx.o
 .group         0x00000000        0x8 Example THUMB Debug/system_stm32f2xx.o
 .group         0x00000000        0x8 Example THUMB Debug/system_stm32f2xx.o
 .group         0x00000000        0x8 Example THUMB Debug/system_stm32f2xx.o
 .group         0x00000000        0x8 Example THUMB Debug/system_stm32f2xx.o
 .group         0x00000000        0x8 Example THUMB Debug/system_stm32f2xx.o
 .group         0x00000000        0x8 Example THUMB Debug/system_stm32f2xx.o
 .group         0x00000000        0x8 Example THUMB Debug/system_stm32f2xx.o
 .group         0x00000000        0x8 Example THUMB Debug/system_stm32f2xx.o
 .group         0x00000000        0x8 Example THUMB Debug/system_stm32f2xx.o
 .group         0x00000000        0x8 Example THUMB Debug/system_stm32f2xx.o
 .group         0x00000000        0x8 Example THUMB Debug/system_stm32f2xx.o
 .group         0x00000000        0x8 Example THUMB Debug/system_stm32f2xx.o
 .group         0x00000000        0x8 Example THUMB Debug/system_stm32f2xx.o
 .group         0x00000000        0x8 Example THUMB Debug/system_stm32f2xx.o
 .group         0x00000000        0x8 Example THUMB Debug/system_stm32f2xx.o
 .group         0x00000000        0x8 Example THUMB Debug/system_stm32f2xx.o
 .group         0x00000000        0x8 Example THUMB Debug/system_stm32f2xx.o
 .group         0x00000000        0x8 Example THUMB Debug/system_stm32f2xx.o
 .group         0x00000000        0x8 Example THUMB Debug/system_stm32f2xx.o
 .group         0x00000000        0x8 Example THUMB Debug/system_stm32f2xx.o
 .group         0x00000000        0x8 Example THUMB Debug/system_stm32f2xx.o
 .group         0x00000000        0x8 Example THUMB Debug/system_stm32f2xx.o
 .group         0x00000000        0x8 Example THUMB Debug/system_stm32f2xx.o
 .group         0x00000000        0x8 Example THUMB Debug/system_stm32f2xx.o
 .group         0x00000000        0x8 Example THUMB Debug/system_stm32f2xx.o
 .group         0x00000000        0x8 Example THUMB Debug/system_stm32f2xx.o
 .group         0x00000000        0x8 Example THUMB Debug/system_stm32f2xx.o
 .group         0x00000000        0x8 Example THUMB Debug/system_stm32f2xx.o
 .group         0x00000000        0x8 Example THUMB Debug/system_stm32f2xx.o
 .group         0x00000000        0x8 Example THUMB Debug/system_stm32f2xx.o
 .group         0x00000000        0x8 Example THUMB Debug/system_stm32f2xx.o
 .group         0x00000000        0x8 Example THUMB Debug/system_stm32f2xx.o
 .group         0x00000000        0x8 Example THUMB Debug/main.o
 .group         0x00000000        0x8 Example THUMB Debug/main.o
 .group         0x00000000        0x8 Example THUMB Debug/main.o
 .group         0x00000000        0x8 Example THUMB Debug/main.o
 .group         0x00000000        0x8 Example THUMB Debug/main.o
 .group         0x00000000        0x8 Example THUMB Debug/main.o
 .group         0x00000000        0x8 Example THUMB Debug/main.o
 .group         0x00000000        0x8 Example THUMB Debug/main.o
 .group         0x00000000        0x8 Example THUMB Debug/main.o
 .group         0x00000000        0x8 Example THUMB Debug/main.o
[...]
Memory Configuration

Name             Origin             Length             Attributes
UNPLACED_SECTIONS 0xffffffff         0x00000000         xw
FLASH            0x08000000         0x00100000         xr
SYSTEM           0x1fff0000         0x00007a10         xw
OPTION           0x1fffc000         0x00000008         xw
RAM              0x20000000         0x00020000         xw
SRAM1            0x20000000         0x0001c000         xw
SRAM2            0x2001c000         0x00004000         xw
APB1             0x40000000         0x00007800         xw
APB2             0x40010000         0x00004c00         xw
AHB1             0x40020000         0x00080000         xw
AHB2             0x50000000         0x00060c00         xw
AHB3             0xa0000000         0x00001000         xw
PCCARD           0x90000000         0x00000000         xw
NAND2            0x80000000         0x00000000         xw
NAND1            0x70000000         0x00000000         xw
NOR_PSRAM4       0x6c000000         0x00000000         xw
NOR_PSRAM3       0x68000000         0x00000000         xw
NOR_PSRAM2       0x64000000         0x00000000         xw
NOR_PSRAM1       0x60000000         0x00000000         xw
PPB              0xe0000000         0x00100000         xw
DBG              0xe0042000         0x00000010         xw
*default*        0x00000000         0xffffffff

Linker script and memory map

                0x08000000                __FLASH_segment_start__ = 0x8000000
                0x08100000                __FLASH_segment_end__ = 0x8100000
                0x1fff0000                __SYSTEM_segment_start__ = 0x1fff0000
                0x1fff7a10                __SYSTEM_segment_end__ = 0x1fff7a10
                0x1fffc000                __OPTION_segment_start__ = 0x1fffc000
                0x1fffc008                __OPTION_segment_end__ = 0x1fffc008
                0x20000000                __RAM_segment_start__ = 0x20000000
                0x20020000                __RAM_segment_end__ = 0x20020000
                0x20000000                __SRAM1_segment_start__ = 0x20000000
                0x2001c000                __SRAM1_segment_end__ = 0x2001c000
                0x2001c000                __SRAM2_segment_start__ = 0x2001c000
                0x20020000                __SRAM2_segment_end__ = 0x20020000
                0x40000000                __APB1_segment_start__ = 0x40000000
                0x40007800                __APB1_segment_end__ = 0x40007800
                0x40010000                __APB2_segment_start__ = 0x40010000
                0x40014c00                __APB2_segment_end__ = 0x40014c00
                0x40020000                __AHB1_segment_start__ = 0x40020000
                0x400a0000                __AHB1_segment_end__ = 0x400a0000
                0x50000000                __AHB2_segment_start__ = 0x50000000
                0x50060c00                __AHB2_segment_end__ = 0x50060c00
                0xa0000000                __AHB3_segment_start__ = 0xa0000000
                0xa0001000                __AHB3_segment_end__ = 0xa0001000
                0x90000000                __PCCARD_segment_start__ = 0x90000000
                0x90000000                __PCCARD_segment_end__ = 0x90000000
                0x80000000                __NAND2_segment_start__ = 0x80000000
                0x80000000                __NAND2_segment_end__ = 0x80000000
                0x70000000                __NAND1_segment_start__ = 0x70000000
                0x70000000                __NAND1_segment_end__ = 0x70000000
                0x6c000000                __NOR_PSRAM4_segment_start__ = 0x6c000000
                0x6c000000                __NOR_PSRAM4_segment_end__ = 0x6c000000
                0x68000000                __NOR_PSRAM3_segment_start__ = 0x68000000
                0x68000000                __NOR_PSRAM3_segment_end__ = 0x68000000
                0x64000000                __NOR_PSRAM2_segment_start__ = 0x64000000
                0x64000000                __NOR_PSRAM2_segment_end__ = 0x64000000
                0x60000000                __NOR_PSRAM1_segment_start__ = 0x60000000
                0x60000000                __NOR_PSRAM1_segment_end__ = 0x60000000
                0xe0000000                __PPB_segment_start__ = 0xe0000000
                0xe0100000                __PPB_segment_end__ = 0xe0100000
                0xe0042000                __DBG_segment_start__ = 0xe0042000
                0xe0042010                __DBG_segment_end__ = 0xe0042010
                0x00000080                __HEAPSIZE__ = 0x80
                0x00000000                __STACKSIZE_ABT__ = 0x0
                0x00000000                __STACKSIZE_FIQ__ = 0x0
                0x00000000                __STACKSIZE_IRQ__ = 0x0
                0x00000000                __STACKSIZE_PROCESS__ = 0x0
                0x00000000                __STACKSIZE_SVC__ = 0x0
                0x00000000                __STACKSIZE_UND__ = 0x0
                0x00000100                __STACKSIZE__ = 0x100
                0x20000000                __vectors_ram_load_start__ = ALIGN (__RAM_segment_start__, 0x100)

.vectors_ram    0x20000000        0x0
                0x20000000                __vectors_ram_start__ = .
 *(.vectors_ram .vectors_ram.*)
                0x20000000                __vectors_ram_end__ = (__vectors_ram_start__ + SIZEOF (.vectors_ram))
                0x20000000                __vectors_ram_load_end__ = __vectors_ram_end__
                0x00000001                . = ASSERT (((__vectors_ram_start__ == __vectors_ram_end__) || ((__vectors_ram_end__ >= __RAM_segment_start__) && (__vectors_ram_end__ <= __RAM_segment_end__))), error: .vectors_ram is too large to fit in RAM memory segment)
                0x08000000                __vectors_load_start__ = ALIGN (__FLASH_segment_start__, 0x100)

.vectors        0x08000000      0x184
                0x08000000                __vectors_start__ = .
 *(.vectors .vectors.*)
 .vectors       0x08000000      0x184 Example THUMB Debug/STM32_Startup.o
                0x08000000                _vectors
                0x08000184                __vectors_end__ = (__vectors_start__ + SIZEOF (.vectors))
                0x08000184                __vectors_load_end__ = __vectors_end__
                0x00000001                . = ASSERT (((__vectors_start__ == __vectors_end__) || ((__vectors_end__ >= __FLASH_segment_start__) && (__vectors_end__ <= __FLASH_segment_end__))), error: .vectors is too large to fit in FLASH memory segment)
                0x08000184                __init_load_start__ = ALIGN (__vectors_end__, 0x4)

.init           0x08000184      0x230
                0x08000184                __init_start__ = .
 *(.init .init.*)
 .init          0x08000184      0x15c Example THUMB Debug/thumb_crt0.o
                0x08000184                _start
                0x08000234                exit
                0x0800025c                __putchar
                0x0800025c                __getchar
 .init          0x080002e0       0xd4 Example THUMB Debug/STM32_Startup.o
                0x080002f2                WWDG_IRQHandler
                0x080002f4                PVD_IRQHandler
                0x080002f6                TAMP_STAMP_IRQHandler
                0x080002f8                RTC_WKUP_IRQHandler
                0x080002fa                FLASH_IRQHandler
                0x080002fc                RCC_IRQHandler
                0x080002fe                EXTI0_IRQHandler
                0x08000300                EXTI1_IRQHandler
                0x08000302                EXTI2_IRQHandler
                0x08000304                EXTI3_IRQHandler
                0x08000306                EXTI4_IRQHandler
                0x08000308                DMA1_Stream0_IRQHandler
                0x0800030a                DMA1_Stream1_IRQHandler
                0x0800030c                DMA1_Stream2_IRQHandler
                0x0800030e                DMA1_Stream3_IRQHandler
                0x08000310                DMA1_Stream4_IRQHandler
                0x08000312                DMA1_Stream5_IRQHandler
                0x08000314                DMA1_Stream6_IRQHandler
                0x08000316                ADC_IRQHandler
                0x08000318                CAN1_TX_IRQHandler
                0x0800031a                CAN1_RX0_IRQHandler
                0x0800031c                CAN1_RX1_IRQHandler
                0x0800031e                CAN1_SCE_IRQHandler
                0x08000320                EXTI9_5_IRQHandler
                0x08000322                TIM1_BRK_TIM9_IRQHandler
                0x08000324                TIM1_UP_TIM10_IRQHandler
                0x08000326                TIM1_TRG_COM_TIM11_IRQHandler
                0x08000328                TIM1_CC_IRQHandler
                0x0800032a                TIM2_IRQHandler
                0x0800032c                TIM3_IRQHandler
                0x0800032e                TIM4_IRQHandler
                0x08000330                I2C1_EV_IRQHandler
                0x08000332                I2C1_ER_IRQHandler
                0x08000334                I2C2_EV_IRQHandler
                0x08000336                I2C2_ER_IRQHandler
                0x08000338                SPI1_IRQHandler
                0x0800033a                SPI2_IRQHandler
                0x0800033c                USART1_IRQHandler
                0x0800033e                USART2_IRQHandler
                0x08000340                USART3_IRQHandler
                0x08000342                EXTI15_10_IRQHandler
                0x08000344                RTC_Alarm_IRQHandler
                0x08000346                OTG_FS_WKUP_IRQHandler
                0x08000348                TIM8_BRK_TIM12_IRQHandler
                0x0800034a                TIM8_UP_TIM13_IRQHandler
                0x0800034c                TIM8_TRG_COM_TIM14_IRQHandler
                0x0800034e                TIM8_CC_IRQHandler
                0x08000350                DMA1_Stream7_IRQHandler
                0x08000352                FSMC_IRQHandler
                0x08000354                SDIO_IRQHandler
                0x08000356                TIM5_IRQHandler
                0x08000358                SPI3_IRQHandler
                0x0800035a                UART4_IRQHandler
                0x0800035c                UART5_IRQHandler
                0x0800035e                TIM6_DAC_IRQHandler
                0x08000360                TIM7_IRQHandler
                0x08000362                DMA2_Stream0_IRQHandler
                0x08000364                DMA2_Stream1_IRQHandler
                0x08000366                DMA2_Stream2_IRQHandler
                0x08000368                DMA2_Stream3_IRQHandler
                0x0800036a                DMA2_Stream4_IRQHandler
                0x0800036c                ETH_IRQHandler
                0x0800036e                ETH_WKUP_IRQHandler
                0x08000370                CAN2_TX_IRQHandler
                0x08000372                CAN2_RX0_IRQHandler
                0x08000374                CAN2_RX1_IRQHandler
                0x08000376                CAN2_SCE_IRQHandler
                0x08000378                OTG_FS_IRQHandler
                0x0800037a                DMA2_Stream5_IRQHandler
                0x0800037c                DMA2_Stream6_IRQHandler
                0x0800037e                DMA2_Stream7_IRQHandler
                0x08000380                USART6_IRQHandler
                0x08000382                I2C3_EV_IRQHandler
                0x08000384                I2C3_ER_IRQHandler
                0x08000386                OTG_HS_EP1_OUT_IRQHandler
                0x08000388                OTG_HS_EP1_IN_IRQHandler
                0x0800038a                OTG_HS_WKUP_IRQHandler
                0x0800038c                OTG_HS_IRQHandler
                0x0800038e                DCMI_IRQHandler
                0x08000390                HASH_RNG_IRQHandler
                0x08000392                reset_handler
                0x080003b4                __init_end__ = (__init_start__ + SIZEOF (.init))
                0x080003b4                __init_load_end__ = __init_end__
                0x00000001                . = ASSERT (((__init_start__ == __init_end__) || ((__init_end__ >= __FLASH_segment_start__) && (__init_end__ <= __FLASH_segment_end__))), error: .init is too large to fit in FLASH memory segment)
                0x080003b4                __text_load_start__ = ALIGN (__init_end__, 0x4)

.text           0x080003b4    0x23308
                0x080003b4                __text_start__ = .
 *(.text .text.* .glue_7t .glue_7 .gnu.linkonce.t.* .gcc_except_table .ARM.extab* .gnu.linkonce.armextab.*)
 .glue_7        0x00000000        0x0 linker stubs
 .glue_7t       0x00000000        0x0 linker stubs
 .text          0x080003b4      0x228 Example THUMB Debug/system_stm32f2xx.o
                0x080003b4                SystemInit
                0x0800040c                SystemCoreClockUpdate
 .text          0x080005dc      0x174 Example THUMB Debug/main.o
                0x08000674                main
                0x080006f4                Delay(unsigned int)
                0x08000724                TimingDelay_Decrement()
 .text          0x08000750      0xd28 Example THUMB Debug/module.o
                0x08000750                Module::Module()
                0x08000750                Module::Module()
                0x080007c8                Module::Run()
                0x08000a40                Module::Init_WatchDog()
                0x08000a6c                Module::Delay_ms(int)
                0x08000aa8                Module::Initialize()
                0x08000d98                Module::ADC_Push2Pack(Transmit_CommandPacket&)
                0x08000e04                Module::Adc_Comm_Init()
                0x08000e30                Module::Adc_Channel_Init()
                0x08000eb4                Module::DMA_Config()
                0x08000f28                Module::GPIO_Config()
                0x08000f54                Module::ConfigureADC()
                0x08000fb4                Module::ConfigurePwm()
                0x08001134                Module::ConfigureLed()
                0x08001180                Module::SetRgbLed(bool, bool, bool)
                0x080011e0                Module::SetServoPos(int, float)
                0x080012c0                Module::ConfigureInterrupts()
                0x08001310                Module::onInterruptSystick()
 .text._ZN8GPIO_PinC2EP12GPIO_TypeDefjj
                0x08001478       0x3c Example THUMB Debug/module.o
                0x08001478                GPIO_Pin::GPIO_Pin(GPIO_TypeDef*, unsigned int, unsigned int)
                0x08001478                GPIO_Pin::GPIO_Pin(GPIO_TypeDef*, unsigned int, unsigned int)
 .text._ZN8GPIO_PinC2EP12GPIO_TypeDefjjjj
                0x080014b4       0x3c Example THUMB Debug/module.o
                0x080014b4                GPIO_Pin::GPIO_Pin(GPIO_TypeDef*, unsigned int, unsigned int, unsigned int, unsigned int)
                0x080014b4                GPIO_Pin::GPIO_Pin(GPIO_TypeDef*, unsigned int, unsigned int, unsigned int, unsigned int)
 .text._Z11RCCSetClockPKvj15FunctionalState
                0x080014f0       0x9c Example THUMB Debug/module.o
                0x080014f0                RCCSetClock(void const*, unsigned int, FunctionalState)
 .text._ZN17InterruptTemplateC2Ev
                0x0800158c       0x20 Example THUMB Debug/module.o
                0x0800158c                InterruptTemplate::InterruptTemplate()
                0x0800158c                InterruptTemplate::InterruptTemplate()
 .text._ZN7EncoderC2Ev
                0x080015ac       0x24 Example THUMB Debug/module.o
                0x080015ac                Encoder::Encoder()
                0x080015ac                Encoder::Encoder()
 .text._ZN13MPU9150DriverC2Ev
                0x080015d0       0x24 Example THUMB Debug/module.o
                0x080015d0                MPU9150Driver::MPU9150Driver()
                0x080015d0                MPU9150Driver::MPU9150Driver()
 .text._ZN22Transmit_CommandPacketC2Ev
                0x080015f4       0x28 Example THUMB Debug/module.o
                0x080015f4                Transmit_CommandPacket::Transmit_CommandPacket()
                0x080015f4                Transmit_CommandPacket::Transmit_CommandPacket()
 *fill*         0x0800161c        0x4 
 .text          0x08001620      0x9a0 Example THUMB Debug/MPU9150Driver.o
                0x08001620                MPU9150Driver::initialise()
                0x08001648                MPU9150Driver::getData(MPU9150_Data_Structure&)
                0x08001798                MPU9150Driver::Push2Pack(Transmit_CommandPacket&)
                0x080018e0                MPU9150Driver::getRegister(char, char, char&)
                0x08001a9c                MPU9150Driver::setRegister(char, char, char)
                0x08001b5c                MPU9150Driver::configureDevice()
                0x08001b98                MPU9150Driver::configureInterrupts()
                0x08001c94                MPU9150Driver::configureI2c()
                0x08001e10                MPU9150Driver::onInterruptExti0()
                0x08001e50                MPU9150Driver::onInterruptDma1Stream2()
                0x08001ee8                MPU9150Driver::onInterruptI2c3Ev()
 .text          0x08001fc0      0x2c4 Example THUMB Debug/ShaftEncoder.o
                0x08001fc0                Encoder::Config()
                0x080021fc                Encoder::GetEncoderPoses(EncoderPoses&)
                0x08002240                Encoder::Push2Pack(Transmit_CommandPacket&)
 .text          0x08002284      0x664 Example THUMB Debug/mathRoutines.o
                0x08002284                Andromeda::Math::quat2euler(Andromeda::fixed*, Andromeda::fixed*, Andromeda::fixed*, Andromeda::fixed*)
                0x080024e0                Andromeda::Math::quat2euler(float*, float*, float*, float*)
                0x0800270c                Andromeda::Math::euler2quat(float, float, float, float*)
 .text._ZN9Andromeda5fixedC2ENS_8fixedRawEi
                0x080028e8       0x24 Example THUMB Debug/mathRoutines.o
                0x080028e8                Andromeda::fixed::fixed(Andromeda::fixedRaw, int)
                0x080028e8                Andromeda::fixed::fixed(Andromeda::fixedRaw, int)
 .text._ZN9Andromeda5fixedC2Ev
                0x0800290c       0x1c Example THUMB Debug/mathRoutines.o
                0x0800290c                Andromeda::fixed::fixed()
                0x0800290c                Andromeda::fixed::fixed()
 .text._ZN9Andromeda5fixedC2ERKS0_
                0x08002928       0x20 Example THUMB Debug/mathRoutines.o
                0x08002928                Andromeda::fixed::fixed(Andromeda::fixed const&)
                0x08002928                Andromeda::fixed::fixed(Andromeda::fixed const&)
 .text._ZN9Andromeda5fixedC2Ef
                0x08002948       0x2c Example THUMB Debug/mathRoutines.o
                0x08002948                Andromeda::fixed::fixed(float)
                0x08002948                Andromeda::fixed::fixed(float)
 .text._ZN9Andromeda5fixedC2Ed
                0x08002974       0x3c Example THUMB Debug/mathRoutines.o
                0x08002974                Andromeda::fixed::fixed(double)
                0x08002974                Andromeda::fixed::fixed(double)
 .text._ZN9Andromeda5fixedC2Ei
                0x080029b0       0x20 Example THUMB Debug/mathRoutines.o
                0x080029b0                Andromeda::fixed::fixed(int)
                0x080029b0                Andromeda::fixed::fixed(int)
 .text._ZN9Andromeda5fixedaSERKS0_
                0x080029d0       0x20 Example THUMB Debug/mathRoutines.o
                0x080029d0                Andromeda::fixed::operator=(Andromeda::fixed const&)
 .text._ZN9Andromeda5fixed7GetLongEv
                0x080029f0       0x18 Example THUMB Debug/mathRoutines.o
                0x080029f0                Andromeda::fixed::GetLong()
 .text._ZN9Andromeda5fixedcvfEv
                0x08002a08       0x28 Example THUMB Debug/mathRoutines.o
                0x08002a08                Andromeda::fixed::operator float()
 .text._ZNK9Andromeda5fixedngEv
                0x08002a30       0x24 Example THUMB Debug/mathRoutines.o
                0x08002a30                Andromeda::fixed::operator-() const
 .text._ZNK9Andromeda5fixedplERKS0_
                0x08002a54       0x28 Example THUMB Debug/mathRoutines.o
                0x08002a54                Andromeda::fixed::operator+(Andromeda::fixed const&) const
 .text._ZNK9Andromeda5fixedmiERKS0_
                0x08002a7c       0x28 Example THUMB Debug/mathRoutines.o
                0x08002a7c                Andromeda::fixed::operator-(Andromeda::fixed const&) const
 .text._ZNK9Andromeda5fixedmlERKS0_
                0x08002aa4       0x50 Example THUMB Debug/mathRoutines.o
                0x08002aa4                Andromeda::fixed::operator*(Andromeda::fixed const&) const
 .text._ZNK9Andromeda5fixeddvERKS0_
                0x08002af4       0x54 Example THUMB Debug/mathRoutines.o
                0x08002af4                Andromeda::fixed::operator/(Andromeda::fixed const&) const
 .text._ZNK9Andromeda5fixedplEi
                0x08002b48       0x34 Example THUMB Debug/mathRoutines.o
                0x08002b48                Andromeda::fixed::operator+(int) const
 .text._ZNK9Andromeda5fixedmlEi
                0x08002b7c       0x38 Example THUMB Debug/mathRoutines.o
                0x08002b7c                Andromeda::fixed::operator*(int) const
 .text._ZNK9Andromeda5fixedgtERKS0_
                0x08002bb4       0x28 Example THUMB Debug/mathRoutines.o
                0x08002bb4                Andromeda::fixed::operator>(Andromeda::fixed const&) const
 .text._ZNK9Andromeda5fixedeqEi
                0x08002bdc       0x30 Example THUMB Debug/mathRoutines.o
                0x08002bdc                Andromeda::fixed::operator==(int) const
 .text._ZNK9Andromeda5fixedgeEi
                0x08002c0c       0x30 Example THUMB Debug/mathRoutines.o
                0x08002c0c                Andromeda::fixed::operator>=(int) const
 .text._ZNK9Andromeda5fixedltEi
                0x08002c3c       0x30 Example THUMB Debug/mathRoutines.o
                0x08002c3c                Andromeda::fixed::operator<(int) const
 .text._ZN9Andromeda5fixed6atan2xES0_S0_
                0x08002c6c      0x224 Example THUMB Debug/mathRoutines.o
                0x08002c6c                Andromeda::fixed::atan2x(Andromeda::fixed, Andromeda::fixed)
 .text._ZN9Andromeda5fixed4asinES0_
                0x08002e90      0x1d8 Example THUMB Debug/mathRoutines.o
                0x08002e90                Andromeda::fixed::asin(Andromeda::fixed)
 .text._ZN9Andromeda5fixed4absxES0_
                0x08003068       0x38 Example THUMB Debug/mathRoutines.o
                0x08003068                Andromeda::fixed::absx(Andromeda::fixed)
 .text._ZN9Andromeda5fixed4sqrtES0_
                0x080030a0       0x9c Example THUMB Debug/mathRoutines.o
                0x080030a0                Andromeda::fixed::sqrt(Andromeda::fixed)
 .text          0x0800313c      0xefc Example THUMB Debug/matrix.o
                0x0800313c                Andromeda::Matrix::inverse(Andromeda::fixed*, Andromeda::fixed*, int)
                0x080034b8                Andromeda::Matrix::add(Andromeda::fixed*, Andromeda::fixed*, Andromeda::fixed*, int, int)
                0x08003530                Andromeda::Matrix::subtract(Andromeda::fixed*, Andromeda::fixed*, Andromeda::fixed*, int, int)
                0x080035a8                Andromeda::Matrix::multiply(float*, float*, float*, int, int, int)
                0x08003674                Andromeda::Matrix::multiply(Andromeda::fixed*, Andromeda::fixed*, Andromeda::fixed*, int, int, int)
                0x08003740                Andromeda::Matrix::transpose(Andromeda::fixed*, Andromeda::fixed*, int, int)
                0x080037ac                Andromeda::Matrix::transpose(float*, float*, int, int)
                0x08003818                Andromeda::Matrix::identity(Andromeda::fixed*, int, Andromeda::fixed)
                0x08003860                Andromeda::Matrix::identity(float*, int, float)
                0x080038a4                Andromeda::Matrix::multiplyVector(Andromeda::fixed*, Andromeda::fixed*, Andromeda::fixed*, int, int)
                0x08003948                Andromeda::Matrix::multiplyVector(float*, float*, float*, int, int)
                0x080039ec                Andromeda::Matrix::luDecomposition(Andromeda::fixed*, Andromeda::fixed*, Andromeda::fixed*, int)
                0x08003cb8                Andromeda::Matrix::getColumn(Andromeda::fixed*, Andromeda::fixed*, int, int, int)
                0x08003d04                Andromeda::Matrix::setColumn(Andromeda::fixed*, Andromeda::fixed*, int, int, int)
                0x08003d50                Andromeda::Matrix::solveUpperTriangular(Andromeda::fixed*, Andromeda::fixed*, Andromeda::fixed*, int)
                0x08003e6c                Andromeda::Matrix::solveLowerTriangular(Andromeda::fixed*, Andromeda::fixed*, Andromeda::fixed*, int)
                0x08003f84                Andromeda::Matrix::initialize(Andromeda::fixed*, int, int)
                0x08003fe0                Andromeda::Matrix::initialize(float*, int, int)
 .text._ZN9Andromeda5fixedaSEd
                0x08004038       0x2c Example THUMB Debug/matrix.o
                0x08004038                Andromeda::fixed::operator=(double)
 .text._ZNK9Andromeda5fixedplEf
                0x08004064       0x34 Example THUMB Debug/matrix.o
                0x08004064                Andromeda::fixed::operator+(float) const
 .text._ZN9Andromeda5fixedpLES0_
                0x08004098       0x30 Example THUMB Debug/matrix.o
                0x08004098                Andromeda::fixed::operator+=(Andromeda::fixed)
 .text._ZN9Andromeda5fixedmIES0_
                0x080040c8       0x30 Example THUMB Debug/matrix.o
                0x080040c8                Andromeda::fixed::operator-=(Andromeda::fixed)
 .text._ZN9Andromeda5fixedpLEf
                0x080040f8       0x30 Example THUMB Debug/matrix.o
                0x080040f8                Andromeda::fixed::operator+=(float)
 .text          0x08004128      0x840 Example THUMB Debug/vector.o
                0x08004128                Andromeda::Vector::normalize(Andromeda::fixed*)
                0x080041b4                Andromeda::Vector::normalize(float*)
                0x0800422c                Andromeda::Vector::dotProduct2(Andromeda::fixed*, Andromeda::fixed*)
                0x08004278                Andromeda::Vector::dotProduct2(float*, float*)
                0x080042c0                Andromeda::Vector::length2(Andromeda::fixed*)
                0x0800432c                Andromeda::Vector::length2(float*)
                0x08004390                Andromeda::Vector::add2(Andromeda::fixed*, Andromeda::fixed*, Andromeda::fixed*)
                0x080043e4                Andromeda::Vector::add2(float*, float*, float*)
                0x0800442c                Andromeda::Vector::subtract2(Andromeda::fixed*, Andromeda::fixed*, Andromeda::fixed*)
                0x08004480                Andromeda::Vector::subtract2(float*, float*, float*)
                0x080044c8                Andromeda::Vector::scale2(Andromeda::fixed*, Andromeda::fixed, Andromeda::fixed*)
                0x08004518                Andromeda::Vector::scale2(float*, float, float*)
                0x08004554                Andromeda::Vector::crossProduct2(Andromeda::fixed*, Andromeda::fixed*)
                0x080045a0                Andromeda::Vector::crossProduct2(float*, float*)
                0x080045e8                Andromeda::Vector::crossProduct(Andromeda::fixed*, Andromeda::fixed*, Andromeda::fixed*)
                0x080046e0                Andromeda::Vector::crossProduct(float*, float*, float*)
                0x080047a8                Andromeda::Vector::add(Andromeda::fixed*, Andromeda::fixed*, Andromeda::fixed*, int)
                0x08004804                Andromeda::Vector::subtract(Andromeda::fixed*, Andromeda::fixed*, Andromeda::fixed*, int)
                0x08004860                Andromeda::Vector::length(float*)
                0x080048e0                Andromeda::Vector::length(Andromeda::fixed*)
 .text._ZN9Andromeda5fixedcvdEv
                0x08004968       0x38 Example THUMB Debug/vector.o
                0x08004968                Andromeda::fixed::operator double()
 .text._ZN9Andromeda5fixeddVES0_
                0x080049a0       0x30 Example THUMB Debug/vector.o
                0x080049a0                Andromeda::fixed::operator/=(Andromeda::fixed)
 .text._ZNK9Andromeda5fixedneEi
                0x080049d0       0x30 Example THUMB Debug/vector.o
                0x080049d0                Andromeda::fixed::operator!=(int) const
 .text          0x08004a00      0x5a8 Example THUMB Debug/VNH3SP30TRdriver.o
                0x08004a00                VNH3SP30TRDriver::VNH3SP30TRDriver()
                0x08004a00                VNH3SP30TRDriver::VNH3SP30TRDriver()
                0x08004a6c                VNH3SP30TRDriver::Initialize(TIM_TypeDef*, unsigned int, TIM_TypeDef*, unsigned int, TIM_TypeDef*, unsigned int, GPIO_Pin, GPIO_Pin, GPIO_Pin, GPIO_Pin, GPIO_Pin, GPIO_Pin, GPIO_Pin, GPIO_Pin, GPIO_Pin)
                0x08004e10                VNH3SP30TRDriver::SetMode(VNH3SP30TRDriver::Mode)
                0x08004ed8                VNH3SP30TRDriver::SetSpeed(float)
 .text._ZN8GPIO_PinC2Ev
                0x08004fa8       0x34 Example THUMB Debug/VNH3SP30TRdriver.o
                0x08004fa8                GPIO_Pin::GPIO_Pin()
                0x08004fa8                GPIO_Pin::GPIO_Pin()
 .text          0x08004fdc      0xa28 Example THUMB Debug/ftdicomsdriver.o
                0x0800500c                FtdiComsDriver::FtdiComsDriver()
                0x0800500c                FtdiComsDriver::FtdiComsDriver()
                0x08005060                FtdiComsDriver::ChkChksum(CommandPacket*)
                0x080050b8                FtdiComsDriver::AddChecksum(Transmit_CommandPacket&)
                0x08005100                FtdiComsDriver::Initialize(GPIO_Pin, GPIO_Pin, GPIO_Pin, GPIO_Pin)
                0x08005228                FtdiComsDriver::configureUart()
                0x08005504                FtdiComsDriver::configureInterrupts()
                0x08005564                FtdiComsDriver::onEndRx()
                0x08005634                FtdiComsDriver::onInterruptDma1Stream1()
                0x08005648                FtdiComsDriver::onEndTx()
                0x08005750                FtdiComsDriver::onInterruptDma1Stream3()
                0x08005764                FtdiComsDriver::apiCopyPacketData(char const*, short, char const*, short)
                0x08005780                FtdiComsDriver::ReadPacket(unsigned char*, short&)
                0x080058c0                FtdiComsDriver::findPackageHeader(unsigned char*, short)
                0x08005914                FtdiComsDriver::findPackageLength(unsigned char*, short)
                0x08005944                FtdiComsDriver::beginWritePacket(char*, short)
 .text          0x08005a04      0x9f0 Example THUMB Debug/InterruptTemplate.o
                0x08005a04                InterruptTemplate::initialiseHandlers()
                0x08005c90                InterruptTemplate::registerForInterrupt(InterruptTemplate**, InterruptTemplate*)
                0x08005cd8                InterruptTemplate::onNotifyInterruptSystick()
                0x08005d20                InterruptTemplate::onNotifyInterruptExti0()
                0x08005d70                InterruptTemplate::onNotifyInterruptExti1()
                0x08005dc0                InterruptTemplate::onNotifyInterruptExti4()
                0x08005e10                InterruptTemplate::onNotifyInterruptExti9_5()
                0x08005e74                InterruptTemplate::onNotifyInterruptTim2()
                0x08005ebc                InterruptTemplate::onNotifyInterruptI2c1Ev()
                0x08005f04                InterruptTemplate::onNotifyInterruptI2c2Ev()
                0x08005f4c                InterruptTemplate::onNotifyInterruptI2c3Ev()
                0x08005f94                InterruptTemplate::onNotifyInterruptUsart3()
                0x08005fdc                InterruptTemplate::onNotifyInterruptSpi1()
                0x08006024                InterruptTemplate::onNotifyInterruptSpi2()
                0x0800606c                InterruptTemplate::onNotifyInterruptDma1Stream0()
                0x080060b4                InterruptTemplate::onNotifyInterruptDma1Stream1()
                0x080060fc                InterruptTemplate::onNotifyInterruptDma1Stream2()
                0x08006144                InterruptTemplate::onNotifyInterruptDma1Stream3()
                0x0800618c                InterruptTemplate::onNotifyInterruptDma1Stream4()
                0x080061d4                InterruptTemplate::onNotifyInterruptDma2Stream0()
                0x0800621c                InterruptTemplate::onNotifyInterruptDma2Stream3()
                0x08006264                InterruptTemplate::onInterruptSystick()
                0x08006278                InterruptTemplate::onInterruptExti0()
                0x0800628c                InterruptTemplate::onInterruptExti1()
                0x080062a0                InterruptTemplate::onInterruptExti4()
                0x080062b4                InterruptTemplate::onInterruptExti5()
                0x080062c8                InterruptTemplate::onInterruptTim2()
                0x080062dc                InterruptTemplate::onInterruptI2c1Ev()
                0x080062f0                InterruptTemplate::onInterruptI2c2Ev()
                0x08006304                InterruptTemplate::onInterruptI2c3Ev()
                0x08006318                InterruptTemplate::onInterruptUsart3()
                0x0800632c                InterruptTemplate::onInterruptSpi1()
                0x08006340                InterruptTemplate::onInterruptSpi2()
                0x08006354                InterruptTemplate::onInterruptDma1Stream0()
                0x08006368                InterruptTemplate::onInterruptDma1Stream1()
                0x0800637c                InterruptTemplate::onInterruptDma1Stream2()
                0x08006390                InterruptTemplate::onInterruptDma1Stream3()
                0x080063a4                InterruptTemplate::onInterruptDma1Stream4()
                0x080063b8                InterruptTemplate::onInterruptDma2Stream0()
                0x080063cc                InterruptTemplate::onInterruptDma2Stream3()
                0x080063e0                InterruptTemplate::onInterruptDma2Stream4()
 .text          0x080063f4       0x5c Example THUMB Debug/stm32f2xx_it.o
                0x080063f4                NMI_Handler
                0x08006400                HardFault_Handler
                0x08006408                MemManage_Handler
                0x08006410                BusFault_Handler
                0x08006418                UsageFault_Handler
                0x08006420                SVC_Handler
                0x0800642c                DebugMon_Handler
                0x08006438                PendSV_Handler
                0x08006444                SysTick_Handler
 .text          0x08006450      0x184 Example THUMB Debug/misc.o
                0x08006450                NVIC_PriorityGroupConfig
                0x08006474                NVIC_Init
                0x08006530                NVIC_SetVectorTable
                0x0800655c                NVIC_SystemLPConfig
                0x0800659c                SysTick_CLKSourceConfig
 .text          0x080065d4      0xa68 Example THUMB Debug/stm32f2xx_adc.o
                0x080065d4                ADC_DeInit
                0x080065f0                ADC_Init
                0x08006698                ADC_StructInit
                0x080066d4                ADC_CommonInit
                0x08006724                ADC_CommonStructInit
                0x08006750                ADC_Cmd
                0x08006788                ADC_AnalogWatchdogCmd
                0x080067c0                ADC_AnalogWatchdogThresholdsConfig
                0x080067e8                ADC_AnalogWatchdogSingleChannelConfig
                0x08006820                ADC_TempSensorVrefintCmd
                0x08006858                ADC_VBATCmd
                0x08006890                ADC_RegularChannelConfig
                0x08006a18                ADC_SoftwareStartConv
                0x08006a38                ADC_GetSoftwareStartConvStatus
                0x08006a68                ADC_EOCOnEachRegularChannelCmd
                0x08006aa0                ADC_ContinuousModeCmd
                0x08006ad8                ADC_DiscModeChannelCountConfig
                0x08006b1c                ADC_DiscModeCmd
                0x08006b54                ADC_GetConversionValue
                0x08006b70                ADC_GetMultiModeConversionValue
                0x08006b88                ADC_DMACmd
                0x08006bc0                ADC_DMARequestAfterLastTransferCmd
                0x08006bf8                ADC_MultiModeDMARequestAfterLastTransferCmd
                0x08006c30                ADC_InjectedChannelConfig
                0x08006d44                ADC_InjectedSequencerLengthConfig
                0x08006d88                ADC_SetInjectedOffset
                0x08006db8                ADC_ExternalTrigInjectedConvConfig
                0x08006dec                ADC_ExternalTrigInjectedConvEdgeConfig
                0x08006e20                ADC_SoftwareStartInjectedConv
                0x08006e40                ADC_GetSoftwareStartInjectedConvCmdStatus
                0x08006e70                ADC_AutoInjectedConvCmd
                0x08006ea8                ADC_InjectedDiscModeCmd
                0x08006ee0                ADC_GetInjectedConversionValue
                0x08006f10                ADC_ITConfig
                0x08006f60                ADC_GetFlagStatus
                0x08006f94                ADC_ClearFlag
                0x08006fb4                ADC_GetITStatus
                0x08007010                ADC_ClearITPendingBit
 .text          0x0800703c      0xf98 Example THUMB Debug/stm32f2xx_can.o
                0x0800703c                CAN_DeInit
                0x08007080                CAN_Init
                0x08007224                CAN_FilterInit
                0x08007388                CAN_StructInit
                0x080073dc                CAN_SlaveStartBank
                0x0800743c                CAN_DBGFreeze
                0x08007474                CAN_TTComModeCmd
                0x0800750c                CAN_Transmit
                0x0800769c                CAN_TransmitStatus
                0x08007770                CAN_CancelTransmit
                0x080077c0                CAN_Receive
                0x08007930                CAN_FIFORelease
                0x08007968                CAN_MessagePending
                0x080079b4                CAN_OperatingModeRequest
                0x08007ab0                CAN_Sleep
                0x08007aec                CAN_WakeUp
                0x08007b44                CAN_GetLastErrorCode
                0x08007b6c                CAN_GetReceiveErrorCounter
                0x08007b90                CAN_GetLSBTransmitErrorCounter
                0x08007bb8                CAN_ITConfig
                0x08007bf4                CAN_GetFlagStatus
                0x08007cc4                CAN_ClearFlag
                0x08007d34                CAN_GetITStatus
                0x08007ec8                CAN_ClearITPendingBit
 .text          0x08007fd4       0xd0 Example THUMB Debug/stm32f2xx_crc.o
                0x08007fd4                CRC_ResetDR
                0x08007fec                CRC_CalcCRC
                0x08008010                CRC_CalcBlockCRC
                0x08008054                CRC_GetCRC
                0x0800806c                CRC_SetIDRegister
                0x0800808c                CRC_GetIDRegister
 .text          0x080080a4      0x504 Example THUMB Debug/stm32f2xx_cryp.o
                0x080080a4                CRYP_DeInit
                0x080080bc                CRYP_Init
                0x0800815c                CRYP_StructInit
                0x08008188                CRYP_KeyInit
                0x080081e0                CRYP_KeyStructInit
                0x08008224                CRYP_IVInit
                0x0800825c                CRYP_IVStructInit
                0x08008288                CRYP_FIFOFlush
                0x080082a4                CRYP_Cmd
                0x080082dc                CRYP_DataIn
                0x080082f8                CRYP_DataOut
                0x08008310                CRYP_SaveContext
                0x08008414                CRYP_RestoreContext
                0x080084a0                CRYP_DMACmd
                0x080084e0                CRYP_ITConfig
                0x08008520                CRYP_GetITStatus
                0x08008558                CRYP_GetFlagStatus
 .text          0x080085a8      0xe94 Example THUMB Debug/stm32f2xx_cryp_aes.o
                0x080085a8                CRYP_AES_ECB
                0x080089f4                CRYP_AES_CBC
                0x08008f50                CRYP_AES_CTR
 .text          0x0800943c      0x2b4 Example THUMB Debug/stm32f2xx_cryp_des.o
                0x0800943c                CRYP_DES_ECB
                0x08009570                CRYP_DES_CBC
 .text          0x080096f0      0x3cc Example THUMB Debug/stm32f2xx_cryp_tdes.o
                0x080096f0                CRYP_TDES_ECB
                0x0800988c                CRYP_TDES_CBC
 .text          0x08009abc      0x42c Example THUMB Debug/stm32f2xx_dac.o
                0x08009abc                DAC_DeInit
                0x08009ad8                DAC_Init
                0x08009b3c                DAC_StructInit
                0x08009b68                DAC_Cmd
                0x08009bb0                DAC_SoftwareTriggerCmd
                0x08009bfc                DAC_DualSoftwareTriggerCmd
                0x08009c34                DAC_WaveGenerationCmd
                0x08009c80                DAC_SetChannel1Data
                0x08009cb4                DAC_SetChannel2Data
                0x08009ce8                DAC_SetDualChannelData
                0x08009d40                DAC_GetDataOutputValue
                0x08009d74                DAC_DMACmd
                0x08009dc0                DAC_ITConfig
                0x08009e0c                DAC_GetFlagStatus
                0x08009e48                DAC_ClearFlag
                0x08009e6c                DAC_GetITStatus
                0x08009ec4                DAC_ClearITPendingBit
 .text          0x08009ee8       0xe8 Example THUMB Debug/stm32f2xx_dbgmcu.o
                0x08009ee8                DBGMCU_GetREVID
                0x08009f00                DBGMCU_GetDEVID
                0x08009f1c                DBGMCU_Config
                0x08009f58                DBGMCU_APB1PeriphConfig
                0x08009f94                DBGMCU_APB2PeriphConfig
 .text          0x08009fd0      0x384 Example THUMB Debug/stm32f2xx_dcmi.o
                0x08009fd0                DCMI_DeInit
                0x0800a00c                DCMI_Init
                0x0800a088                DCMI_StructInit
                0x0800a0c4                DCMI_CROPConfig
                0x0800a100                DCMI_CROPCmd
                0x0800a138                DCMI_SetEmbeddedSynchroCodes
                0x0800a170                DCMI_JPEGCmd
                0x0800a1a8                DCMI_Cmd
                0x0800a1e0                DCMI_CaptureCmd
                0x0800a218                DCMI_ReadData
                0x0800a230                DCMI_ITConfig
                0x0800a270                DCMI_GetFlagStatus
                0x0800a2d4                DCMI_ClearFlag
                0x0800a2f4                DCMI_GetITStatus
                0x0800a334                DCMI_ClearITPendingBit
 .text          0x0800a354      0x70c Example THUMB Debug/stm32f2xx_dma.o
                0x0800a354                DMA_DeInit
                0x0800a4f8                DMA_Init
                0x0800a5a4                DMA_StructInit
                0x0800a610                DMA_Cmd
                0x0800a648                DMA_PeriphIncOffsetSizeConfig
                0x0800a67c                DMA_FlowControllerConfig
                0x0800a6b0                DMA_SetCurrDataCounter
                0x0800a6cc                DMA_GetCurrDataCounter
                0x0800a6e8                DMA_DoubleBufferModeConfig
                0x0800a724                DMA_DoubleBufferModeCmd
                0x0800a75c                DMA_MemoryTargetConfig
                0x0800a788                DMA_GetCurrentMemoryTarget
                0x0800a7b8                DMA_GetCmdStatus
                0x0800a7e8                DMA_GetFIFOStatus
                0x0800a80c                DMA_GetFlagStatus
                0x0800a884                DMA_ClearFlag
                0x0800a8e0                DMA_ITConfig
                0x0800a954                DMA_GetITStatus
                0x0800aa04                DMA_ClearITPendingBit
 .text          0x0800aa60      0x214 Example THUMB Debug/stm32f2xx_exti.o
                0x0800aa60                EXTI_DeInit
                0x0800aa94                EXTI_Init
                0x0800ab70                EXTI_StructInit
                0x0800ab9c                EXTI_GenerateSWInterrupt
                0x0800abc0                EXTI_GetFlagStatus
                0x0800abf4                EXTI_ClearFlag
                0x0800ac10                EXTI_GetITStatus
                0x0800ac58                EXTI_ClearITPendingBit
 .text          0x0800ac74      0x78c Example THUMB Debug/stm32f2xx_flash.o
                0x0800ac74                FLASH_SetLatency
                0x0800ac94                FLASH_PrefetchBufferCmd
                0x0800accc                FLASH_InstructionCacheCmd
                0x0800ad04                FLASH_DataCacheCmd
                0x0800ad3c                FLASH_InstructionCacheReset
                0x0800ad58                FLASH_DataCacheReset
                0x0800ad74                FLASH_Unlock
                0x0800ada0                FLASH_Lock
                0x0800adbc                FLASH_EraseSector
                0x0800ae7c                FLASH_EraseAllSectors
                0x0800af1c                FLASH_ProgramDoubleWord
                0x0800af8c                FLASH_ProgramWord
                0x0800aff4                FLASH_ProgramHalfWord
                0x0800b060                FLASH_ProgramByte
                0x0800b0c8                FLASH_OB_Unlock
                0x0800b0f8                FLASH_OB_Lock
                0x0800b114                FLASH_OB_WRPConfig
                0x0800b16c                FLASH_OB_RDPConfig
                0x0800b198                FLASH_OB_UserConfig
                0x0800b1f0                FLASH_OB_BORConfig
                0x0800b228                FLASH_OB_Launch
                0x0800b258                FLASH_OB_GetUser
                0x0800b274                FLASH_OB_GetWRP
                0x0800b28c                FLASH_OB_GetRDP
                0x0800b2bc                FLASH_OB_GetBOR
                0x0800b2dc                FLASH_ITConfig
                0x0800b318                FLASH_GetFlagStatus
                0x0800b34c                FLASH_ClearFlag
                0x0800b368                FLASH_GetStatus
                0x0800b3d0                FLASH_WaitForLastOperation
 .text          0x0800b400      0x94c Example THUMB Debug/stm32f2xx_fsmc.o
                0x0800b400                FSMC_NORSRAMDeInit
                0x0800b458                FSMC_NORSRAMInit
                0x0800b58c                FSMC_NORSRAMStructInit
                0x0800b660                FSMC_NORSRAMCmd
                0x0800b6b4                FSMC_NANDDeInit
                0x0800b710                FSMC_NANDInit
                0x0800b7dc                FSMC_NANDStructInit
                0x0800b858                FSMC_NANDCmd
                0x0800b8c4                FSMC_NANDECCCmd
                0x0800b930                FSMC_GetECC
                0x0800b968                FSMC_PCCARDDeInit
                0x0800b99c                FSMC_PCCARDInit
                0x0800ba48                FSMC_PCCARDStructInit
                0x0800bacc                FSMC_PCCARDCmd
                0x0800bb08                FSMC_ITConfig
                0x0800bba8                FSMC_GetFlagStatus
                0x0800bc0c                FSMC_ClearFlag
                0x0800bc68                FSMC_GetITStatus
                0x0800bce8                FSMC_ClearITPendingBit
 .text          0x0800bd4c      0x488 Example THUMB Debug/stm32f2xx_gpio.o
                0x0800bd4c                GPIO_DeInit
                0x0800be6c                GPIO_Init
                0x0800bf88                GPIO_StructInit
                0x0800bfbc                GPIO_PinLockConfig
                0x0800c000                GPIO_ReadInputDataBit
                0x0800c034                GPIO_ReadInputData
                0x0800c050                GPIO_ReadOutputDataBit
                0x0800c084                GPIO_ReadOutputData
                0x0800c0a0                GPIO_SetBits
                0x0800c0bc                GPIO_ResetBits
                0x0800c0d8                GPIO_WriteBit
                0x0800c108                GPIO_Write
                0x0800c124                GPIO_ToggleBits
                0x0800c148                GPIO_PinAFConfig
 .text          0x0800c1d4      0x3a8 Example THUMB Debug/stm32f2xx_hash.o
                0x0800c1d4                HASH_DeInit
                0x0800c1ec                HASH_Init
                0x0800c258                HASH_StructInit
                0x0800c284                HASH_Reset
                0x0800c2a0                HASH_SetLastWordValidBitsNbr
                0x0800c2d0                HASH_DataIn
                0x0800c2ec                HASH_GetInFIFOWordsNbr
                0x0800c30c                HASH_GetDigest
                0x0800c34c                HASH_StartDigest
                0x0800c368                HASH_SaveContext
                0x0800c3c4                HASH_RestoreContext
                0x0800c42c                HASH_DMACmd
                0x0800c464                HASH_ITConfig
                0x0800c4a4                HASH_GetFlagStatus
                0x0800c4f4                HASH_ClearFlag
                0x0800c514                HASH_GetITStatus
                0x0800c558                HASH_ClearITPendingBit
 .text          0x0800c57c      0x32c Example THUMB Debug/stm32f2xx_hash_md5.o
                0x0800c57c                HASH_MD5
                0x0800c698                HMAC_MD5
 .text          0x0800c8a8      0x358 Example THUMB Debug/stm32f2xx_hash_sha1.o
                0x0800c8a8                HASH_SHA1
                0x0800c9d8                HMAC_SHA1
 .text          0x0800cc00      0x988 Example THUMB Debug/stm32f2xx_i2c.o
                0x0800cc00                I2C_DeInit
                0x0800cc74                I2C_Init
                0x0800cdf8                I2C_StructInit
                0x0800ce34                I2C_Cmd
                0x0800ce74                I2C_GenerateSTART
                0x0800ceb4                I2C_GenerateSTOP
                0x0800cef4                I2C_Send7bitAddress
                0x0800cf30                I2C_AcknowledgeConfig
                0x0800cf70                I2C_OwnAddress2Config
                0x0800cfb0                I2C_DualAddressCmd
                0x0800cff0                I2C_GeneralCallCmd
                0x0800d030                I2C_SoftwareResetCmd
                0x0800d074                I2C_StretchClockCmd
                0x0800d0b4                I2C_FastModeDutyCycleConfig
                0x0800d0f4                I2C_NACKPositionConfig
                0x0800d134                I2C_SMBusAlertConfig
                0x0800d174                I2C_ARPCmd
                0x0800d1b4                I2C_SendData
                0x0800d1d4                I2C_ReceiveData
                0x0800d1f0                I2C_TransmitPEC
                0x0800d230                I2C_PECPositionConfig
                0x0800d270                I2C_CalculatePEC
                0x0800d2b0                I2C_GetPEC
                0x0800d2d0                I2C_DMACmd
                0x0800d310                I2C_DMALastTransferCmd
                0x0800d350                I2C_ReadRegister
                0x0800d380                I2C_ITConfig
                0x0800d3c8                I2C_CheckEvent
                0x0800d428                I2C_GetLastEvent
                0x0800d46c                I2C_GetFlagStatus
                0x0800d4d4                I2C_ClearFlag
                0x0800d500                I2C_GetITStatus
                0x0800d55c                I2C_ClearITPendingBit
 .text          0x0800d588       0xc8 Example THUMB Debug/stm32f2xx_iwdg.o
                0x0800d588                IWDG_WriteAccessCmd
                0x0800d5a8                IWDG_SetPrescaler
                0x0800d5c8                IWDG_SetReload
                0x0800d5e8                IWDG_ReloadCounter
                0x0800d600                IWDG_Enable
                0x0800d618                IWDG_GetFlagStatus
 .text          0x0800d650      0x1ec Example THUMB Debug/stm32f2xx_pwr.o
                0x0800d650                PWR_DeInit
                0x0800d66c                PWR_BackupAccessCmd
                0x0800d68c                PWR_PVDLevelConfig
                0x0800d6c4                PWR_PVDCmd
                0x0800d6e4                PWR_WakeUpPinCmd
                0x0800d704                PWR_BackupRegulatorCmd
                0x0800d724                PWR_FlashPowerDownCmd
                0x0800d744                PWR_EnterSTOPMode
                0x0800d7a8                PWR_EnterSTANDBYMode
                0x0800d7e4                PWR_GetFlagStatus
                0x0800d818                PWR_ClearFlag
 .text          0x0800d83c      0xa7c Example THUMB Debug/stm32f2xx_rcc.o
                0x0800d83c                RCC_DeInit
                0x0800d88c                RCC_HSEConfig
                0x0800d8b0                RCC_WaitForHSEStartUp
                0x0800d900                RCC_AdjustHSICalibrationValue
                0x0800d93c                RCC_HSICmd
                0x0800d95c                RCC_LSEConfig
                0x0800d99c                RCC_LSICmd
                0x0800d9bc                RCC_PLLConfig
                0x0800d9f8                RCC_PLLCmd
                0x0800da18                RCC_PLLI2SConfig
                0x0800da40                RCC_PLLI2SCmd
                0x0800da60                RCC_ClockSecuritySystemCmd
                0x0800da80                RCC_MCO1Config
                0x0800dabc                RCC_MCO2Config
                0x0800daf8                RCC_SYSCLKConfig
                0x0800db30                RCC_GetSYSCLKSource
                0x0800db50                RCC_HCLKConfig
                0x0800db88                RCC_PCLK1Config
                0x0800dbc0                RCC_PCLK2Config
                0x0800dbf8                RCC_GetClocksFreq
                0x0800dd4c                RCC_RTCCLKConfig
                0x0800dda8                RCC_RTCCLKCmd
                0x0800ddc8                RCC_BackupResetCmd
                0x0800dde8                RCC_I2SCLKConfig
                0x0800de04                RCC_AHB1PeriphClockCmd
                0x0800de40                RCC_AHB2PeriphClockCmd
                0x0800de7c                RCC_AHB3PeriphClockCmd
                0x0800deb8                RCC_APB1PeriphClockCmd
                0x0800def4                RCC_APB2PeriphClockCmd
                0x0800df30                RCC_AHB1PeriphResetCmd
                0x0800df6c                RCC_AHB2PeriphResetCmd
                0x0800dfa8                RCC_AHB3PeriphResetCmd
                0x0800dfe4                RCC_APB1PeriphResetCmd
                0x0800e020                RCC_APB2PeriphResetCmd
                0x0800e05c                RCC_AHB1PeriphClockLPModeCmd
                0x0800e098                RCC_AHB2PeriphClockLPModeCmd
                0x0800e0d4                RCC_AHB3PeriphClockLPModeCmd
                0x0800e110                RCC_APB1PeriphClockLPModeCmd
                0x0800e14c                RCC_APB2PeriphClockLPModeCmd
                0x0800e188                RCC_ITConfig
                0x0800e1d0                RCC_GetFlagStatus
                0x0800e244                RCC_ClearFlag
                0x0800e260                RCC_GetITStatus
                0x0800e298                RCC_ClearITPendingBit
 .text          0x0800e2b8      0x158 Example THUMB Debug/stm32f2xx_rng.o
                0x0800e2b8                RNG_DeInit
                0x0800e2d0                RNG_Cmd
                0x0800e308                RNG_GetRandomNumber
                0x0800e320                RNG_ITConfig
                0x0800e358                RNG_GetFlagStatus
                0x0800e390                RNG_ClearFlag
                0x0800e3b4                RNG_GetITStatus
                0x0800e3ec                RNG_ClearITPendingBit
 .text          0x0800e410     0x1150 Example THUMB Debug/stm32f2xx_rtc.o
                0x0800e410                RTC_DeInit
                0x0800e4ec                RTC_Init
                0x0800e564                RTC_StructInit
                0x0800e588                RTC_WriteProtectionCmd
                0x0800e5bc                RTC_EnterInitMode
                0x0800e630                RTC_ExitInitMode
                0x0800e64c                RTC_WaitForSynchro
                0x0800e6c4                RTC_RefClockCmd
                0x0800e72c                RTC_SetTime
                0x0800e830                RTC_TimeStructInit
                0x0800e85c                RTC_GetTime
                0x0800e8f8                RTC_SetDate
                0x0800ea04                RTC_DateStructInit
                0x0800ea30                RTC_GetDate
                0x0800eacc                RTC_SetAlarm
                0x0800ec04                RTC_AlarmStructInit
                0x0800ec40                RTC_GetAlarm
                0x0800ed18                RTC_AlarmCmd
                0x0800edb4                RTC_WakeUpClockConfig
                0x0800edf4                RTC_SetWakeUpCounter
                0x0800ee24                RTC_GetWakeUpCounter
                0x0800ee3c                RTC_WakeUpCmd
                0x0800eed0                RTC_DayLightSavingConfig
                0x0800ef18                RTC_GetStoreOperation
                0x0800ef34                RTC_OutputConfig
                0x0800ef7c                RTC_CoarseCalibConfig
                0x0800efcc                RTC_CoarseCalibCmd
                0x0800f034                RTC_CalibOutputCmd
                0x0800f080                RTC_TimeStampCmd
                0x0800f0e0                RTC_GetTimeStamp
                0x0800f1f4                RTC_TamperTriggerConfig
                0x0800f234                RTC_TamperCmd
                0x0800f270                RTC_WriteBackupRegister
                0x0800f2a0                RTC_ReadBackupRegister
                0x0800f2d0                RTC_TamperPinSelection
                0x0800f300                RTC_TimeStampPinSelection
                0x0800f330                RTC_OutputTypeConfig
                0x0800f360                RTC_ITConfig
                0x0800f3d8                RTC_GetFlagStatus
                0x0800f41c                RTC_ClearFlag
                0x0800f44c                RTC_GetITStatus
                0x0800f4b4                RTC_ClearITPendingBit
 .text          0x0800f560      0x4d0 Example THUMB Debug/stm32f2xx_sdio.o
                0x0800f560                SDIO_DeInit
                0x0800f57c                SDIO_Init
                0x0800f5d8                SDIO_StructInit
                0x0800f610                SDIO_ClockCmd
                0x0800f630                SDIO_SetPowerState
                0x0800f64c                SDIO_GetPowerState
                0x0800f668                SDIO_SendCommand
                0x0800f6c0                SDIO_CmdStructInit
                0x0800f6f0                SDIO_GetCommandResponse
                0x0800f708                SDIO_GetResponse
                0x0800f730                SDIO_DataConfig
                0x0800f78c                SDIO_DataStructInit
                0x0800f7c4                SDIO_GetDataCounter
                0x0800f7dc                SDIO_ReadData
                0x0800f7f4                SDIO_WriteData
                0x0800f814                SDIO_GetFIFOCount
                0x0800f82c                SDIO_StartSDIOReadWait
                0x0800f84c                SDIO_StopSDIOReadWait
                0x0800f86c                SDIO_SetSDIOReadWaitMode
                0x0800f888                SDIO_SetSDIOOperation
                0x0800f8a8                SDIO_SendSDIOSuspendCmd
                0x0800f8c8                SDIO_CommandCompletionCmd
                0x0800f8e8                SDIO_CEATAITCmd
                0x0800f914                SDIO_SendCEATACmd
                0x0800f934                SDIO_DMACmd
                0x0800f954                SDIO_ITConfig
                0x0800f990                SDIO_GetFlagStatus
                0x0800f9c4                SDIO_ClearFlag
                0x0800f9e0                SDIO_GetITStatus
                0x0800fa14                SDIO_ClearITPendingBit
 .text          0x0800fa30      0x780 Example THUMB Debug/stm32f2xx_spi.o
                0x0800fa30                SPI_I2S_DeInit
                0x0800faa4                SPI_Init
                0x0800fb2c                I2S_Init
                0x0800fcdc                SPI_StructInit
                0x0800fd24                I2S_StructInit
                0x0800fd5c                SPI_Cmd
                0x0800fd9c                I2S_Cmd
                0x0800fddc                SPI_DataSizeConfig
                0x0800fe14                SPI_BiDirectionalLineConfig
                0x0800fe54                SPI_NSSInternalSoftwareConfig
                0x0800fe98                SPI_SSOutputCmd
                0x0800fed8                SPI_TIModeCmd
                0x0800ff18                SPI_I2S_ReceiveData
                0x0800ff34                SPI_I2S_SendData
                0x0800ff50                SPI_CalculateCRC
                0x0800ff90                SPI_TransmitCRC
                0x0800ffb4                SPI_GetCRC
                0x0800ffe8                SPI_GetCRCPolynomial
                0x08010004                SPI_I2S_DMACmd
                0x0801004c                SPI_I2S_ITConfig
                0x080100ac                SPI_I2S_GetFlagStatus
                0x080100e4                SPI_I2S_ClearFlag
                0x08010104                SPI_I2S_GetITStatus
                0x0801017c                SPI_I2S_ClearITPendingBit
 .text          0x080101b0      0x128 Example THUMB Debug/stm32f2xx_syscfg.o
                0x080101b0                SYSCFG_DeInit
                0x080101cc                SYSCFG_MemoryRemapConfig
                0x080101ec                SYSCFG_EXTILineConfig
                0x08010268                SYSCFG_ETH_MediaInterfaceConfig
                0x08010284                SYSCFG_CompensationCellCmd
                0x080102a4                SYSCFG_GetCompensationCellStatus
 .text          0x080102d8     0x1b80 Example THUMB Debug/stm32f2xx_tim.o
                0x080102d8                TIM_DeInit
                0x08010494                TIM_TimeBaseInit
                0x08010568                TIM_TimeBaseStructInit
                0x0801059c                TIM_PrescalerConfig
                0x080105c4                TIM_CounterModeConfig
                0x080105fc                TIM_SetCounter
                0x08010618                TIM_SetAutoreload
                0x08010634                TIM_GetCounter
                0x0801064c                TIM_GetPrescaler
                0x08010668                TIM_UpdateDisableConfig
                0x080106a8                TIM_UpdateRequestConfig
                0x080106e8                TIM_ARRPreloadConfig
                0x08010728                TIM_SelectOnePulseMode
                0x08010760                TIM_SetClockDivision
                0x08010798                TIM_Cmd
                0x080107d8                TIM_OC1Init
                0x080108cc                TIM_OC2Init
                0x080109dc                TIM_OC3Init
                0x08010ae8                TIM_OC4Init
                0x08010bb4                TIM_OCStructInit
                0x08010bf8                TIM_SelectOCxM
                0x08010ca4                TIM_SetCompare1
                0x08010cc0                TIM_SetCompare2
                0x08010cdc                TIM_SetCompare3
                0x08010cf8                TIM_SetCompare4
                0x08010d14                TIM_ForcedOC1Config
                0x08010d4c                TIM_ForcedOC2Config
                0x08010d88                TIM_ForcedOC3Config
                0x08010dc0                TIM_ForcedOC4Config
                0x08010dfc                TIM_OC1PreloadConfig
                0x08010e34                TIM_OC2PreloadConfig
                0x08010e70                TIM_OC3PreloadConfig
                0x08010ea8                TIM_OC4PreloadConfig
                0x08010ee4                TIM_OC1FastConfig
                0x08010f1c                TIM_OC2FastConfig
                0x08010f58                TIM_OC3FastConfig
                0x08010f90                TIM_OC4FastConfig
                0x08010fcc                TIM_ClearOC1Ref
                0x08011004                TIM_ClearOC2Ref
                0x08011040                TIM_ClearOC3Ref
                0x08011078                TIM_ClearOC4Ref
                0x080110b4                TIM_OC1PolarityConfig
                0x080110ec                TIM_OC1NPolarityConfig
                0x08011124                TIM_OC2PolarityConfig
                0x08011160                TIM_OC2NPolarityConfig
                0x0801119c                TIM_OC3PolarityConfig
                0x080111d8                TIM_OC3NPolarityConfig
                0x08011214                TIM_OC4PolarityConfig
                0x08011250                TIM_CCxCmd
                0x080112a4                TIM_CCxNCmd
                0x080112f8                TIM_ICInit
                0x080113a0                TIM_ICStructInit
                0x080113d0                TIM_PWMIConfig
                0x08011488                TIM_GetCapture1
                0x080114a0                TIM_GetCapture2
                0x080114b8                TIM_GetCapture3
                0x080114d0                TIM_GetCapture4
                0x080114e8                TIM_SetIC1Prescaler
                0x08011520                TIM_SetIC2Prescaler
                0x0801155c                TIM_SetIC3Prescaler
                0x08011594                TIM_SetIC4Prescaler
                0x080115d0                TIM_BDTRConfig
                0x08011620                TIM_BDTRStructInit
                0x0801165c                TIM_CtrlPWMOutputs
                0x080116a8                TIM_SelectCOM
                0x080116e8                TIM_CCPreloadControl
                0x08011728                TIM_ITConfig
                0x08011770                TIM_GenerateEvent
                0x0801178c                TIM_GetFlagStatus
                0x080117c4                TIM_ClearFlag
                0x080117e4                TIM_GetITStatus
                0x08011838                TIM_ClearITPendingBit
                0x08011858                TIM_DMAConfig
                0x08011880                TIM_DMACmd
                0x080118c8                TIM_SelectCCDMA
                0x08011908                TIM_InternalClockConfig
                0x0801192c                TIM_ITRxExternalClockConfig
                0x08011958                TIM_TIxExternalClockConfig
                0x080119ac                TIM_ETRClockMode1Config
                0x080119fc                TIM_ETRClockMode2Config
                0x08011a2c                TIM_SelectInputTrigger
                0x08011a64                TIM_SelectOutputTrigger
                0x08011a9c                TIM_SelectSlaveMode
                0x08011ad4                TIM_SelectMasterSlaveMode
                0x08011b0c                TIM_ETRConfig
                0x08011b54                TIM_EncoderInterfaceConfig
                0x08011be0                TIM_SelectHallSensor
                0x08011c20                TIM_RemapConfig
 .text          0x08011e58      0x914 Example THUMB Debug/stm32f2xx_usart.o
                0x08011e58                USART_DeInit
                0x08011f28                USART_Init
                0x0801209c                USART_StructInit
                0x080120d4                USART_ClockInit
                0x08012128                USART_ClockStructInit
                0x08012154                USART_Cmd
                0x08012194                USART_SetPrescaler
                0x080121cc                USART_OverSampling8Cmd
                0x08012210                USART_OneBitMethodCmd
                0x08012250                USART_SendData
                0x08012274                USART_ReceiveData
                0x08012294                USART_SetAddress
                0x080122cc                USART_ReceiverWakeUpCmd
                0x0801230c                USART_WakeUpConfig
                0x08012344                USART_LINBreakDetectLengthConfig
                0x0801237c                USART_LINCmd
                0x080123bc                USART_SendBreak
                0x080123e0                USART_HalfDuplexCmd
                0x08012420                USART_SetGuardTime
                0x0801245c                USART_SmartCardCmd
                0x0801249c                USART_SmartCardNACKCmd
                0x080124dc                USART_IrDAConfig
                0x08012514                USART_IrDACmd
                0x08012554                USART_DMACmd
                0x0801259c                USART_ITConfig
                0x0801262c                USART_GetFlagStatus
                0x08012664                USART_ClearFlag
                0x08012684                USART_GetITStatus
                0x08012734                USART_ClearITPendingBit
 .text          0x0801276c      0x130 Example THUMB Debug/stm32f2xx_wwdg.o
                0x0801276c                WWDG_DeInit
                0x08012788                WWDG_SetPrescaler
                0x080127bc                WWDG_SetWindowValue
                0x080127f4                WWDG_EnableIT
                0x0801280c                WWDG_SetCounter
                0x08012830                WWDG_Enable
                0x08012854                WWDG_GetFlagStatus
                0x08012884                WWDG_ClearFlag
 .text          0x0801289c      0x820 Example THUMB Debug/stm322xg_eval.o
                0x0801289c                STM_EVAL_LEDInit
                0x080128f8                STM_EVAL_LEDOn
                0x08012928                STM_EVAL_LEDOff
                0x08012958                STM_EVAL_LEDToggle
                0x08012994                STM_EVAL_PBInit
                0x08012a68                STM_EVAL_PBGetState
                0x08012a9c                STM_EVAL_COMInit
                0x08012b74                SD_LowLevel_DeInit
                0x08012c14                SD_LowLevel_Init
                0x08012ce0                SD_LowLevel_DMA_TxConfig
                0x08012d80                SD_LowLevel_DMA_RxConfig
                0x08012e20                sEE_LowLevel_DeInit
                0x08012ed0                sEE_LowLevel_Init
                0x08013060                sEE_LowLevel_DMAConfig
 .text          0x080130bc     0x1b4c Example THUMB Debug/stm322xg_eval_lcd.o
                0x080130bc                LCD_DeInit
                0x080132fc                STM322xG_LCD_Init
                0x08013720                LCD_SetColors
                0x08013750                LCD_GetColors
                0x08013780                LCD_SetTextColor
                0x080137a0                LCD_SetBackColor
                0x080137c0                LCD_SetFont
                0x080137dc                LCD_GetFont
                0x080137f4                LCD_ClearLine
                0x0801383c                LCD_Clear
                0x0801387c                LCD_SetCursor
                0x080138a4                LCD_DrawChar
                0x080139a8                LCD_DisplayChar
                0x080139f0                LCD_DisplayStringLine
                0x08013a60                LCD_SetDisplayWindow
                0x08013ae4                LCD_WindowModeDisable
                0x08013b04                LCD_DrawLine
                0x08013b90                LCD_DrawRect
                0x08013c04                LCD_DrawCircle
                0x08013dd0                LCD_DrawMonoPict
                0x08013e54                LCD_WriteBMP
                0x08013ef0                LCD_DrawFullRect
                0x08013fc0                LCD_DrawFullCircle
                0x08014100                LCD_DrawUniLine
                0x08014268                LCD_PolyLine
                0x08014360                LCD_ClosedPolyLine
                0x080143b0                LCD_PolyLineRelative
                0x080143d0                LCD_ClosedPolyLineRelative
                0x080143f0                LCD_FillPolyLine
                0x08014894                LCD_WriteReg
                0x080148c0                LCD_ReadReg
                0x080148e8                LCD_WriteRAM_Prepare
                0x080148fc                LCD_WriteRAM
                0x08014918                LCD_ReadRAM
                0x08014938                LCD_PowerOn
                0x080149b0                LCD_DisplayOn
                0x080149c0                LCD_DisplayOff
                0x080149d0                LCD_CtrlLinesConfig
                0x08014b0c                LCD_FSMCConfig
 .text          0x08014c08        0x0 Example THUMB Debug/thumb_crt0.o
 .text          0x08014c08        0x0 Example THUMB Debug/STM32_Startup.o
 .text.libc     0x08014c08        0x0 /Applications/CrossWorks for ARM 3.3/lib/libm_v7m_t_le_eabi.a(libm_asm.o)
 .text.libc.__int32_to_float32
                0x08014c08       0x30 /Applications/CrossWorks for ARM 3.3/lib/libm_v7m_t_le_eabi.a(libm_asm.o)
                0x08014c08                __aeabi_i2f
                0x08014c08                __int32_to_float32
                0x08014c08                __floatsisf
                0x08014c18                __int32_to_float32_common
 .text.libc.__int32_to_float64
                0x08014c38       0x30 /Applications/CrossWorks for ARM 3.3/lib/libm_v7m_t_le_eabi.a(libm_asm.o)
                0x08014c38                __floatsidf
                0x08014c38                __aeabi_i2d
                0x08014c38                __int32_to_float64
 .text.libc.__uint32_to_float32
                0x08014c68       0x10 /Applications/CrossWorks for ARM 3.3/lib/libm_v7m_t_le_eabi.a(libm_asm.o)
                0x08014c68                __uint32_to_float32
                0x08014c68                __aeabi_ui2f
                0x08014c68                __floatunsisf
 .text.libc.__uint32_to_float64
                0x08014c78       0x24 /Applications/CrossWorks for ARM 3.3/lib/libm_v7m_t_le_eabi.a(libm_asm.o)
                0x08014c78                __uint32_to_float64
                0x08014c78                __aeabi_ui2d
                0x08014c78                __floatunsidf
 .text.libc.__int64_to_float32
                0x08014c9c       0x94 /Applications/CrossWorks for ARM 3.3/lib/libm_v7m_t_le_eabi.a(libm_asm.o)
                0x08014c9c                __int64_to_float32
                0x08014c9c                __floatdisf
                0x08014c9c                __aeabi_l2f
                0x08014cbc                __int64_to_float32_common
 .text.libc.__int64_to_float64
                0x08014d30       0xa0 /Applications/CrossWorks for ARM 3.3/lib/libm_v7m_t_le_eabi.a(libm_asm.o)
                0x08014d30                __floatdidf
                0x08014d30                __int64_to_float64
                0x08014d30                __aeabi_l2d
                0x08014d54                __RAL_aeabi_l2d_common
 .text.libc.__uint64_to_float32
                0x08014dd0       0x10 /Applications/CrossWorks for ARM 3.3/lib/libm_v7m_t_le_eabi.a(libm_asm.o)
                0x08014dd0                __floatundisf
                0x08014dd0                __aeabi_ul2f
                0x08014dd0                __uint64_to_float32
 .text.libc.__uint64_to_float64
                0x08014de0       0x14 /Applications/CrossWorks for ARM 3.3/lib/libm_v7m_t_le_eabi.a(libm_asm.o)
                0x08014de0                __uint64_to_float64
                0x08014de0                __aeabi_ul2d
                0x08014de0                __floatundidf
 .text.libc.__float32_to_int32
                0x08014df4       0x40 /Applications/CrossWorks for ARM 3.3/lib/libm_v7m_t_le_eabi.a(libm_asm.o)
                0x08014df4                __fixsfsi
                0x08014df4                __float32_to_int32
                0x08014df4                __aeabi_f2iz
 .text.libc.__float32_to_int64
                0x08014e34       0x7c /Applications/CrossWorks for ARM 3.3/lib/libm_v7m_t_le_eabi.a(libm_asm.o)
                0x08014e34                __float32_to_int64
                0x08014e34                __aeabi_f2lz
                0x08014e34                __fixsfdi
 .text.libc.__float32_to_uint32
                0x08014eb0       0x24 /Applications/CrossWorks for ARM 3.3/lib/libm_v7m_t_le_eabi.a(libm_asm.o)
                0x08014eb0                __float32_to_uint32
                0x08014eb0                __aeabi_f2uiz
                0x08014eb0                __fixunssfsi
 .text.libc.__float32_to_uint64
                0x08014ed4       0x48 /Applications/CrossWorks for ARM 3.3/lib/libm_v7m_t_le_eabi.a(libm_asm.o)
                0x08014ed4                __float32_to_uint64
                0x08014ed4                __aeabi_f2ulz
                0x08014ed4                __fixunssfdi
 .text.libc.__float64_to_int32
                0x08014f1c       0x50 /Applications/CrossWorks for ARM 3.3/lib/libm_v7m_t_le_eabi.a(libm_asm.o)
                0x08014f1c                __fixdfsi
                0x08014f1c                __aeabi_d2iz
                0x08014f1c                __float64_to_int32
 .text.libc.__float64_to_int64
                0x08014f6c       0x80 /Applications/CrossWorks for ARM 3.3/lib/libm_v7m_t_le_eabi.a(libm_asm.o)
                0x08014f6c                __float64_to_int64
                0x08014f6c                __aeabi_d2lz
                0x08014f6c                __fixdfdi
 .text.libc.__float64_to_uint32
                0x08014fec       0x2c /Applications/CrossWorks for ARM 3.3/lib/libm_v7m_t_le_eabi.a(libm_asm.o)
                0x08014fec                __fixunsdfsi
                0x08014fec                __aeabi_d2uiz
                0x08014fec                __float64_to_uint32
 .text.libc.__float64_to_uint64
                0x08015018       0x48 /Applications/CrossWorks for ARM 3.3/lib/libm_v7m_t_le_eabi.a(libm_asm.o)
                0x08015018                __aeabi_d2ulz
                0x08015018                __fixunsdfdi
                0x08015018                __float64_to_uint64
 .text.libc.__float32_to_float64
                0x08015060       0x38 /Applications/CrossWorks for ARM 3.3/lib/libm_v7m_t_le_eabi.a(libm_asm.o)
                0x08015060                __extendsfdf2
                0x08015060                __float32_to_float64
                0x08015060                __aeabi_f2d
 .text.libc.__float64_to_float32
                0x08015098       0x70 /Applications/CrossWorks for ARM 3.3/lib/libm_v7m_t_le_eabi.a(libm_asm.o)
                0x08015098                __aeabi_d2f
                0x08015098                __truncdfsf2
                0x08015098                __float64_to_float32
 .text.libc.__float32_add
                0x08015108      0x138 /Applications/CrossWorks for ARM 3.3/lib/libm_v7m_t_le_eabi.a(libm_asm.o)
                0x08015108                __aeabi_frsub
                0x08015110                __subsf3
                0x08015110                __float32_sub
                0x08015110                __aeabi_fsub
                0x08015114                __aeabi_fadd
                0x08015114                __addsf3
                0x08015114                __float32_add
 .text.libc.__float32_mul
                0x08015240       0xd4 /Applications/CrossWorks for ARM 3.3/lib/libm_v7m_t_le_eabi.a(libm_asm.o)
                0x08015240                __float32_mul
                0x08015240                __mulsf3
                0x08015240                __aeabi_fmul
 .text.libc.__float32_div
                0x08015314      0x1e0 /Applications/CrossWorks for ARM 3.3/lib/libm_v7m_t_le_eabi.a(libm_asm.o)
                0x08015314                __divsf3
                0x08015314                __aeabi_fdiv
                0x08015314                __float32_div
 .text.libc.__float32_cmp
                0x080154f4       0x44 /Applications/CrossWorks for ARM 3.3/lib/libm_v7m_t_le_eabi.a(libm_asm.o)
                0x080154f4                __eqsf2
                0x080154f4                __nesf2
                0x080154f4                __gtsf2
                0x080154f4                __lesf2
                0x080154f4                __cmpsf2
                0x080154f4                __ltsf2
                0x080154f4                __gesf2
 .text.libc.__aeabi_fcmpeq
                0x08015538       0x1c /Applications/CrossWorks for ARM 3.3/lib/libm_v7m_t_le_eabi.a(libm_asm.o)
                0x08015538                __aeabi_fcmpeq
 .text.libc.__aeabi_fcmplt
                0x08015554       0x30 /Applications/CrossWorks for ARM 3.3/lib/libm_v7m_t_le_eabi.a(libm_asm.o)
                0x08015554                __aeabi_fcmplt
 .text.libc.__aeabi_fcmple
                0x08015584       0x34 /Applications/CrossWorks for ARM 3.3/lib/libm_v7m_t_le_eabi.a(libm_asm.o)
                0x08015584                __aeabi_fcmple
 .text.libc.__aeabi_fcmpgt
                0x080155b8       0x30 /Applications/CrossWorks for ARM 3.3/lib/libm_v7m_t_le_eabi.a(libm_asm.o)
                0x080155b8                __aeabi_fcmpgt
 .text.libc.__aeabi_fcmpge
                0x080155e8       0x34 /Applications/CrossWorks for ARM 3.3/lib/libm_v7m_t_le_eabi.a(libm_asm.o)
                0x080155e8                __aeabi_fcmpge
 .text.libc.__float32_cmpun
                0x0801561c       0x20 /Applications/CrossWorks for ARM 3.3/lib/libm_v7m_t_le_eabi.a(libm_asm.o)
                0x0801561c                __aeabi_fcmpun
 .text.libc.__float64_add
                0x0801563c      0x294 /Applications/CrossWorks for ARM 3.3/lib/libm_v7m_t_le_eabi.a(libm_asm.o)
                0x0801563c                __aeabi_drsub
                0x08015644                __float64_sub
                0x08015644                __aeabi_dsub
                0x08015644                __subdf3
                0x08015648                __aeabi_dadd
                0x08015648                __float64_add
                0x08015648                __adddf3
 .text.libc.__float64_mul
                0x080158d0      0x16c /Applications/CrossWorks for ARM 3.3/lib/libm_v7m_t_le_eabi.a(libm_asm.o)
                0x080158d0                __aeabi_dmul
                0x080158d0                __float64_mul
                0x080158d0                __muldf3
 .text.libc.__float64_div
                0x08015a3c      0x214 /Applications/CrossWorks for ARM 3.3/lib/libm_v7m_t_le_eabi.a(libm_asm.o)
                0x08015a3c                __aeabi_ddiv
                0x08015a3c                __divdf3
                0x08015a3c                __float64_div
 .text.libc.__float64_cmp
                0x08015c50       0x64 /Applications/CrossWorks for ARM 3.3/lib/libm_v7m_t_le_eabi.a(libm_asm.o)
                0x08015c50                __ltdf2
                0x08015c50                __eqdf2
                0x08015c50                __gtdf2
                0x08015c50                __cmpdf2
                0x08015c50                __ledf2
                0x08015c50                __nedf2
                0x08015c50                __gedf2
 .text.libc.__float64_cmpeq
                0x08015cb4       0x34 /Applications/CrossWorks for ARM 3.3/lib/libm_v7m_t_le_eabi.a(libm_asm.o)
                0x08015cb4                __aeabi_dcmpeq
 .text.libc.__float64_cmple
                0x08015ce8       0x38 /Applications/CrossWorks for ARM 3.3/lib/libm_v7m_t_le_eabi.a(libm_asm.o)
                0x08015ce8                __aeabi_dcmple
 .text.libc.__float64_cmpge
                0x08015d20       0x38 /Applications/CrossWorks for ARM 3.3/lib/libm_v7m_t_le_eabi.a(libm_asm.o)
                0x08015d20                __aeabi_dcmpge
 .text.libc.__float64_cmplt
                0x08015d58       0x38 /Applications/CrossWorks for ARM 3.3/lib/libm_v7m_t_le_eabi.a(libm_asm.o)
                0x08015d58                __aeabi_dcmplt
 .text.libc.__float64_cmpgt
                0x08015d90       0x38 /Applications/CrossWorks for ARM 3.3/lib/libm_v7m_t_le_eabi.a(libm_asm.o)
                0x08015d90                __aeabi_dcmpgt
 .text.libc.__float64_cmpun
                0x08015dc8       0x20 /Applications/CrossWorks for ARM 3.3/lib/libm_v7m_t_le_eabi.a(libm_asm.o)
                0x08015dc8                __aeabi_dcmpun
 .text.libc.__float32_signbit
                0x08015de8        0x8 /Applications/CrossWorks for ARM 3.3/lib/libm_v7m_t_le_eabi.a(libm_asm.o)
                0x08015de8                __float32_signbit
 .text.libc.__float64_signbit
                0x08015df0        0x8 /Applications/CrossWorks for ARM 3.3/lib/libm_v7m_t_le_eabi.a(libm_asm.o)
                0x08015df0                __float64_signbit
 .text.libc.__float32_isinf
                0x08015df8       0x10 /Applications/CrossWorks for ARM 3.3/lib/libm_v7m_t_le_eabi.a(libm_asm.o)
                0x08015df8                __float32_isinf
 .text.libc.__float64_isinf
                0x08015e08       0x10 /Applications/CrossWorks for ARM 3.3/lib/libm_v7m_t_le_eabi.a(libm_asm.o)
                0x08015e08                __float64_isinf
 .text.libc.__float32_isnan
                0x08015e18       0x10 /Applications/CrossWorks for ARM 3.3/lib/libm_v7m_t_le_eabi.a(libm_asm.o)
                0x08015e18                __float32_isnan
 .text.libc.__float64_isnan
                0x08015e28       0x10 /Applications/CrossWorks for ARM 3.3/lib/libm_v7m_t_le_eabi.a(libm_asm.o)
                0x08015e28                __float64_isnan
 .text.libc.__float32_isfinite
                0x08015e38        0xc /Applications/CrossWorks for ARM 3.3/lib/libm_v7m_t_le_eabi.a(libm_asm.o)
                0x08015e38                __float32_isfinite
 .text.libc.__float64_isfinite
                0x08015e44       0x10 /Applications/CrossWorks for ARM 3.3/lib/libm_v7m_t_le_eabi.a(libm_asm.o)
                0x08015e44                __float64_isfinite
 .text.libc.__float32_isnormal
                0x08015e54       0x18 /Applications/CrossWorks for ARM 3.3/lib/libm_v7m_t_le_eabi.a(libm_asm.o)
                0x08015e54                __float32_isnormal
 .text.libc.__float64_isnormal
                0x08015e6c       0x18 /Applications/CrossWorks for ARM 3.3/lib/libm_v7m_t_le_eabi.a(libm_asm.o)
                0x08015e6c                __float64_isnormal
 .text.libc.__float32_classify
                0x08015e84       0x24 /Applications/CrossWorks for ARM 3.3/lib/libm_v7m_t_le_eabi.a(libm_asm.o)
                0x08015e84                __float32_classify
 .text.libc.__float64_classify
                0x08015ea8       0x28 /Applications/CrossWorks for ARM 3.3/lib/libm_v7m_t_le_eabi.a(libm_asm.o)
                0x08015ea8                __float64_classify
 .text          0x08015ed0        0x0 /Applications/CrossWorks for ARM 3.3/lib/libm_v7m_t_le_eabi.a(libm2.o)
 .text.libc     0x08015ed0        0x0 /Applications/CrossWorks for ARM 3.3/lib/libm_v7m_t_le_eabi.a(libm2.o)
 .text.libc.__RAL_poly1_eval
                0x08015ed0       0x54 /Applications/CrossWorks for ARM 3.3/lib/libm_v7m_t_le_eabi.a(libm2.o)
                0x08015ed0                __RAL_poly1_eval
 .text.libc.__RAL_poly1_evalf
                0x08015f24       0x44 /Applications/CrossWorks for ARM 3.3/lib/libm_v7m_t_le_eabi.a(libm2.o)
                0x08015f24                __RAL_poly1_evalf
 .text.libc.__RAL_poly_eval
                0x08015f68       0x38 /Applications/CrossWorks for ARM 3.3/lib/libm_v7m_t_le_eabi.a(libm2.o)
                0x08015f68                __RAL_poly_eval
 .text.libc.__RAL_poly_evalf
                0x08015fa0       0x30 /Applications/CrossWorks for ARM 3.3/lib/libm_v7m_t_le_eabi.a(libm2.o)
                0x08015fa0                __RAL_poly_evalf
 .text.libc.__RAL_sincos
                0x08015fd0      0x228 /Applications/CrossWorks for ARM 3.3/lib/libm_v7m_t_le_eabi.a(libm2.o)
                0x08015fd0                __RAL_sincos
 .text.libc.__RAL_sincosf
                0x080161f8      0x128 /Applications/CrossWorks for ARM 3.3/lib/libm_v7m_t_le_eabi.a(libm2.o)
                0x080161f8                __RAL_sincosf
 .text.libc.atan
                0x08016320      0x248 /Applications/CrossWorks for ARM 3.3/lib/libm_v7m_t_le_eabi.a(libm2.o)
                0x08016320                atan
 .text.libc.atan2
                0x08016568      0x128 /Applications/CrossWorks for ARM 3.3/lib/libm_v7m_t_le_eabi.a(libm2.o)
                0x08016568                atan2
 .text.libc.atanf
                0x08016690      0x170 /Applications/CrossWorks for ARM 3.3/lib/libm_v7m_t_le_eabi.a(libm2.o)
                0x08016690                atanf
 .text.libc.atan2f
                0x08016800       0xbc /Applications/CrossWorks for ARM 3.3/lib/libm_v7m_t_le_eabi.a(libm2.o)
                0x08016800                atan2f
 .text.libc.ceil
                0x080168bc       0x94 /Applications/CrossWorks for ARM 3.3/lib/libm_v7m_t_le_eabi.a(libm2.o)
                0x080168bc                ceil
 .text.libc.cos
                0x08016950      0x1c8 /Applications/CrossWorks for ARM 3.3/lib/libm_v7m_t_le_eabi.a(libm2.o)
                0x08016950                cos
 .text.libc.cosf
                0x08016b18      0x144 /Applications/CrossWorks for ARM 3.3/lib/libm_v7m_t_le_eabi.a(libm2.o)
                0x08016b18                cosf
 .text.libc.coshf
                0x08016c5c      0x2cc /Applications/CrossWorks for ARM 3.3/lib/libm_v7m_t_le_eabi.a(libm2.o)
                0x08016c5c                coshf
 .text.libc.exp
                0x08016f28      0x210 /Applications/CrossWorks for ARM 3.3/lib/libm_v7m_t_le_eabi.a(libm2.o)
                0x08016f28                exp
 .text.libc.cosh
                0x08017138      0x348 /Applications/CrossWorks for ARM 3.3/lib/libm_v7m_t_le_eabi.a(libm2.o)
                0x08017138                cosh
 .text.libc.expf
                0x08017480      0x130 /Applications/CrossWorks for ARM 3.3/lib/libm_v7m_t_le_eabi.a(libm2.o)
                0x08017480                expf
 .text.libc.fma
                0x080175b0       0x14 /Applications/CrossWorks for ARM 3.3/lib/libm_v7m_t_le_eabi.a(libm2.o)
                0x080175b0                fma
 .text.libc.fmaf
                0x080175c4       0x10 /Applications/CrossWorks for ARM 3.3/lib/libm_v7m_t_le_eabi.a(libm2.o)
                0x080175c4                fmaf
 .text.libc.fmax
                0x080175d4       0x1c /Applications/CrossWorks for ARM 3.3/lib/libm_v7m_t_le_eabi.a(libm2.o)
                0x080175d4                fmax
 .text.libc.fmaxf
                0x080175f0       0x14 /Applications/CrossWorks for ARM 3.3/lib/libm_v7m_t_le_eabi.a(libm2.o)
                0x080175f0                fmaxf
 .text.libc.fmin
                0x08017604       0x1c /Applications/CrossWorks for ARM 3.3/lib/libm_v7m_t_le_eabi.a(libm2.o)
                0x08017604                fmin
 .text.libc.fminf
                0x08017620       0x14 /Applications/CrossWorks for ARM 3.3/lib/libm_v7m_t_le_eabi.a(libm2.o)
                0x08017620                fminf
 .text.libc.frexp
                0x08017634       0x4c /Applications/CrossWorks for ARM 3.3/lib/libm_v7m_t_le_eabi.a(libm2.o)
                0x08017634                frexp
 .text.libc.ldexp
                0x08017680       0x64 /Applications/CrossWorks for ARM 3.3/lib/libm_v7m_t_le_eabi.a(libm2.o)
                0x08017680                ldexp
 *fill*         0x080176e4        0x4 
 .text.libc.log10
                0x080176e8      0x2b0 /Applications/CrossWorks for ARM 3.3/lib/libm_v7m_t_le_eabi.a(libm2.o)
                0x080176e8                log10
 .text.libc.log10f
                0x08017998      0x194 /Applications/CrossWorks for ARM 3.3/lib/libm_v7m_t_le_eabi.a(libm2.o)
                0x08017998                log10f