Archive member included because of file (symbol)

/Applications/CrossWorks for ARM 3.3/lib/libm_v7m_t_le_eabi.a(libm_asm.o)
                              Example THUMB Debug/module.o (__aeabi_i2f)
/Applications/CrossWorks for ARM 3.3/lib/libm_v7m_t_le_eabi.a(libm2.o)
                              Example THUMB Debug/mathRoutines.o (cos)
/Applications/CrossWorks for ARM 3.3/lib/libm_v7m_t_le_eabi.a(libm2_asm.o)
                              /Applications/CrossWorks for ARM 3.3/lib/libm_v7m_t_le_eabi.a(libm2.o) (fabs)
/Applications/CrossWorks for ARM 3.3/lib/libc_v7m_t_le_eabi.a(libc_asm.o)
                              Example THUMB Debug/mathRoutines.o (__aeabi_ldivmod)
/Applications/CrossWorks for ARM 3.3/lib/libc_v7m_t_le_eabi.a(libc2.o)
                              /Applications/CrossWorks for ARM 3.3/lib/libm_v7m_t_le_eabi.a(libm2.o) (__aeabi_errno_addr)
/Applications/CrossWorks for ARM 3.3/lib/libc_v7m_t_le_eabi.a(libc2_asm.o)
                              /Applications/CrossWorks for ARM 3.3/lib/libc_v7m_t_le_eabi.a(libc2.o) (memcpy)
/Applications/CrossWorks for ARM 3.3/lib/lib_vfprintf_float_long_long_v7m_t_le_eabi.a(lib_vfprintf_float_long_long.o)
                              /Applications/CrossWorks for ARM 3.3/lib/libc_v7m_t_le_eabi.a(libc2.o) (__vfprintf)
/Applications/CrossWorks for ARM 3.3/lib/lib_vfscanf_float_long_long_cc_v7m_t_le_eabi.a(lib_vfscanf_float_long_long_cc.o)
                              /Applications/CrossWorks for ARM 3.3/lib/libc_v7m_t_le_eabi.a(libc2.o) (__vfscanf)
/Applications/CrossWorks for ARM 3.3/lib/libc_user_libc_v7m_t_le_eabi.a(user_libc.o)
                              /Applications/CrossWorks for ARM 3.3/lib/libc_v7m_t_le_eabi.a(libc2.o) (__aeabi_read_tp)

Discarded input sections

 .group         0x00000000        0x8 Example THUMB Debug/stm32f2xx_it.o
 .group         0x00000000        0x8 Example THUMB Debug/stm32f2xx_it.o
 .group         0x00000000        0x8 Example THUMB Debug/stm32f2xx_it.o
 .group         0x00000000        0x8 Example THUMB Debug/stm32f2xx_it.o
 .group         0x00000000        0x8 Example THUMB Debug/stm32f2xx_it.o
 .group         0x00000000        0x8 Example THUMB Debug/stm32f2xx_it.o
 .group         0x00000000        0x8 Example THUMB Debug/stm32f2xx_it.o
 .group         0x00000000        0x8 Example THUMB Debug/stm32f2xx_it.o
 .group         0x00000000        0x8 Example THUMB Debug/stm32f2xx_it.o
 .group         0x00000000        0x8 Example THUMB Debug/stm32f2xx_it.o
 .group         0x00000000        0x8 Example THUMB Debug/stm32f2xx_it.o
 .group         0x00000000        0x8 Example THUMB Debug/stm32f2xx_it.o
 .group         0x00000000        0x8 Example THUMB Debug/stm32f2xx_it.o
 .group         0x00000000        0x8 Example THUMB Debug/stm32f2xx_it.o
 .group         0x00000000        0x8 Example THUMB Debug/stm32f2xx_it.o
 .group         0x00000000        0x8 Example THUMB Debug/stm32f2xx_it.o
 .group         0x00000000        0x8 Example THUMB Debug/stm32f2xx_it.o
 .group         0x00000000        0x8 Example THUMB Debug/stm32f2xx_it.o
 .group         0x00000000        0x8 Example THUMB Debug/stm32f2xx_it.o
 .group         0x00000000        0x8 Example THUMB Debug/stm32f2xx_it.o
 .group         0x00000000        0x8 Example THUMB Debug/stm32f2xx_it.o
 .group         0x00000000        0x8 Example THUMB Debug/stm32f2xx_it.o
 .group         0x00000000        0x8 Example THUMB Debug/stm32f2xx_it.o
 .group         0x00000000        0x8 Example THUMB Debug/stm32f2xx_it.o
 .group         0x00000000        0x8 Example THUMB Debug/stm32f2xx_it.o
 .group         0x00000000        0x8 Example THUMB Debug/stm32f2xx_it.o
 .group         0x00000000        0x8 Example THUMB Debug/stm32f2xx_it.o
 .group         0x00000000        0x8 Example THUMB Debug/stm32f2xx_it.o
 .group         0x00000000        0x8 Example THUMB Debug/stm32f2xx_it.o
 .group         0x00000000        0x8 Example THUMB Debug/stm32f2xx_it.o
 .group         0x00000000        0x8 Example THUMB Debug/stm32f2xx_it.o
 .group         0x00000000        0x8 Example THUMB Debug/stm32f2xx_it.o
 .group         0x00000000        0x8 Example THUMB Debug/stm32f2xx_it.o
 .group         0x00000000        0x8 Example THUMB Debug/stm32f2xx_it.o
 .group         0x00000000        0x8 Example THUMB Debug/stm32f2xx_it.o
 .group         0x00000000        0x8 Example THUMB Debug/stm32f2xx_it.o
 .group         0x00000000        0x8 Example THUMB Debug/stm32f2xx_it.o
 .group         0x00000000        0x8 Example THUMB Debug/stm32f2xx_it.o
 .group         0x00000000        0x8 Example THUMB Debug/stm32f2xx_it.o
 .text          0x00000000        0x0 Example THUMB Debug/stm32f2xx_it.o
 .data          0x00000000        0x0 Example THUMB Debug/stm32f2xx_it.o
 .bss           0x00000000        0x0 Example THUMB Debug/stm32f2xx_it.o
 .group         0x00000000        0x8 Example THUMB Debug/system_stm32f2xx.o
 .group         0x00000000        0x8 Example THUMB Debug/system_stm32f2xx.o
[...]
Memory Configuration

Name             Origin             Length             Attributes
UNPLACED_SECTIONS 0xffffffff         0x00000000         xw
FLASH            0x08000000         0x00100000         xr
SYSTEM           0x1fff0000         0x00007a10         xw
OPTION           0x1fffc000         0x00000008         xw
RAM              0x20000000         0x00020000         xw
SRAM1            0x20000000         0x0001c000         xw
SRAM2            0x2001c000         0x00004000         xw
APB1             0x40000000         0x00007800         xw
APB2             0x40010000         0x00004c00         xw
AHB1             0x40020000         0x00080000         xw
AHB2             0x50000000         0x00060c00         xw
AHB3             0xa0000000         0x00001000         xw
PCCARD           0x90000000         0x00000000         xw
NAND2            0x80000000         0x00000000         xw
NAND1            0x70000000         0x00000000         xw
NOR_PSRAM4       0x6c000000         0x00000000         xw
NOR_PSRAM3       0x68000000         0x00000000         xw
NOR_PSRAM2       0x64000000         0x00000000         xw
NOR_PSRAM1       0x60000000         0x00000000         xw
PPB              0xe0000000         0x00100000         xw
DBG              0xe0042000         0x00000010         xw
*default*        0x00000000         0xffffffff

Linker script and memory map

                0x08000000                __FLASH_segment_start__ = 0x8000000
                0x08100000                __FLASH_segment_end__ = 0x8100000
                0x1fff0000                __SYSTEM_segment_start__ = 0x1fff0000
                0x1fff7a10                __SYSTEM_segment_end__ = 0x1fff7a10
                0x1fffc000                __OPTION_segment_start__ = 0x1fffc000
                0x1fffc008                __OPTION_segment_end__ = 0x1fffc008
                0x20000000                __RAM_segment_start__ = 0x20000000
                0x20020000                __RAM_segment_end__ = 0x20020000
                0x20000000                __SRAM1_segment_start__ = 0x20000000
                0x2001c000                __SRAM1_segment_end__ = 0x2001c000
                0x2001c000                __SRAM2_segment_start__ = 0x2001c000
                0x20020000                __SRAM2_segment_end__ = 0x20020000
                0x40000000                __APB1_segment_start__ = 0x40000000
                0x40007800                __APB1_segment_end__ = 0x40007800
                0x40010000                __APB2_segment_start__ = 0x40010000
                0x40014c00                __APB2_segment_end__ = 0x40014c00
                0x40020000                __AHB1_segment_start__ = 0x40020000
                0x400a0000                __AHB1_segment_end__ = 0x400a0000
                0x50000000                __AHB2_segment_start__ = 0x50000000
                0x50060c00                __AHB2_segment_end__ = 0x50060c00
                0xa0000000                __AHB3_segment_start__ = 0xa0000000
                0xa0001000                __AHB3_segment_end__ = 0xa0001000
                0x90000000                __PCCARD_segment_start__ = 0x90000000
                0x90000000                __PCCARD_segment_end__ = 0x90000000
                0x80000000                __NAND2_segment_start__ = 0x80000000
                0x80000000                __NAND2_segment_end__ = 0x80000000
                0x70000000                __NAND1_segment_start__ = 0x70000000
                0x70000000                __NAND1_segment_end__ = 0x70000000
                0x6c000000                __NOR_PSRAM4_segment_start__ = 0x6c000000
                0x6c000000                __NOR_PSRAM4_segment_end__ = 0x6c000000
                0x68000000                __NOR_PSRAM3_segment_start__ = 0x68000000
                0x68000000                __NOR_PSRAM3_segment_end__ = 0x68000000
                0x64000000                __NOR_PSRAM2_segment_start__ = 0x64000000
                0x64000000                __NOR_PSRAM2_segment_end__ = 0x64000000
                0x60000000                __NOR_PSRAM1_segment_start__ = 0x60000000
                0x60000000                __NOR_PSRAM1_segment_end__ = 0x60000000
                0xe0000000                __PPB_segment_start__ = 0xe0000000
                0xe0100000                __PPB_segment_end__ = 0xe0100000
                0xe0042000                __DBG_segment_start__ = 0xe0042000
                0xe0042010                __DBG_segment_end__ = 0xe0042010
                0x00000080                __HEAPSIZE__ = 0x80
                0x00000000                __STACKSIZE_ABT__ = 0x0
                0x00000000                __STACKSIZE_FIQ__ = 0x0
                0x00000000                __STACKSIZE_IRQ__ = 0x0
                0x00000000                __STACKSIZE_PROCESS__ = 0x0
                0x00000000                __STACKSIZE_SVC__ = 0x0
                0x00000000                __STACKSIZE_UND__ = 0x0
                0x00000100                __STACKSIZE__ = 0x100
                0x20000000                __vectors_ram_load_start__ = ALIGN (__RAM_segment_start__, 0x100)

.vectors_ram    0x20000000        0x0
                0x20000000                __vectors_ram_start__ = .
 *(.vectors_ram .vectors_ram.*)
                0x20000000                __vectors_ram_end__ = (__vectors_ram_start__ + SIZEOF (.vectors_ram))
                0x20000000                __vectors_ram_load_end__ = __vectors_ram_end__
                0x00000001                . = ASSERT (((__vectors_ram_start__ == __vectors_ram_end__) || ((__vectors_ram_end__ >= __RAM_segment_start__) && (__vectors_ram_end__ <= __RAM_segment_end__))), error: .vectors_ram is too large to fit in RAM memory segment)
                0x08000000                __vectors_load_start__ = ALIGN (__FLASH_segment_start__, 0x100)

.vectors        0x08000000      0x184
                0x08000000                __vectors_start__ = .
 *(.vectors .vectors.*)
 .vectors       0x08000000      0x184 Example THUMB Debug/STM32_Startup.o
                0x08000000                _vectors
                0x08000184                __vectors_end__ = (__vectors_start__ + SIZEOF (.vectors))
                0x08000184                __vectors_load_end__ = __vectors_end__
                0x00000001                . = ASSERT (((__vectors_start__ == __vectors_end__) || ((__vectors_end__ >= __FLASH_segment_start__) && (__vectors_end__ <= __FLASH_segment_end__))), error: .vectors is too large to fit in FLASH memory segment)
                0x08000184                __init_load_start__ = ALIGN (__vectors_end__, 0x4)

.init           0x08000184      0x230
                0x08000184                __init_start__ = .
 *(.init .init.*)
 .init          0x08000184      0x15c Example THUMB Debug/thumb_crt0.o
                0x08000184                _start
                0x08000234                exit
                0x0800025c                __putchar
                0x0800025c                __getchar
 .init          0x080002e0       0xd4 Example THUMB Debug/STM32_Startup.o
                0x080002f2                WWDG_IRQHandler
                0x080002f4                PVD_IRQHandler
                0x080002f6                TAMP_STAMP_IRQHandler
                0x080002f8                RTC_WKUP_IRQHandler
                0x080002fa                FLASH_IRQHandler
                0x080002fc                RCC_IRQHandler
                0x080002fe                EXTI0_IRQHandler
                0x08000300                EXTI1_IRQHandler
                0x08000302                EXTI2_IRQHandler
                0x08000304                EXTI3_IRQHandler
                0x08000306                EXTI4_IRQHandler
                0x08000308                DMA1_Stream0_IRQHandler
                0x0800030a                DMA1_Stream1_IRQHandler
                0x0800030c                DMA1_Stream2_IRQHandler
                0x0800030e                DMA1_Stream3_IRQHandler
                0x08000310                DMA1_Stream4_IRQHandler
                0x08000312                DMA1_Stream5_IRQHandler
                0x08000314                DMA1_Stream6_IRQHandler
                0x08000316                ADC_IRQHandler
                0x08000318                CAN1_TX_IRQHandler
                0x0800031a                CAN1_RX0_IRQHandler
                0x0800031c                CAN1_RX1_IRQHandler
                0x0800031e                CAN1_SCE_IRQHandler
                0x08000320                EXTI9_5_IRQHandler
                0x08000322                TIM1_BRK_TIM9_IRQHandler
                0x08000324                TIM1_UP_TIM10_IRQHandler
                0x08000326                TIM1_TRG_COM_TIM11_IRQHandler
                0x08000328                TIM1_CC_IRQHandler
                0x0800032a                TIM2_IRQHandler
                0x0800032c                TIM3_IRQHandler
                0x0800032e                TIM4_IRQHandler
                0x08000330                I2C1_EV_IRQHandler
                0x08000332                I2C1_ER_IRQHandler
                0x08000334                I2C2_EV_IRQHandler
                0x08000336                I2C2_ER_IRQHandler
                0x08000338                SPI1_IRQHandler
                0x0800033a                SPI2_IRQHandler
                0x0800033c                USART1_IRQHandler
                0x0800033e                USART2_IRQHandler
                0x08000340                USART3_IRQHandler
                0x08000342                EXTI15_10_IRQHandler
                0x08000344                RTC_Alarm_IRQHandler
                0x08000346                OTG_FS_WKUP_IRQHandler
                0x08000348                TIM8_BRK_TIM12_IRQHandler
                0x0800034a                TIM8_UP_TIM13_IRQHandler
                0x0800034c                TIM8_TRG_COM_TIM14_IRQHandler
                0x0800034e                TIM8_CC_IRQHandler
                0x08000350                DMA1_Stream7_IRQHandler
                0x08000352                FSMC_IRQHandler
                0x08000354                SDIO_IRQHandler
                0x08000356                TIM5_IRQHandler
                0x08000358                SPI3_IRQHandler
                0x0800035a                UART4_IRQHandler
                0x0800035c                UART5_IRQHandler
                0x0800035e                TIM6_DAC_IRQHandler
                0x08000360                TIM7_IRQHandler
                0x08000362                DMA2_Stream0_IRQHandler
                0x08000364                DMA2_Stream1_IRQHandler
                0x08000366                DMA2_Stream2_IRQHandler
                0x08000368                DMA2_Stream3_IRQHandler
                0x0800036a                DMA2_Stream4_IRQHandler
                0x0800036c                ETH_IRQHandler
                0x0800036e                ETH_WKUP_IRQHandler
                0x08000370                CAN2_TX_IRQHandler
                0x08000372                CAN2_RX0_IRQHandler
                0x08000374                CAN2_RX1_IRQHandler
                0x08000376                CAN2_SCE_IRQHandler
                0x08000378                OTG_FS_IRQHandler
                0x0800037a                DMA2_Stream5_IRQHandler
                0x0800037c                DMA2_Stream6_IRQHandler
                0x0800037e                DMA2_Stream7_IRQHandler
                0x08000380                USART6_IRQHandler
                0x08000382                I2C3_EV_IRQHandler
                0x08000384                I2C3_ER_IRQHandler
                0x08000386                OTG_HS_EP1_OUT_IRQHandler
                0x08000388                OTG_HS_EP1_IN_IRQHandler
                0x0800038a                OTG_HS_WKUP_IRQHandler
                0x0800038c                OTG_HS_IRQHandler
                0x0800038e                DCMI_IRQHandler
                0x08000390                HASH_RNG_IRQHandler
                0x08000392                reset_handler
                0x080003b4                __init_end__ = (__init_start__ + SIZEOF (.init))
                0x080003b4                __init_load_end__ = __init_end__
                0x00000001                . = ASSERT (((__init_start__ == __init_end__) || ((__init_end__ >= __FLASH_segment_start__) && (__init_end__ <= __FLASH_segment_end__))), error: .init is too large to fit in FLASH memory segment)
                0x080003b4                __text_load_start__ = ALIGN (__init_end__, 0x4)

.text           0x080003b4     0x53d8
                0x080003b4                __text_start__ = .
 *(.text .text.* .glue_7t .glue_7 .gnu.linkonce.t.* .gcc_except_table .ARM.extab* .gnu.linkonce.armextab.*)
 .glue_7        0x00000000        0x0 linker stubs
 .glue_7t       0x00000000        0x0 linker stubs
 .text.NMI_Handler
                0x080003b4        0xc Example THUMB Debug/stm32f2xx_it.o
                0x080003b4                NMI_Handler
 .text.HardFault_Handler
                0x080003c0        0x8 Example THUMB Debug/stm32f2xx_it.o
                0x080003c0                HardFault_Handler
 .text.MemManage_Handler
                0x080003c8        0x8 Example THUMB Debug/stm32f2xx_it.o
                0x080003c8                MemManage_Handler
 .text.BusFault_Handler
                0x080003d0        0x8 Example THUMB Debug/stm32f2xx_it.o
                0x080003d0                BusFault_Handler
 .text.UsageFault_Handler
                0x080003d8        0x8 Example THUMB Debug/stm32f2xx_it.o
                0x080003d8                UsageFault_Handler
 .text.SVC_Handler
                0x080003e0        0xc Example THUMB Debug/stm32f2xx_it.o
                0x080003e0                SVC_Handler
 .text.DebugMon_Handler
                0x080003ec        0xc Example THUMB Debug/stm32f2xx_it.o
                0x080003ec                DebugMon_Handler
 .text.PendSV_Handler
                0x080003f8        0xc Example THUMB Debug/stm32f2xx_it.o
                0x080003f8                PendSV_Handler
 .text.SysTick_Handler
                0x08000404        0xc Example THUMB Debug/stm32f2xx_it.o
                0x08000404                SysTick_Handler
 .text.SystemInit
                0x08000410       0x58 Example THUMB Debug/system_stm32f2xx.o
                0x08000410                SystemInit
 .text.SetSysClock
                0x08000468       0xd8 Example THUMB Debug/system_stm32f2xx.o
 .text.NVIC_SetPriority
                0x08000540       0x54 Example THUMB Debug/main.o
 .text.SysTick_Config
                0x08000594       0x44 Example THUMB Debug/main.o
 .text.main     0x080005d8       0x80 Example THUMB Debug/main.o
                0x080005d8                main
 .text._Z5Delayj
                0x08000658       0x30 Example THUMB Debug/main.o
                0x08000658                Delay(unsigned int)
 .text._ZN8GPIO_PinC2EP12GPIO_TypeDefjj
                0x08000688       0x3c Example THUMB Debug/module.o
                0x08000688                GPIO_Pin::GPIO_Pin(GPIO_TypeDef*, unsigned int, unsigned int)
                0x08000688                GPIO_Pin::GPIO_Pin(GPIO_TypeDef*, unsigned int, unsigned int)
 .text._ZN8GPIO_PinC2EP12GPIO_TypeDefjjjj
                0x080006c4       0x3c Example THUMB Debug/module.o
                0x080006c4                GPIO_Pin::GPIO_Pin(GPIO_TypeDef*, unsigned int, unsigned int, unsigned int, unsigned int)
                0x080006c4                GPIO_Pin::GPIO_Pin(GPIO_TypeDef*, unsigned int, unsigned int, unsigned int, unsigned int)
 .text._Z11RCCSetClockPKvj15FunctionalState
                0x08000700       0x9c Example THUMB Debug/module.o
                0x08000700                RCCSetClock(void const*, unsigned int, FunctionalState)
 .text._ZN17InterruptTemplateC2Ev
                0x0800079c       0x20 Example THUMB Debug/module.o
                0x0800079c                InterruptTemplate::InterruptTemplate()
                0x0800079c                InterruptTemplate::InterruptTemplate()
 .text._ZN7EncoderC2Ev
                0x080007bc       0x24 Example THUMB Debug/module.o
                0x080007bc                Encoder::Encoder()
                0x080007bc                Encoder::Encoder()
 .text._ZN13MPU9150DriverC2Ev
                0x080007e0       0x24 Example THUMB Debug/module.o
                0x080007e0                MPU9150Driver::MPU9150Driver()
                0x080007e0                MPU9150Driver::MPU9150Driver()
 .text._ZN6ModuleC2Ev
                0x08000804       0x78 Example THUMB Debug/module.o
                0x08000804                Module::Module()
                0x08000804                Module::Module()
 .text._ZN22Transmit_CommandPacketC2Ev
                0x0800087c       0x28 Example THUMB Debug/module.o
                0x0800087c                Transmit_CommandPacket::Transmit_CommandPacket()
                0x0800087c                Transmit_CommandPacket::Transmit_CommandPacket()
 .text._ZN6Module3RunEv
                0x080008a4      0x278 Example THUMB Debug/module.o
                0x080008a4                Module::Run()
 .text._ZN6Module13Init_WatchDogEv
                0x08000b1c       0x2c Example THUMB Debug/module.o
                0x08000b1c                Module::Init_WatchDog()
 .text._ZN6Module8Delay_msEi
                0x08000b48       0x3c Example THUMB Debug/module.o
                0x08000b48                Module::Delay_ms(int)
 .text._ZN6Module10InitializeEv
                0x08000b84      0x2f0 Example THUMB Debug/module.o
                0x08000b84                Module::Initialize()
 .text._ZN6Module13ADC_Push2PackER22Transmit_CommandPacket
                0x08000e74       0x6c Example THUMB Debug/module.o
                0x08000e74                Module::ADC_Push2Pack(Transmit_CommandPacket&)
 .text._ZN6Module13Adc_Comm_InitEv
                0x08000ee0       0x2c Example THUMB Debug/module.o
                0x08000ee0                Module::Adc_Comm_Init()
 .text._ZN6Module16Adc_Channel_InitEv
                0x08000f0c       0x84 Example THUMB Debug/module.o
                0x08000f0c                Module::Adc_Channel_Init()
 .text._ZN6Module10DMA_ConfigEv
                0x08000f90       0x74 Example THUMB Debug/module.o
                0x08000f90                Module::DMA_Config()
 .text._ZN6Module11GPIO_ConfigEv
                0x08001004       0x2c Example THUMB Debug/module.o
                0x08001004                Module::GPIO_Config()
 .text._ZN6Module12ConfigureADCEv
                0x08001030       0x60 Example THUMB Debug/module.o
                0x08001030                Module::ConfigureADC()
 .text._ZN6Module12ConfigurePwmEv
                0x08001090      0x180 Example THUMB Debug/module.o
                0x08001090                Module::ConfigurePwm()
 .text._ZN6Module12ConfigureLedEv
                0x08001210       0x4c Example THUMB Debug/module.o
                0x08001210                Module::ConfigureLed()
 .text._ZN6Module9SetRgbLedEbbb
                0x0800125c       0x60 Example THUMB Debug/module.o
                0x0800125c                Module::SetRgbLed(bool, bool, bool)
 .text._ZN6Module11SetServoPosEif
                0x080012bc       0xe0 Example THUMB Debug/module.o
                0x080012bc                Module::SetServoPos(int, float)
 .text._ZN6Module18onInterruptSystickEv
                0x0800139c       0x14 Example THUMB Debug/module.o
                0x0800139c                Module::onInterruptSystick()
 .text._Z41__static_initialization_and_destruction_0ii
                0x080013b0      0x140 Example THUMB Debug/module.o
 .text._GLOBAL__sub_I__ZN6Module10m_nPwmFreqE
                0x080014f0       0x10 Example THUMB Debug/module.o
 .text._ZN13MPU9150Driver10initialiseEv
                0x08001500       0x28 Example THUMB Debug/MPU9150Driver.o
                0x08001500                MPU9150Driver::initialise()
 .text._ZN13MPU9150Driver9Push2PackER22Transmit_CommandPacket
                0x08001528      0x148 Example THUMB Debug/MPU9150Driver.o
                0x08001528                MPU9150Driver::Push2Pack(Transmit_CommandPacket&)
 .text._ZN13MPU9150Driver11getRegisterEccRc
                0x08001670      0x1bc Example THUMB Debug/MPU9150Driver.o
                0x08001670                MPU9150Driver::getRegister(char, char, char&)
 .text._ZN13MPU9150Driver11setRegisterEccc
                0x0800182c       0xc0 Example THUMB Debug/MPU9150Driver.o
                0x0800182c                MPU9150Driver::setRegister(char, char, char)
 .text._ZN13MPU9150Driver15configureDeviceEv
                0x080018ec       0x3c Example THUMB Debug/MPU9150Driver.o
                0x080018ec                MPU9150Driver::configureDevice()
 .text._ZN13MPU9150Driver19configureInterruptsEv
                0x08001928       0xfc Example THUMB Debug/MPU9150Driver.o
                0x08001928                MPU9150Driver::configureInterrupts()
 .text._ZN13MPU9150Driver12configureI2cEv
                0x08001a24      0x17c Example THUMB Debug/MPU9150Driver.o
                0x08001a24                MPU9150Driver::configureI2c()
 .text._ZN13MPU9150Driver16onInterruptExti0Ev
                0x08001ba0       0x40 Example THUMB Debug/MPU9150Driver.o
                0x08001ba0                MPU9150Driver::onInterruptExti0()
 .text._ZN13MPU9150Driver22onInterruptDma1Stream2Ev
                0x08001be0       0x98 Example THUMB Debug/MPU9150Driver.o
                0x08001be0                MPU9150Driver::onInterruptDma1Stream2()
 .text._ZN13MPU9150Driver17onInterruptI2c3EvEv
                0x08001c78       0xd4 Example THUMB Debug/MPU9150Driver.o
                0x08001c78                MPU9150Driver::onInterruptI2c3Ev()
 .text._ZN7Encoder6ConfigEv
                0x08001d4c      0x23c Example THUMB Debug/ShaftEncoder.o
                0x08001d4c                Encoder::Config()
 .text._ZN7Encoder15GetEncoderPosesER12EncoderPoses
                0x08001f88       0x44 Example THUMB Debug/ShaftEncoder.o
                0x08001f88                Encoder::GetEncoderPoses(EncoderPoses&)
 .text._ZN7Encoder9Push2PackER22Transmit_CommandPacket
                0x08001fcc       0x44 Example THUMB Debug/ShaftEncoder.o
                0x08001fcc                Encoder::Push2Pack(Transmit_CommandPacket&)
 .text._ZN8GPIO_PinC2Ev
                0x08002010       0x34 Example THUMB Debug/VNH3SP30TRdriver.o
                0x08002010                GPIO_Pin::GPIO_Pin()
                0x08002010                GPIO_Pin::GPIO_Pin()
 .text._ZN16VNH3SP30TRDriverC2Ev
                0x08002044       0x6c Example THUMB Debug/VNH3SP30TRdriver.o
                0x08002044                VNH3SP30TRDriver::VNH3SP30TRDriver()
                0x08002044                VNH3SP30TRDriver::VNH3SP30TRDriver()
 .text._ZN16VNH3SP30TRDriver10InitializeEP11TIM_TypeDefjS1_jS1_j8GPIO_PinS2_S2_S2_S2_S2_S2_S2_S2_
                0x080020b0      0x3a4 Example THUMB Debug/VNH3SP30TRdriver.o
                0x080020b0                VNH3SP30TRDriver::Initialize(TIM_TypeDef*, unsigned int, TIM_TypeDef*, unsigned int, TIM_TypeDef*, unsigned int, GPIO_Pin, GPIO_Pin, GPIO_Pin, GPIO_Pin, GPIO_Pin, GPIO_Pin, GPIO_Pin, GPIO_Pin, GPIO_Pin)
 .text._ZN16VNH3SP30TRDriver7SetModeENS_4ModeE
                0x08002454       0xc8 Example THUMB Debug/VNH3SP30TRdriver.o
                0x08002454                VNH3SP30TRDriver::SetMode(VNH3SP30TRDriver::Mode)
 *fill*         0x0800251c        0x4 
 .text._ZN16VNH3SP30TRDriver8SetSpeedEf
                0x08002520       0xd0 Example THUMB Debug/VNH3SP30TRdriver.o
                0x08002520                VNH3SP30TRDriver::SetSpeed(float)
 .text.NVIC_EnableIRQ
                0x080025f0       0x30 Example THUMB Debug/ftdicomsdriver.o
 .text._ZN14FtdiComsDriverC2Ev
                0x08002620       0x54 Example THUMB Debug/ftdicomsdriver.o
                0x08002620                FtdiComsDriver::FtdiComsDriver()
                0x08002620                FtdiComsDriver::FtdiComsDriver()
 .text._ZN14FtdiComsDriver9ChkChksumEP13CommandPacket
                0x08002674       0x58 Example THUMB Debug/ftdicomsdriver.o
                0x08002674                FtdiComsDriver::ChkChksum(CommandPacket*)
 .text._ZN14FtdiComsDriver11AddChecksumER22Transmit_CommandPacket
                0x080026cc       0x48 Example THUMB Debug/ftdicomsdriver.o
                0x080026cc                FtdiComsDriver::AddChecksum(Transmit_CommandPacket&)
 .text._ZN14FtdiComsDriver10InitializeE8GPIO_PinS0_S0_S0_
                0x08002714      0x128 Example THUMB Debug/ftdicomsdriver.o
                0x08002714                FtdiComsDriver::Initialize(GPIO_Pin, GPIO_Pin, GPIO_Pin, GPIO_Pin)
 .text._ZN14FtdiComsDriver13configureUartEv
                0x0800283c      0x2dc Example THUMB Debug/ftdicomsdriver.o
                0x0800283c                FtdiComsDriver::configureUart()
 .text._ZN14FtdiComsDriver19configureInterruptsEv
                0x08002b18       0x60 Example THUMB Debug/ftdicomsdriver.o
                0x08002b18                FtdiComsDriver::configureInterrupts()
 .text._ZN14FtdiComsDriver7onEndRxEv
                0x08002b78       0xd0 Example THUMB Debug/ftdicomsdriver.o
                0x08002b78                FtdiComsDriver::onEndRx()
 .text._ZN14FtdiComsDriver22onInterruptDma1Stream1Ev
                0x08002c48       0x14 Example THUMB Debug/ftdicomsdriver.o
                0x08002c48                FtdiComsDriver::onInterruptDma1Stream1()
 .text._ZN14FtdiComsDriver7onEndTxEv
                0x08002c5c      0x108 Example THUMB Debug/ftdicomsdriver.o
                0x08002c5c                FtdiComsDriver::onEndTx()
 .text._ZN14FtdiComsDriver22onInterruptDma1Stream3Ev
                0x08002d64       0x14 Example THUMB Debug/ftdicomsdriver.o
                0x08002d64                FtdiComsDriver::onInterruptDma1Stream3()
 .text._ZN14FtdiComsDriver10ReadPacketEPhRs
                0x08002d78      0x140 Example THUMB Debug/ftdicomsdriver.o
                0x08002d78                FtdiComsDriver::ReadPacket(unsigned char*, short&)
 .text._ZN14FtdiComsDriver17findPackageHeaderEPhs
                0x08002eb8       0x54 Example THUMB Debug/ftdicomsdriver.o
                0x08002eb8                FtdiComsDriver::findPackageHeader(unsigned char*, short)
 .text._ZN14FtdiComsDriver17findPackageLengthEPhs
                0x08002f0c       0x30 Example THUMB Debug/ftdicomsdriver.o
                0x08002f0c                FtdiComsDriver::findPackageLength(unsigned char*, short)
 .text._ZN14FtdiComsDriver16beginWritePacketEPcs
                0x08002f3c       0xc0 Example THUMB Debug/ftdicomsdriver.o
                0x08002f3c                FtdiComsDriver::beginWritePacket(char*, short)
 .text.NVIC_Init
                0x08002ffc       0xbc Example THUMB Debug/misc.o
                0x08002ffc                NVIC_Init
 .text.ADC_Init
                0x080030b8       0xa8 Example THUMB Debug/stm32f2xx_adc.o
                0x080030b8                ADC_Init
 .text.ADC_CommonInit
                0x08003160       0x50 Example THUMB Debug/stm32f2xx_adc.o
                0x08003160                ADC_CommonInit
 .text.ADC_Cmd  0x080031b0       0x38 Example THUMB Debug/stm32f2xx_adc.o
                0x080031b0                ADC_Cmd
 .text.ADC_RegularChannelConfig
                0x080031e8      0x188 Example THUMB Debug/stm32f2xx_adc.o
                0x080031e8                ADC_RegularChannelConfig
 .text.ADC_SoftwareStartConv
                0x08003370       0x20 Example THUMB Debug/stm32f2xx_adc.o
                0x08003370                ADC_SoftwareStartConv
 .text.ADC_DMACmd
                0x08003390       0x38 Example THUMB Debug/stm32f2xx_adc.o
                0x08003390                ADC_DMACmd
 .text.ADC_DMARequestAfterLastTransferCmd
                0x080033c8       0x38 Example THUMB Debug/stm32f2xx_adc.o
                0x080033c8                ADC_DMARequestAfterLastTransferCmd
 .text.DMA_DeInit
                0x08003400      0x1a4 Example THUMB Debug/stm32f2xx_dma.o
                0x08003400                DMA_DeInit
 .text.DMA_Init
                0x080035a4       0xac Example THUMB Debug/stm32f2xx_dma.o
                0x080035a4                DMA_Init
 .text.DMA_StructInit
                0x08003650       0x6c Example THUMB Debug/stm32f2xx_dma.o
                0x08003650                DMA_StructInit
 .text.DMA_Cmd  0x080036bc       0x38 Example THUMB Debug/stm32f2xx_dma.o
                0x080036bc                DMA_Cmd
 .text.DMA_SetCurrDataCounter
                0x080036f4       0x1c Example THUMB Debug/stm32f2xx_dma.o
                0x080036f4                DMA_SetCurrDataCounter
 .text.DMA_GetCurrDataCounter
                0x08003710       0x1c Example THUMB Debug/stm32f2xx_dma.o
                0x08003710                DMA_GetCurrDataCounter
 .text.DMA_DoubleBufferModeConfig
                0x0800372c       0x3c Example THUMB Debug/stm32f2xx_dma.o
                0x0800372c                DMA_DoubleBufferModeConfig
 .text.DMA_DoubleBufferModeCmd
                0x08003768       0x38 Example THUMB Debug/stm32f2xx_dma.o
                0x08003768                DMA_DoubleBufferModeCmd
 .text.DMA_GetCurrentMemoryTarget
                0x080037a0       0x30 Example THUMB Debug/stm32f2xx_dma.o
                0x080037a0                DMA_GetCurrentMemoryTarget
 .text.DMA_GetCmdStatus
                0x080037d0       0x30 Example THUMB Debug/stm32f2xx_dma.o
                0x080037d0                DMA_GetCmdStatus
 .text.DMA_ClearFlag
                0x08003800       0x5c Example THUMB Debug/stm32f2xx_dma.o
                0x08003800                DMA_ClearFlag
 .text.DMA_ITConfig
                0x0800385c       0x74 Example THUMB Debug/stm32f2xx_dma.o
                0x0800385c                DMA_ITConfig
 .text.EXTI_Init
                0x080038d0       0xdc Example THUMB Debug/stm32f2xx_exti.o
                0x080038d0                EXTI_Init
 .text.GPIO_Init
                0x080039ac      0x11c Example THUMB Debug/stm32f2xx_gpio.o
                0x080039ac                GPIO_Init
 .text.GPIO_StructInit
                0x08003ac8       0x34 Example THUMB Debug/stm32f2xx_gpio.o
                0x08003ac8                GPIO_StructInit
 .text.GPIO_SetBits
                0x08003afc       0x1c Example THUMB Debug/stm32f2xx_gpio.o
                0x08003afc                GPIO_SetBits
 .text.GPIO_ResetBits
                0x08003b18       0x1c Example THUMB Debug/stm32f2xx_gpio.o
                0x08003b18                GPIO_ResetBits
 .text.GPIO_PinAFConfig
                0x08003b34       0x8c Example THUMB Debug/stm32f2xx_gpio.o
                0x08003b34                GPIO_PinAFConfig
 .text.I2C_Init
                0x08003bc0      0x184 Example THUMB Debug/stm32f2xx_i2c.o
                0x08003bc0                I2C_Init
 .text.I2C_Cmd  0x08003d44       0x40 Example THUMB Debug/stm32f2xx_i2c.o
                0x08003d44                I2C_Cmd
 .text.I2C_GenerateSTART
                0x08003d84       0x40 Example THUMB Debug/stm32f2xx_i2c.o
                0x08003d84                I2C_GenerateSTART
 .text.I2C_GenerateSTOP
                0x08003dc4       0x40 Example THUMB Debug/stm32f2xx_i2c.o
                0x08003dc4                I2C_GenerateSTOP
 .text.I2C_Send7bitAddress
                0x08003e04       0x3c Example THUMB Debug/stm32f2xx_i2c.o
                0x08003e04                I2C_Send7bitAddress
 .text.I2C_AcknowledgeConfig
                0x08003e40       0x40 Example THUMB Debug/stm32f2xx_i2c.o
                0x08003e40                I2C_AcknowledgeConfig
 .text.I2C_SendData
                0x08003e80       0x20 Example THUMB Debug/stm32f2xx_i2c.o
                0x08003e80                I2C_SendData
 .text.I2C_ReceiveData
                0x08003ea0       0x1c Example THUMB Debug/stm32f2xx_i2c.o
                0x08003ea0                I2C_ReceiveData
 .text.I2C_DMACmd
                0x08003ebc       0x40 Example THUMB Debug/stm32f2xx_i2c.o
                0x08003ebc                I2C_DMACmd
 .text.I2C_DMALastTransferCmd
                0x08003efc       0x40 Example THUMB Debug/stm32f2xx_i2c.o
                0x08003efc                I2C_DMALastTransferCmd
 .text.I2C_ITConfig
                0x08003f3c       0x48 Example THUMB Debug/stm32f2xx_i2c.o
                0x08003f3c                I2C_ITConfig
 .text.I2C_CheckEvent
                0x08003f84       0x60 Example THUMB Debug/stm32f2xx_i2c.o
                0x08003f84                I2C_CheckEvent
 .text.I2C_GetLastEvent
                0x08003fe4       0x44 Example THUMB Debug/stm32f2xx_i2c.o
                0x08003fe4                I2C_GetLastEvent
 .text.IWDG_WriteAccessCmd
                0x08004028       0x20 Example THUMB Debug/stm32f2xx_iwdg.o
                0x08004028                IWDG_WriteAccessCmd
 .text.IWDG_SetPrescaler
                0x08004048       0x20 Example THUMB Debug/stm32f2xx_iwdg.o
                0x08004048                IWDG_SetPrescaler
 .text.IWDG_SetReload
                0x08004068       0x20 Example THUMB Debug/stm32f2xx_iwdg.o
                0x08004068                IWDG_SetReload
 .text.IWDG_ReloadCounter
                0x08004088       0x18 Example THUMB Debug/stm32f2xx_iwdg.o
                0x08004088                IWDG_ReloadCounter
 .text.IWDG_Enable
                0x080040a0       0x18 Example THUMB Debug/stm32f2xx_iwdg.o
                0x080040a0                IWDG_Enable
 .text.RCC_GetClocksFreq
                0x080040b8      0x154 Example THUMB Debug/stm32f2xx_rcc.o
                0x080040b8                RCC_GetClocksFreq
 .text.RCC_AHB1PeriphClockCmd
                0x0800420c       0x3c Example THUMB Debug/stm32f2xx_rcc.o
                0x0800420c                RCC_AHB1PeriphClockCmd
 .text.RCC_AHB2PeriphClockCmd
                0x08004248       0x3c Example THUMB Debug/stm32f2xx_rcc.o
                0x08004248                RCC_AHB2PeriphClockCmd
 .text.RCC_AHB3PeriphClockCmd
                0x08004284       0x3c Example THUMB Debug/stm32f2xx_rcc.o
                0x08004284                RCC_AHB3PeriphClockCmd
 .text.RCC_APB1PeriphClockCmd
                0x080042c0       0x3c Example THUMB Debug/stm32f2xx_rcc.o
                0x080042c0                RCC_APB1PeriphClockCmd
 .text.RCC_APB2PeriphClockCmd
                0x080042fc       0x3c Example THUMB Debug/stm32f2xx_rcc.o
                0x080042fc                RCC_APB2PeriphClockCmd
 .text.RCC_APB1PeriphResetCmd
                0x08004338       0x3c Example THUMB Debug/stm32f2xx_rcc.o
                0x08004338                RCC_APB1PeriphResetCmd
 .text.SYSCFG_EXTILineConfig
                0x08004374       0x7c Example THUMB Debug/stm32f2xx_syscfg.o
                0x08004374                SYSCFG_EXTILineConfig
 .text.TIM_TimeBaseInit
                0x080043f0       0xd4 Example THUMB Debug/stm32f2xx_tim.o
                0x080043f0                TIM_TimeBaseInit
 .text.TIM_TimeBaseStructInit
                0x080044c4       0x34 Example THUMB Debug/stm32f2xx_tim.o
                0x080044c4                TIM_TimeBaseStructInit
 .text.TIM_SetAutoreload
                0x080044f8       0x1c Example THUMB Debug/stm32f2xx_tim.o
                0x080044f8                TIM_SetAutoreload
 .text.TIM_ARRPreloadConfig
                0x08004514       0x40 Example THUMB Debug/stm32f2xx_tim.o
                0x08004514                TIM_ARRPreloadConfig
 .text.TIM_Cmd  0x08004554       0x40 Example THUMB Debug/stm32f2xx_tim.o
                0x08004554                TIM_Cmd
 .text.TIM_OC1Init
                0x08004594       0xf4 Example THUMB Debug/stm32f2xx_tim.o
                0x08004594                TIM_OC1Init
 .text.TIM_OC2Init
                0x08004688      0x110 Example THUMB Debug/stm32f2xx_tim.o
                0x08004688                TIM_OC2Init
 .text.TIM_OC3Init
                0x08004798      0x10c Example THUMB Debug/stm32f2xx_tim.o
                0x08004798                TIM_OC3Init
 .text.TIM_OCStructInit
                0x080048a4       0x44 Example THUMB Debug/stm32f2xx_tim.o
                0x080048a4                TIM_OCStructInit
 .text.TIM_SetCompare1
                0x080048e8       0x1c Example THUMB Debug/stm32f2xx_tim.o
                0x080048e8                TIM_SetCompare1
 .text.TIM_SetCompare2
                0x08004904       0x1c Example THUMB Debug/stm32f2xx_tim.o
                0x08004904                TIM_SetCompare2
 .text.TIM_SetCompare3
                0x08004920       0x1c Example THUMB Debug/stm32f2xx_tim.o
                0x08004920                TIM_SetCompare3
 .text.TIM_SetCompare4
                0x0800493c       0x1c Example THUMB Debug/stm32f2xx_tim.o
                0x0800493c                TIM_SetCompare4
 .text.TIM_OC1PreloadConfig
                0x08004958       0x38 Example THUMB Debug/stm32f2xx_tim.o
                0x08004958                TIM_OC1PreloadConfig
 .text.TIM_OC2PreloadConfig
                0x08004990       0x3c Example THUMB Debug/stm32f2xx_tim.o
                0x08004990                TIM_OC2PreloadConfig
 .text.TIM_OC3PreloadConfig
                0x080049cc       0x38 Example THUMB Debug/stm32f2xx_tim.o
                0x080049cc                TIM_OC3PreloadConfig
 .text.TIM_EncoderInterfaceConfig
                0x08004a04       0x8c Example THUMB Debug/stm32f2xx_tim.o
                0x08004a04                TIM_EncoderInterfaceConfig
 .text.USART_Init
                0x08004a90      0x174 Example THUMB Debug/stm32f2xx_usart.o
                0x08004a90                USART_Init
 .text.USART_StructInit
                0x08004c04       0x38 Example THUMB Debug/stm32f2xx_usart.o
                0x08004c04                USART_StructInit
 .text.USART_Cmd
                0x08004c3c       0x40 Example THUMB Debug/stm32f2xx_usart.o
                0x08004c3c                USART_Cmd
 .text.USART_OverSampling8Cmd
                0x08004c7c       0x44 Example THUMB Debug/stm32f2xx_usart.o
                0x08004c7c                USART_OverSampling8Cmd
 .text.USART_DMACmd
                0x08004cc0       0x48 Example THUMB Debug/stm32f2xx_usart.o
                0x08004cc0                USART_DMACmd
 .text.USART_ITConfig
                0x08004d08       0x90 Example THUMB Debug/stm32f2xx_usart.o
                0x08004d08                USART_ITConfig
 .text.USART_ClearFlag
                0x08004d98       0x20 Example THUMB Debug/stm32f2xx_usart.o
                0x08004d98                USART_ClearFlag
 .text.libc.__int32_to_float32
                0x08004db8       0x30 /Applications/CrossWorks for ARM 3.3/lib/libm_v7m_t_le_eabi.a(libm_asm.o)
                0x08004db8                __aeabi_i2f
                0x08004db8                __int32_to_float32
                0x08004db8                __floatsisf
                0x08004dc8                __int32_to_float32_common
 .text.libc.__int32_to_float64
                0x08004de8       0x30 /Applications/CrossWorks for ARM 3.3/lib/libm_v7m_t_le_eabi.a(libm_asm.o)
                0x08004de8                __floatsidf
                0x08004de8                __aeabi_i2d
                0x08004de8                __int32_to_float64
 .text.libc.__uint32_to_float32
                0x08004e18       0x10 /Applications/CrossWorks for ARM 3.3/lib/libm_v7m_t_le_eabi.a(libm_asm.o)
                0x08004e18                __uint32_to_float32
                0x08004e18                __aeabi_ui2f
                0x08004e18                __floatunsisf
 .text.libc.__uint32_to_float64
                0x08004e28       0x24 /Applications/CrossWorks for ARM 3.3/lib/libm_v7m_t_le_eabi.a(libm_asm.o)
                0x08004e28                __uint32_to_float64
                0x08004e28                __aeabi_ui2d
                0x08004e28                __floatunsidf
 .text.libc.__float32_to_int32
                0x08004e4c       0x40 /Applications/CrossWorks for ARM 3.3/lib/libm_v7m_t_le_eabi.a(libm_asm.o)
                0x08004e4c                __fixsfsi
                0x08004e4c                __float32_to_int32
                0x08004e4c                __aeabi_f2iz
 .text.libc.__float64_to_uint32
                0x08004e8c       0x2c /Applications/CrossWorks for ARM 3.3/lib/libm_v7m_t_le_eabi.a(libm_asm.o)
                0x08004e8c                __fixunsdfsi
                0x08004e8c                __aeabi_d2uiz
                0x08004e8c                __float64_to_uint32
 .text.libc.__float32_to_float64
                0x08004eb8       0x38 /Applications/CrossWorks for ARM 3.3/lib/libm_v7m_t_le_eabi.a(libm_asm.o)
                0x08004eb8                __extendsfdf2
                0x08004eb8                __float32_to_float64
                0x08004eb8                __aeabi_f2d
 .text.libc.__float64_to_float32
                0x08004ef0       0x70 /Applications/CrossWorks for ARM 3.3/lib/libm_v7m_t_le_eabi.a(libm_asm.o)
                0x08004ef0                __aeabi_d2f
                0x08004ef0                __truncdfsf2
                0x08004ef0                __float64_to_float32
 .text.libc.__float32_add
                0x08004f60      0x138 /Applications/CrossWorks for ARM 3.3/lib/libm_v7m_t_le_eabi.a(libm_asm.o)
                0x08004f60                __aeabi_frsub
                0x08004f68                __subsf3
                0x08004f68                __float32_sub
                0x08004f68                __aeabi_fsub
                0x08004f6c                __aeabi_fadd
                0x08004f6c                __addsf3
                0x08004f6c                __float32_add
 .text.libc.__float32_mul
                0x08005098       0xd4 /Applications/CrossWorks for ARM 3.3/lib/libm_v7m_t_le_eabi.a(libm_asm.o)
                0x08005098                __float32_mul
                0x08005098                __mulsf3
                0x08005098                __aeabi_fmul
 .text.libc.__aeabi_fcmplt
                0x0800516c       0x30 /Applications/CrossWorks for ARM 3.3/lib/libm_v7m_t_le_eabi.a(libm_asm.o)
                0x0800516c                __aeabi_fcmplt
 .text.libc.__aeabi_fcmpgt
                0x0800519c       0x30 /Applications/CrossWorks for ARM 3.3/lib/libm_v7m_t_le_eabi.a(libm_asm.o)
                0x0800519c                __aeabi_fcmpgt
 .text.libc.__float64_add
                0x080051cc      0x294 /Applications/CrossWorks for ARM 3.3/lib/libm_v7m_t_le_eabi.a(libm_asm.o)
                0x080051cc                __aeabi_drsub
                0x080051d4                __float64_sub
                0x080051d4                __aeabi_dsub
                0x080051d4                __subdf3
                0x080051d8                __aeabi_dadd
                0x080051d8                __float64_add
                0x080051d8                __adddf3
 .text.libc.__float64_div
                0x08005460      0x214 /Applications/CrossWorks for ARM 3.3/lib/libm_v7m_t_le_eabi.a(libm_asm.o)
                0x08005460                __aeabi_ddiv
                0x08005460                __divdf3
                0x08005460                __float64_div
 .text.libc.__float64_cmplt
                0x08005674       0x38 /Applications/CrossWorks for ARM 3.3/lib/libm_v7m_t_le_eabi.a(libm_asm.o)
                0x08005674                __aeabi_dcmplt
 .text.libc.__float64_cmpgt
                0x080056ac       0x38 /Applications/CrossWorks for ARM 3.3/lib/libm_v7m_t_le_eabi.a(libm_asm.o)
                0x080056ac                __aeabi_dcmpgt
 .text.libc.memmove
                0x080056e4       0x38 /Applications/CrossWorks for ARM 3.3/lib/libc_v7m_t_le_eabi.a(libc2.o)
                0x080056e4                memmove
                0x080056e4                __aeabi_memmove8
                0x080056e4                __aeabi_memmove
                0x080056e4                __aeabi_memmove4
 .text.libc.memset
                0x0800571c       0x70 /Applications/CrossWorks for ARM 3.3/lib/libc_v7m_t_le_eabi.a(libc2_asm.o)
                0x0800571c                memset
                0x0800578c                __text_end__ = (__text_start__ + SIZEOF (.text))
                0x0800578c                __text_load_end__ = __text_end__

.vfp11_veneer   0x00000000        0x0
 .vfp11_veneer  0x00000000        0x0 linker stubs

.v4_bx          0x00000000        0x0
 .v4_bx         0x00000000        0x0 linker stubs

.iplt           0x00000000        0x0
 .iplt          0x00000000        0x0 Example THUMB Debug/stm32f2xx_it.o
                0x00000001                . = ASSERT (((__text_start__ == __text_end__) || ((__text_end__ >= __FLASH_segment_start__) && (__text_end__ <= __FLASH_segment_end__))), error: .text is too large to fit in FLASH memory segment)
                0x0800578c                __dtors_load_start__ = ALIGN (__text_end__, 0x4)

.dtors          0x0800578c        0x0
                0x0800578c                __dtors_start__ = .
 *(SORT(.dtors.*))
 *(.dtors)
 *(.fini_array)
 *(SORT(.fini_array.*))
                0x0800578c                __dtors_end__ = (__dtors_start__ + SIZEOF (.dtors))
                0x0800578c                __dtors_load_end__ = __dtors_end__
                0x00000001                . = ASSERT (((__dtors_start__ == __dtors_end__) || ((__dtors_end__ >= __FLASH_segment_start__) && (__dtors_end__ <= __FLASH_segment_end__))), error: .dtors is too large to fit in FLASH memory segment)
                0x0800578c                __ctors_load_start__ = ALIGN (__dtors_end__, 0x4)

.ctors          0x0800578c        0x4
                0x0800578c                __ctors_start__ = .
 *(SORT(.ctors.*))
 *(.ctors)
 *(.init_array)
 .init_array    0x0800578c        0x4 Example THUMB Debug/module.o
 *(SORT(.init_array.*))
                0x08005790                __ctors_end__ = (__ctors_start__ + SIZEOF (.ctors))
                0x08005790                __ctors_load_end__ = __ctors_end__
                0x00000001                . = ASSERT (((__ctors_start__ == __ctors_end__) || ((__ctors_end__ >= __FLASH_segment_start__) && (__ctors_end__ <= __FLASH_segment_end__))), error: .ctors is too large to fit in FLASH memory segment)
                0x08005790                __rodata_load_start__ = ALIGN (__ctors_end__, 0x4)

.rodata         0x08005790      0x160
                0x08005790                __rodata_start__ = .
 *(.rodata .rodata.* .gnu.linkonce.r.*)
 .rodata._ZTV6Module
                0x08005790       0x58 Example THUMB Debug/module.o
                0x08005790                vtable for Module
 .rodata._ZTV7Encoder
                0x080057e8       0x58 Example THUMB Debug/module.o
                0x080057e8                vtable for Encoder
 .rodata._ZTV13MPU9150Driver
                0x08005840       0x58 Example THUMB Debug/MPU9150Driver.o
                0x08005840                vtable for MPU9150Driver
 .rodata._ZTV14FtdiComsDriver
                0x08005898       0x58 Example THUMB Debug/ftdicomsdriver.o
                0x08005898                vtable for FtdiComsDriver
                0x080058f0                __rodata_end__ = (__rodata_start__ + SIZEOF (.rodata))
                0x080058f0                __rodata_load_end__ = __rodata_end__

.rel.dyn        0x08000000        0x0
 .rel.iplt      0x00000000        0x0 Example THUMB Debug/stm32f2xx_it.o
                0x00000001                . = ASSERT (((__rodata_start__ == __rodata_end__) || ((__rodata_end__ >= __FLASH_segment_start__) && (__rodata_end__ <= __FLASH_segment_end__))), error: .rodata is too large to fit in FLASH memory segment)
                0x080058f0                __ARM.exidx_load_start__ = ALIGN (__rodata_end__, 0x4)

.ARM.exidx      0x080058f0        0x0
                0x080058f0                __ARM.exidx_start__ = .
                0x080058f0                __exidx_start = __ARM.exidx_start__
 *(.ARM.exidx .ARM.exidx.*)
                0x080058f0                __ARM.exidx_end__ = (__ARM.exidx_start__ + SIZEOF (.ARM.exidx))
                0x080058f0                __exidx_end = __ARM.exidx_end__
                0x080058f0                __ARM.exidx_load_end__ = __ARM.exidx_end__
                0x00000001                . = ASSERT (((__ARM.exidx_start__ == __ARM.exidx_end__) || ((__ARM.exidx_end__ >= __FLASH_segment_start__) && (__ARM.exidx_end__ <= __FLASH_segment_end__))), error: .ARM.exidx is too large to fit in FLASH memory segment)
                0x080058f0                __fast_load_start__ = ALIGN (__ARM.exidx_end__, 0x4)

.fast           0x20000000        0x0 load address 0x080058f0
                0x20000000                __fast_start__ = .
 *(.fast .fast.*)
                0x20000000                __fast_end__ = (__fast_start__ + SIZEOF (.fast))
                0x080058f0                __fast_load_end__ = (__fast_load_start__ + SIZEOF (.fast))
                0x00000001                . = ASSERT (((__fast_load_start__ == __fast_load_end__) || ((__fast_load_end__ >= __FLASH_segment_start__) && (__fast_load_end__ <= __FLASH_segment_end__))), error: .fast is too large to fit in FLASH memory segment)

.fast_run       0x20000000        0x0
                0x20000000                __fast_run_start__ = .
                0x20000000                . = MAX ((__fast_run_start__ + SIZEOF (.fast)), .)
                0x20000000                __fast_run_end__ = (__fast_run_start__ + SIZEOF (.fast_run))
                0x20000000                __fast_run_load_end__ = __fast_run_end__
                0x00000001                . = ASSERT (((__fast_run_start__ == __fast_run_end__) || ((__fast_run_end__ >= __RAM_segment_start__) && (__fast_run_end__ <= __RAM_segment_end__))), error: .fast_run is too large to fit in RAM memory segment)
                0x080058f0                __data_load_start__ = ALIGN ((__fast_load_start__ + SIZEOF (.fast)), 0x4)

.data           0x20000000       0x18 load address 0x080058f0
                0x20000000                __data_start__ = .
 *(.data .data.* .gnu.linkonce.d.*)
 .data._ZN6Module10m_nPwmFreqE
                0x20000000        0x4 Example THUMB Debug/module.o
                0x20000000                Module::m_nPwmFreq
 .data._ZN16VNH3SP30TRDriver12m_nPwmPeriodE
                0x20000004        0x2 Example THUMB Debug/VNH3SP30TRdriver.o
                0x20000004                VNH3SP30TRDriver::m_nPwmPeriod
 *fill*         0x20000006        0x2 
 .data.APBAHBPrescTable
                0x20000008       0x10 Example THUMB Debug/stm32f2xx_rcc.o
                0x20000018                __data_end__ = (__data_start__ + SIZEOF (.data))
                0x08005908                __data_load_end__ = (__data_load_start__ + SIZEOF (.data))

.igot.plt       0x00000000        0x0
 .igot.plt      0x00000000        0x0 Example THUMB Debug/stm32f2xx_it.o
                0x00000001                . = ASSERT (((__data_load_start__ == __data_load_end__) || ((__data_load_end__ >= __FLASH_segment_start__) && (__data_load_end__ <= __FLASH_segment_end__))), error: .data is too large to fit in FLASH memory segment)

.data_run       0x20000000       0x18 load address 0x080058f0
                0x20000000                __data_run_start__ = .
                0x20000018                . = MAX ((__data_run_start__ + SIZEOF (.data)), .)
 *fill*         0x20000000       0x18 
                0x20000018                __data_run_end__ = (__data_run_start__ + SIZEOF (.data_run))
                0x20000018                __data_run_load_end__ = __data_run_end__
                0x00000001                . = ASSERT (((__data_run_start__ == __data_run_end__) || ((__data_run_end__ >= __RAM_segment_start__) && (__data_run_end__ <= __RAM_segment_end__))), error: .data_run is too large to fit in RAM memory segment)
                0x08005908                __tdata_load_start__ = ALIGN ((__data_load_start__ + SIZEOF (.data)), 0x4)

.tdata          0x20000018        0x0 load address 0x08005908
                0x20000018                __tdata_start__ = .
 *(.tdata .tdata.*)
                0x20000018                __tdata_end__ = (__tdata_start__ + SIZEOF (.tdata))
                0x08005908                __tdata_load_end__ = (__tdata_load_start__ + SIZEOF (.tdata))
                0x08005908                __FLASH_segment_used_end__ = (ALIGN ((__data_load_start__ + SIZEOF (.data)), 0x4) + SIZEOF (.tdata))
                0x00000001                . = ASSERT (((__tdata_load_start__ == __tdata_load_end__) || ((__tdata_load_end__ >= __FLASH_segment_start__) && (__tdata_load_end__ <= __FLASH_segment_end__))), error: .tdata is too large to fit in FLASH memory segment)

.tdata_run      0x20000018        0x0
                0x20000018                __tdata_run_start__ = .
                0x20000018                . = MAX ((__tdata_run_start__ + SIZEOF (.tdata)), .)
                0x20000018                __tdata_run_end__ = (__tdata_run_start__ + SIZEOF (.tdata_run))
                0x20000018                __tdata_run_load_end__ = __tdata_run_end__
                0x00000001                . = ASSERT (((__tdata_run_start__ == __tdata_run_end__) || ((__tdata_run_end__ >= __RAM_segment_start__) && (__tdata_run_end__ <= __RAM_segment_end__))), error: .tdata_run is too large to fit in RAM memory segment)
                0x20000018                __bss_load_start__ = ALIGN (__tdata_run_end__, 0x4)

.bss            0x20000018       0x18
                0x20000018                __bss_start__ = .
 *(.bss .bss.* .gnu.linkonce.b.*)
 .bss._ZL11TimingDelay
                0x20000018        0x4 Example THUMB Debug/main.o
 .bss._ZN6Module12m_nPwmPeriodE
                0x2000001c        0x2 Example THUMB Debug/module.o
                0x2000001c                Module::m_nPwmPeriod
 .bss._ZN6Module9m_nPwmMinE
                0x2000001e        0x2 Example THUMB Debug/module.o
                0x2000001e                Module::m_nPwmMin
 .bss._ZN6Module9m_nPwmMaxE
                0x20000020        0x2 Example THUMB Debug/module.o
                0x20000020                Module::m_nPwmMax
 .bss._ZN6Module9m_nPwmMidE
                0x20000022        0x2 Example THUMB Debug/module.o
                0x20000022                Module::m_nPwmMid
 .bss.ADC1ConvertedValue
                0x20000024        0xc Example THUMB Debug/module.o
                0x20000024                ADC1ConvertedValue
 *(COMMON)
                0x20000030                __bss_end__ = (__bss_start__ + SIZEOF (.bss))
                0x20000030                __bss_load_end__ = __bss_end__
                0x00000001                . = ASSERT (((__bss_start__ == __bss_end__) || ((__bss_end__ >= __RAM_segment_start__) && (__bss_end__ <= __RAM_segment_end__))), error: .bss is too large to fit in RAM memory segment)
                0x20000030                __tbss_load_start__ = ALIGN (__bss_end__, 0x4)

.tbss           0x20000030        0x0
                0x20000030                __tbss_start__ = .
 *(.tbss .tbss.*)
                0x20000030                __tbss_end__ = (__tbss_start__ + SIZEOF (.tbss))
                0x20000030                __tbss_load_end__ = __tbss_end__
                0x00000001                . = ASSERT (((__tbss_start__ == __tbss_end__) || ((__tbss_end__ >= __RAM_segment_start__) && (__tbss_end__ <= __RAM_segment_end__))), error: .tbss is too large to fit in RAM memory segment)
                0x20000030                __non_init_load_start__ = ALIGN (__tbss_end__, 0x4)

.non_init       0x20000030        0x0
                0x20000030                __non_init_start__ = .
 *(.non_init .non_init.*)
                0x20000030                __non_init_end__ = (__non_init_start__ + SIZEOF (.non_init))
                0x20000030                __non_init_load_end__ = __non_init_end__
                0x00000001                . = ASSERT (((__non_init_start__ == __non_init_end__) || ((__non_init_end__ >= __RAM_segment_start__) && (__non_init_end__ <= __RAM_segment_end__))), error: .non_init is too large to fit in RAM memory segment)
                0x20000030                __heap_load_start__ = ALIGN (__non_init_end__, 0x4)

.heap           0x20000030       0x80
                0x20000030                __heap_start__ = .
 *(.heap .heap.*)
                0x200000b0                . = ALIGN (MAX ((__heap_start__ + __HEAPSIZE__), .), 0x4)
 *fill*         0x20000030       0x80 
                0x200000b0                __heap_end__ = (__heap_start__ + SIZEOF (.heap))
                0x200000b0                __heap_load_end__ = __heap_end__
                0x00000001                . = ASSERT (((__heap_start__ == __heap_end__) || ((__heap_end__ >= __RAM_segment_start__) && (__heap_end__ <= __RAM_segment_end__))), error: .heap is too large to fit in RAM memory segment)
                0x200000b0                __stack_load_start__ = ALIGN (__heap_end__, 0x8)

.stack          0x200000b0      0x100
                0x200000b0                __stack_start__ = .
 *(.stack .stack.*)
                0x200001b0                . = ALIGN (MAX ((__stack_start__ + __STACKSIZE__), .), 0x8)
 *fill*         0x200000b0      0x100 
                0x200001b0                __stack_end__ = (__stack_start__ + SIZEOF (.stack))
                0x200001b0                __stack_load_end__ = __stack_end__
                0x00000001                . = ASSERT (((__stack_start__ == __stack_end__) || ((__stack_end__ >= __RAM_segment_start__) && (__stack_end__ <= __RAM_segment_end__))), error: .stack is too large to fit in RAM memory segment)
                0x200001b0                __stack_process_load_start__ = ALIGN (__stack_end__, 0x8)

.stack_process  0x200001b0        0x0
                0x200001b0                __stack_process_start__ = .
 *(.stack_process .stack_process.*)
                0x200001b0                . = ALIGN (MAX ((__stack_process_start__ + __STACKSIZE_PROCESS__), .), 0x8)
                0x200001b0                __stack_process_end__ = (__stack_process_start__ + SIZEOF (.stack_process))
                0x200001b0                __stack_process_load_end__ = __stack_process_end__
                0x200001b0                __RAM_segment_used_end__ = (ALIGN (__stack_end__, 0x8) + SIZEOF (.stack_process))
                0x00000001                . = ASSERT (((__stack_process_start__ == __stack_process_end__) || ((__stack_process_end__ >= __RAM_segment_start__) && (__stack_process_end__ <= __RAM_segment_end__))), error: .stack_process is too large to fit in RAM memory segment)
START GROUP
LOAD Example THUMB Debug/stm32f2xx_it.o
LOAD Example THUMB Debug/system_stm32f2xx.o
LOAD Example THUMB Debug/main.o
LOAD Example THUMB Debug/module.o
LOAD Example THUMB Debug/MPU9150Driver.o
LOAD Example THUMB Debug/ShaftEncoder.o
LOAD Example THUMB Debug/mathRoutines.o
LOAD Example THUMB Debug/matrix.o
LOAD Example THUMB Debug/vector.o
LOAD Example THUMB Debug/VNH3SP30TRdriver.o
LOAD Example THUMB Debug/ftdicomsdriver.o
LOAD Example THUMB Debug/misc.o
LOAD Example THUMB Debug/stm32f2xx_adc.o
LOAD Example THUMB Debug/stm32f2xx_can.o
LOAD Example THUMB Debug/stm32f2xx_crc.o
LOAD Example THUMB Debug/stm32f2xx_cryp.o
LOAD Example THUMB Debug/stm32f2xx_cryp_aes.o
LOAD Example THUMB Debug/stm32f2xx_cryp_des.o
LOAD Example THUMB Debug/stm32f2xx_cryp_tdes.o
LOAD Example THUMB Debug/stm32f2xx_dac.o
LOAD Example THUMB Debug/stm32f2xx_dbgmcu.o
LOAD Example THUMB Debug/stm32f2xx_dcmi.o
LOAD Example THUMB Debug/stm32f2xx_dma.o
LOAD Example THUMB Debug/stm32f2xx_exti.o
LOAD Example THUMB Debug/stm32f2xx_flash.o
LOAD Example THUMB Debug/stm32f2xx_fsmc.o
LOAD Example THUMB Debug/stm32f2xx_gpio.o
LOAD Example THUMB Debug/stm32f2xx_hash.o
LOAD Example THUMB Debug/stm32f2xx_hash_md5.o
LOAD Example THUMB Debug/stm32f2xx_hash_sha1.o
LOAD Example THUMB Debug/stm32f2xx_i2c.o
LOAD Example THUMB Debug/stm32f2xx_iwdg.o
LOAD Example THUMB Debug/stm32f2xx_pwr.o
LOAD Example THUMB Debug/stm32f2xx_rcc.o
LOAD Example THUMB Debug/stm32f2xx_rng.o
LOAD Example THUMB Debug/stm32f2xx_rtc.o
LOAD Example THUMB Debug/stm32f2xx_sdio.o
LOAD Example THUMB Debug/stm32f2xx_spi.o
LOAD Example THUMB Debug/stm32f2xx_syscfg.o
LOAD Example THUMB Debug/stm32f2xx_tim.o
LOAD Example THUMB Debug/stm32f2xx_usart.o
LOAD Example THUMB Debug/stm32f2xx_wwdg.o
LOAD Example THUMB Debug/stm322xg_eval.o
LOAD Example THUMB Debug/stm322xg_eval_lcd.o
LOAD Example THUMB Debug/thumb_crt0.o
LOAD Example THUMB Debug/STM32_Startup.o
LOAD /Applications/CrossWorks for ARM 3.3/lib/libcm_v7m_t_le_eabi.a
LOAD /Applications/CrossWorks for ARM 3.3/lib/libdebugio_mempoll_v7m_t_le_eabi.a
LOAD /Applications/CrossWorks for ARM 3.3/lib/libm_v7m_t_le_eabi.a
LOAD /Applications/CrossWorks for ARM 3.3/lib/libc_v7m_t_le_eabi.a
LOAD /Applications/CrossWorks for ARM 3.3/lib/libcpp_v7m_t_le_eabi.a
LOAD /Applications/CrossWorks for ARM 3.3/lib/libdebugio_v7m_t_le_eabi.a
LOAD /Applications/CrossWorks for ARM 3.3/lib/lib_vfprintf_float_long_long_v7m_t_le_eabi.a
LOAD /Applications/CrossWorks for ARM 3.3/lib/lib_vfscanf_float_long_long_cc_v7m_t_le_eabi.a
LOAD /Applications/CrossWorks for ARM 3.3/lib/libc_user_libc_v7m_t_le_eabi.a
END GROUP
OUTPUT(Example THUMB Debug/Example.elf elf32-littlearm)

.debug_frame    0x00000000     0x77f4
 .debug_frame   0x00000000      0x134 Example THUMB Debug/stm32f2xx_it.o
 .debug_frame   0x00000134       0x84 Example THUMB Debug/system_stm32f2xx.o
 .debug_frame   0x000001b8       0xd8 Example THUMB Debug/main.o
 .debug_frame   0x00000290      0x470 Example THUMB Debug/module.o
 .debug_frame   0x00000700      0x1f4 Example THUMB Debug/MPU9150Driver.o
 .debug_frame   0x000008f4       0x90 Example THUMB Debug/ShaftEncoder.o
 .debug_frame   0x00000984      0x118 Example THUMB Debug/VNH3SP30TRdriver.o
 .debug_frame   0x00000a9c      0x33c Example THUMB Debug/ftdicomsdriver.o
 .debug_frame   0x00000dd8       0xd8 Example THUMB Debug/misc.o
 .debug_frame   0x00000eb0      0x5f4 Example THUMB Debug/stm32f2xx_adc.o
 .debug_frame   0x000014a4      0x308 Example THUMB Debug/stm32f2xx_dma.o
 .debug_frame   0x000017ac      0x148 Example THUMB Debug/stm32f2xx_exti.o
 .debug_frame   0x000018f4      0x244 Example THUMB Debug/stm32f2xx_gpio.o
 .debug_frame   0x00001b38      0x540 Example THUMB Debug/stm32f2xx_i2c.o
 .debug_frame   0x00002078       0xf0 Example THUMB Debug/stm32f2xx_iwdg.o
 .debug_frame   0x00002168      0x6dc Example THUMB Debug/stm32f2xx_rcc.o
 .debug_frame   0x00002844      0x100 Example THUMB Debug/stm32f2xx_syscfg.o
 .debug_frame   0x00002944      0xe8c Example THUMB Debug/stm32f2xx_tim.o
 .debug_frame   0x000037d0      0x4a0 Example THUMB Debug/stm32f2xx_usart.o
 .debug_frame   0x00003c70      0x640 /Applications/CrossWorks for ARM 3.3/lib/libm_v7m_t_le_eabi.a(libm_asm.o)
 .debug_frame   0x000042b0     0x3424 /Applications/CrossWorks for ARM 3.3/lib/libc_v7m_t_le_eabi.a(libc2.o)
 .debug_frame   0x000076d4      0x120 /Applications/CrossWorks for ARM 3.3/lib/libc_v7m_t_le_eabi.a(libc2_asm.o)

.debug_info     0x00000000     0xef50
 .debug_info    0x00000000      0x12c Example THUMB Debug/stm32f2xx_it.o
 .debug_info    0x0000012c      0x52d Example THUMB Debug/system_stm32f2xx.o
 .debug_info    0x00000659      0x756 Example THUMB Debug/main.o
 .debug_info    0x00000daf     0x1c3f Example THUMB Debug/module.o
 .debug_info    0x000029ee      0xfb6 Example THUMB Debug/MPU9150Driver.o
 .debug_info    0x000039a4      0x776 Example THUMB Debug/ShaftEncoder.o
 .debug_info    0x0000411a      0xb22 Example THUMB Debug/VNH3SP30TRdriver.o
 .debug_info    0x00004c3c     0x2034 Example THUMB Debug/ftdicomsdriver.o
 .debug_info    0x00006c70      0x512 Example THUMB Debug/misc.o
 .debug_info    0x00007182      0xc02 Example THUMB Debug/stm32f2xx_adc.o
 .debug_info    0x00007d84      0x70e Example THUMB Debug/stm32f2xx_dma.o
 .debug_info    0x00008492      0x327 Example THUMB Debug/stm32f2xx_exti.o
 .debug_info    0x000087b9      0x5cf Example THUMB Debug/stm32f2xx_gpio.o
 .debug_info    0x00008d88      0xabe Example THUMB Debug/stm32f2xx_i2c.o
 .debug_info    0x00009846      0x1d4 Example THUMB Debug/stm32f2xx_iwdg.o
 .debug_info    0x00009a1a      0xc17 Example THUMB Debug/stm32f2xx_rcc.o
 .debug_info    0x0000a631      0x241 Example THUMB Debug/stm32f2xx_syscfg.o
 .debug_info    0x0000a872     0x1c2b Example THUMB Debug/stm32f2xx_tim.o
 .debug_info    0x0000c49d      0x98c Example THUMB Debug/stm32f2xx_usart.o
 .debug_info    0x0000ce29       0xbf Example THUMB Debug/thumb_crt0.o
 .debug_info    0x0000cee8       0xf1 Example THUMB Debug/STM32_Startup.o
 .debug_info    0x0000cfd9     0x1f77 /Applications/CrossWorks for ARM 3.3/lib/libc_v7m_t_le_eabi.a(libc2.o)

.debug_abbrev   0x00000000     0x2451
 .debug_abbrev  0x00000000       0x82 Example THUMB Debug/stm32f2xx_it.o
 .debug_abbrev  0x00000082      0x139 Example THUMB Debug/system_stm32f2xx.o
 .debug_abbrev  0x000001bb      0x1d2 Example THUMB Debug/main.o
 .debug_abbrev  0x0000038d      0x489 Example THUMB Debug/module.o
 .debug_abbrev  0x00000816      0x2a6 Example THUMB Debug/MPU9150Driver.o
 .debug_abbrev  0x00000abc      0x1cc Example THUMB Debug/ShaftEncoder.o
 .debug_abbrev  0x00000c88      0x289 Example THUMB Debug/VNH3SP30TRdriver.o
 .debug_abbrev  0x00000f11      0x46c Example THUMB Debug/ftdicomsdriver.o
 .debug_abbrev  0x0000137d      0x148 Example THUMB Debug/misc.o
 .debug_abbrev  0x000014c5      0x199 Example THUMB Debug/stm32f2xx_adc.o
 .debug_abbrev  0x0000165e      0x158 Example THUMB Debug/stm32f2xx_dma.o
 .debug_abbrev  0x000017b6      0x1a8 Example THUMB Debug/stm32f2xx_exti.o
 .debug_abbrev  0x0000195e      0x1a6 Example THUMB Debug/stm32f2xx_gpio.o
 .debug_abbrev  0x00001b04      0x167 Example THUMB Debug/stm32f2xx_i2c.o
 .debug_abbrev  0x00001c6b      0x104 Example THUMB Debug/stm32f2xx_iwdg.o
 .debug_abbrev  0x00001d6f      0x1e6 Example THUMB Debug/stm32f2xx_rcc.o
 .debug_abbrev  0x00001f55      0x134 Example THUMB Debug/stm32f2xx_syscfg.o
 .debug_abbrev  0x00002089      0x18a Example THUMB Debug/stm32f2xx_tim.o
 .debug_abbrev  0x00002213      0x158 Example THUMB Debug/stm32f2xx_usart.o
 .debug_abbrev  0x0000236b       0x14 Example THUMB Debug/thumb_crt0.o
 .debug_abbrev  0x0000237f       0x14 Example THUMB Debug/STM32_Startup.o
 .debug_abbrev  0x00002393       0xbe /Applications/CrossWorks for ARM 3.3/lib/libc_v7m_t_le_eabi.a(libc2.o)

.debug_aranges  0x00000000     0x1c68
 .debug_aranges
                0x00000000       0x60 Example THUMB Debug/stm32f2xx_it.o
 .debug_aranges
                0x00000060       0x30 Example THUMB Debug/system_stm32f2xx.o
 .debug_aranges
                0x00000090       0x40 Example THUMB Debug/main.o
 .debug_aranges
                0x000000d0       0xe8 Example THUMB Debug/module.o
 .debug_aranges
                0x000001b8       0x70 Example THUMB Debug/MPU9150Driver.o
 .debug_aranges
                0x00000228       0x30 Example THUMB Debug/ShaftEncoder.o
 .debug_aranges
                0x00000258       0x48 Example THUMB Debug/VNH3SP30TRdriver.o
 .debug_aranges
                0x000002a0       0xb0 Example THUMB Debug/ftdicomsdriver.o
 .debug_aranges
                0x00000350       0x40 Example THUMB Debug/misc.o
 .debug_aranges
                0x00000390      0x148 Example THUMB Debug/stm32f2xx_adc.o
 .debug_aranges
                0x000004d8       0xb0 Example THUMB Debug/stm32f2xx_dma.o
 .debug_aranges
                0x00000588       0x58 Example THUMB Debug/stm32f2xx_exti.o
 .debug_aranges
                0x000005e0       0x88 Example THUMB Debug/stm32f2xx_gpio.o
 .debug_aranges
                0x00000668      0x120 Example THUMB Debug/stm32f2xx_i2c.o
 .debug_aranges
                0x00000788       0x48 Example THUMB Debug/stm32f2xx_iwdg.o
 .debug_aranges
                0x000007d0      0x178 Example THUMB Debug/stm32f2xx_rcc.o
 .debug_aranges
                0x00000948       0x48 Example THUMB Debug/stm32f2xx_syscfg.o
 .debug_aranges
                0x00000990      0x2f8 Example THUMB Debug/stm32f2xx_tim.o
 .debug_aranges
                0x00000c88      0x100 Example THUMB Debug/stm32f2xx_usart.o
 .debug_aranges
                0x00000d88       0x20 Example THUMB Debug/thumb_crt0.o
 .debug_aranges
                0x00000da8       0x20 Example THUMB Debug/STM32_Startup.o
 .debug_aranges
                0x00000dc8      0xea0 /Applications/CrossWorks for ARM 3.3/lib/libc_v7m_t_le_eabi.a(libc2.o)

.debug_ranges   0x00000000     0x1ae8
 .debug_ranges  0x00000000       0x50 Example THUMB Debug/stm32f2xx_it.o
 .debug_ranges  0x00000050       0x20 Example THUMB Debug/system_stm32f2xx.o
 .debug_ranges  0x00000070       0x30 Example THUMB Debug/main.o
 .debug_ranges  0x000000a0       0xd8 Example THUMB Debug/module.o
 .debug_ranges  0x00000178       0x60 Example THUMB Debug/MPU9150Driver.o
 .debug_ranges  0x000001d8       0x20 Example THUMB Debug/ShaftEncoder.o
 .debug_ranges  0x000001f8       0x38 Example THUMB Debug/VNH3SP30TRdriver.o
 .debug_ranges  0x00000230       0xa0 Example THUMB Debug/ftdicomsdriver.o
 .debug_ranges  0x000002d0       0x30 Example THUMB Debug/misc.o
 .debug_ranges  0x00000300      0x138 Example THUMB Debug/stm32f2xx_adc.o
 .debug_ranges  0x00000438       0xa0 Example THUMB Debug/stm32f2xx_dma.o
 .debug_ranges  0x000004d8       0x48 Example THUMB Debug/stm32f2xx_exti.o
 .debug_ranges  0x00000520       0x78 Example THUMB Debug/stm32f2xx_gpio.o
 .debug_ranges  0x00000598      0x110 Example THUMB Debug/stm32f2xx_i2c.o
 .debug_ranges  0x000006a8       0x38 Example THUMB Debug/stm32f2xx_iwdg.o
 .debug_ranges  0x000006e0      0x168 Example THUMB Debug/stm32f2xx_rcc.o
 .debug_ranges  0x00000848       0x38 Example THUMB Debug/stm32f2xx_syscfg.o
 .debug_ranges  0x00000880      0x2e8 Example THUMB Debug/stm32f2xx_tim.o
 .debug_ranges  0x00000b68       0xf0 Example THUMB Debug/stm32f2xx_usart.o
 .debug_ranges  0x00000c58      0xe90 /Applications/CrossWorks for ARM 3.3/lib/libc_v7m_t_le_eabi.a(libc2.o)

.debug_macro    0x00000000    0x12b9c
 .debug_macro   0x00000000      0x1c6 Example THUMB Debug/stm32f2xx_it.o
 .debug_macro   0x000001c6      0x886 Example THUMB Debug/stm32f2xx_it.o
 .debug_macro   0x00000a4c       0x5c Example THUMB Debug/stm32f2xx_it.o
 .debug_macro   0x00000aa8       0x34 Example THUMB Debug/stm32f2xx_it.o
 .debug_macro   0x00000adc      0x188 Example THUMB Debug/stm32f2xx_it.o
 .debug_macro   0x00000c64       0x18 Example THUMB Debug/stm32f2xx_it.o
 .debug_macro   0x00000c7c      0x735 Example THUMB Debug/stm32f2xx_it.o
 .debug_macro   0x000013b1     0x7f9a Example THUMB Debug/stm32f2xx_it.o
 .debug_macro   0x0000934b      0x44f Example THUMB Debug/stm32f2xx_it.o
 .debug_macro   0x0000979a      0x3cf Example THUMB Debug/stm32f2xx_it.o
 .debug_macro   0x00009b69      0x111 Example THUMB Debug/stm32f2xx_it.o
 .debug_macro   0x00009c7a      0x188 Example THUMB Debug/stm32f2xx_it.o
 .debug_macro   0x00009e02       0xb2 Example THUMB Debug/stm32f2xx_it.o
 .debug_macro   0x00009eb4      0x149 Example THUMB Debug/stm32f2xx_it.o
 .debug_macro   0x00009ffd      0x477 Example THUMB Debug/stm32f2xx_it.o
 .debug_macro   0x0000a474       0xae Example THUMB Debug/stm32f2xx_it.o
 .debug_macro   0x0000a522      0x242 Example THUMB Debug/stm32f2xx_it.o
 .debug_macro   0x0000a764      0x279 Example THUMB Debug/stm32f2xx_it.o
 .debug_macro   0x0000a9dd       0xb5 Example THUMB Debug/stm32f2xx_it.o
 .debug_macro   0x0000aa92      0x25e Example THUMB Debug/stm32f2xx_it.o
 .debug_macro   0x0000acf0      0x2b3 Example THUMB Debug/stm32f2xx_it.o
 .debug_macro   0x0000afa3       0x64 Example THUMB Debug/stm32f2xx_it.o
 .debug_macro   0x0000b007       0x88 Example THUMB Debug/stm32f2xx_it.o
 .debug_macro   0x0000b08f      0x536 Example THUMB Debug/stm32f2xx_it.o
 .debug_macro   0x0000b5c5       0x40 Example THUMB Debug/stm32f2xx_it.o
 .debug_macro   0x0000b605      0x3f3 Example THUMB Debug/stm32f2xx_it.o
 .debug_macro   0x0000b9f8      0x342 Example THUMB Debug/stm32f2xx_it.o
 .debug_macro   0x0000bd3a      0x357 Example THUMB Debug/stm32f2xx_it.o
 .debug_macro   0x0000c091       0xe1 Example THUMB Debug/stm32f2xx_it.o
 .debug_macro   0x0000c172      0x73b Example THUMB Debug/stm32f2xx_it.o
 .debug_macro   0x0000c8ad      0x221 Example THUMB Debug/stm32f2xx_it.o
 .debug_macro   0x0000cace       0x34 Example THUMB Debug/stm32f2xx_it.o
 .debug_macro   0x0000cb02       0x82 Example THUMB Debug/stm32f2xx_it.o
 .debug_macro   0x0000cb84       0x35 Example THUMB Debug/stm32f2xx_it.o
 .debug_macro   0x0000cbb9      0x3da Example THUMB Debug/stm32f2xx_it.o
 .debug_macro   0x0000cf93      0x2e4 Example THUMB Debug/stm32f2xx_it.o
 .debug_macro   0x0000d277       0x10 Example THUMB Debug/stm32f2xx_it.o
 .debug_macro   0x0000d287      0x423 Example THUMB Debug/stm32f2xx_it.o
 .debug_macro   0x0000d6aa       0x89 Example THUMB Debug/stm32f2xx_it.o
 .debug_macro   0x0000d733       0x55 Example THUMB Debug/stm32f2xx_it.o
 .debug_macro   0x0000d788      0x183 Example THUMB Debug/system_stm32f2xx.o
 .debug_macro   0x0000d90b      0x218 Example THUMB Debug/main.o
 .debug_macro   0x0000db23      0x892 Example THUMB Debug/main.o
 .debug_macro   0x0000e3b5      0x735 Example THUMB Debug/main.o
 .debug_macro   0x0000eaea       0x3a Example THUMB Debug/main.o
 .debug_macro   0x0000eb24       0x76 Example THUMB Debug/main.o
 .debug_macro   0x0000eb9a       0xca Example THUMB Debug/main.o
 .debug_macro   0x0000ec64      0x184 Example THUMB Debug/main.o
 .debug_macro   0x0000ede8       0xdc Example THUMB Debug/main.o
 .debug_macro   0x0000eec4      0x12a Example THUMB Debug/main.o
 .debug_macro   0x0000efee      0x21f Example THUMB Debug/module.o
 .debug_macro   0x0000f20d       0x76 Example THUMB Debug/module.o
 .debug_macro   0x0000f283       0x3a Example THUMB Debug/module.o
 .debug_macro   0x0000f2bd      0x207 Example THUMB Debug/MPU9150Driver.o
 .debug_macro   0x0000f4c4       0x6a Example THUMB Debug/MPU9150Driver.o
 .debug_macro   0x0000f52e       0xc4 Example THUMB Debug/MPU9150Driver.o
 .debug_macro   0x0000f5f2      0x12a Example THUMB Debug/MPU9150Driver.o
 .debug_macro   0x0000f71c      0x185 Example THUMB Debug/ShaftEncoder.o
 .debug_macro   0x0000f8a1      0x174 Example THUMB Debug/VNH3SP30TRdriver.o
 .debug_macro   0x0000fa15      0x1b1 Example THUMB Debug/ftdicomsdriver.o
 .debug_macro   0x0000fbc6       0x10 Example THUMB Debug/ftdicomsdriver.o
 .debug_macro   0x0000fbd6      0x170 Example THUMB Debug/misc.o
 .debug_macro   0x0000fd46       0x7c Example THUMB Debug/misc.o
 .debug_macro   0x0000fdc2      0x1f3 Example THUMB Debug/stm32f2xx_adc.o
 .debug_macro   0x0000ffb5      0x3c9 Example THUMB Debug/stm32f2xx_adc.o
 .debug_macro   0x0001037e      0x1be Example THUMB Debug/stm32f2xx_dma.o
 .debug_macro   0x0001053c      0x471 Example THUMB Debug/stm32f2xx_dma.o
 .debug_macro   0x000109ad      0x170 Example THUMB Debug/stm32f2xx_exti.o
 .debug_macro   0x00010b1d       0xa8 Example THUMB Debug/stm32f2xx_exti.o
 .debug_macro   0x00010bc5      0x16a Example THUMB Debug/stm32f2xx_gpio.o
 .debug_macro   0x00010d2f      0x258 Example THUMB Debug/stm32f2xx_gpio.o
 .debug_macro   0x00010f87      0x17c Example THUMB Debug/stm32f2xx_i2c.o
 .debug_macro   0x00011103      0x2ad Example THUMB Debug/stm32f2xx_i2c.o
 .debug_macro   0x000113b0      0x176 Example THUMB Debug/stm32f2xx_iwdg.o
 .debug_macro   0x00011526       0x5e Example THUMB Debug/stm32f2xx_iwdg.o
 .debug_macro   0x00011584      0x213 Example THUMB Debug/stm32f2xx_rcc.o
 .debug_macro   0x00011797      0x530 Example THUMB Debug/stm32f2xx_rcc.o
 .debug_macro   0x00011cc7      0x194 Example THUMB Debug/stm32f2xx_syscfg.o
 .debug_macro   0x00011e5b       0xdb Example THUMB Debug/stm32f2xx_syscfg.o
 .debug_macro   0x00011f36      0x194 Example THUMB Debug/stm32f2xx_tim.o
 .debug_macro   0x000120ca      0x735 Example THUMB Debug/stm32f2xx_tim.o
 .debug_macro   0x000127ff      0x182 Example THUMB Debug/stm32f2xx_usart.o
 .debug_macro   0x00012981      0x21b Example THUMB Debug/stm32f2xx_usart.o

.debug_line     0x00000000     0x92f5
 .debug_line    0x00000000      0x6ec Example THUMB Debug/stm32f2xx_it.o
 .debug_line    0x000006ec      0x4f6 Example THUMB Debug/system_stm32f2xx.o
 .debug_line    0x00000be2      0x778 Example THUMB Debug/main.o
 .debug_line    0x0000135a      0xa0b Example THUMB Debug/module.o
 .debug_line    0x00001d65      0x901 Example THUMB Debug/MPU9150Driver.o
 .debug_line    0x00002666      0x55b Example THUMB Debug/ShaftEncoder.o
 .debug_line    0x00002bc1      0x5a5 Example THUMB Debug/VNH3SP30TRdriver.o
 .debug_line    0x00003166      0x811 Example THUMB Debug/ftdicomsdriver.o
 .debug_line    0x00003977      0x4ee Example THUMB Debug/misc.o
 .debug_line    0x00003e65      0x7f2 Example THUMB Debug/stm32f2xx_adc.o
 .debug_line    0x00004657      0x67c Example THUMB Debug/stm32f2xx_dma.o
 .debug_line    0x00004cd3      0x544 Example THUMB Debug/stm32f2xx_exti.o
 .debug_line    0x00005217      0x5de Example THUMB Debug/stm32f2xx_gpio.o
 .debug_line    0x000057f5      0x768 Example THUMB Debug/stm32f2xx_i2c.o
 .debug_line    0x00005f5d      0x4fc Example THUMB Debug/stm32f2xx_iwdg.o
 .debug_line    0x00006459      0x83a Example THUMB Debug/stm32f2xx_rcc.o
 .debug_line    0x00006c93      0x504 Example THUMB Debug/stm32f2xx_syscfg.o
 .debug_line    0x00007197      0xd05 Example THUMB Debug/stm32f2xx_tim.o
 .debug_line    0x00007e9c      0x72d Example THUMB Debug/stm32f2xx_usart.o
 .debug_line    0x000085c9      0x100 Example THUMB Debug/thumb_crt0.o
 .debug_line    0x000086c9      0x123 Example THUMB Debug/STM32_Startup.o
 .debug_line    0x000087ec      0xb09 /Applications/CrossWorks for ARM 3.3/lib/libc_v7m_t_le_eabi.a(libc2.o)

.debug_str      0x00000000    0x5ed45
 .debug_str     0x00000000    0x54f19 Example THUMB Debug/stm32f2xx_it.o
                              0x54fc1 (size before relaxing)
 .debug_str     0x00054f19      0x292 Example THUMB Debug/system_stm32f2xx.o
                              0x52aa7 (size before relaxing)
 .debug_str     0x000551ab     0x23ca Example THUMB Debug/main.o
                              0x573ca (size before relaxing)
 .debug_str     0x00057575     0x1108 Example THUMB Debug/module.o
                              0x584ec (size before relaxing)
 .debug_str     0x0005867d      0xab6 Example THUMB Debug/MPU9150Driver.o
                              0x57383 (size before relaxing)
 .debug_str     0x00059133       0x9e Example THUMB Debug/ShaftEncoder.o
                              0x53f33 (size before relaxing)
 .debug_str     0x000591d1      0x18d Example THUMB Debug/VNH3SP30TRdriver.o
                              0x53172 (size before relaxing)
 .debug_str     0x0005935e      0x7ec Example THUMB Debug/ftdicomsdriver.o
                              0x549f2 (size before relaxing)
 .debug_str     0x00059b4a      0x170 Example THUMB Debug/misc.o
                              0x52ae3 (size before relaxing)
 .debug_str     0x00059cba      0x82c Example THUMB Debug/stm32f2xx_adc.o
                              0x531c7 (size before relaxing)
 .debug_str     0x0005a4e6      0x595 Example THUMB Debug/stm32f2xx_dma.o
                              0x52f48 (size before relaxing)
 .debug_str     0x0005aa7b      0x15c Example THUMB Debug/stm32f2xx_exti.o
                              0x52a70 (size before relaxing)
 .debug_str     0x0005abd7      0x1d7 Example THUMB Debug/stm32f2xx_gpio.o
                              0x52b83 (size before relaxing)
 .debug_str     0x0005adae      0x3e5 Example THUMB Debug/stm32f2xx_i2c.o
                              0x52da9 (size before relaxing)
 .debug_str     0x0005b193      0x164 Example THUMB Debug/stm32f2xx_iwdg.o
                              0x5298e (size before relaxing)
 .debug_str     0x0005b2f7      0xa00 Example THUMB Debug/stm32f2xx_rcc.o
                              0x53404 (size before relaxing)
 .debug_str     0x0005bcf7      0x2fd Example THUMB Debug/stm32f2xx_syscfg.o
                              0x52b3f (size before relaxing)
 .debug_str     0x0005bff4      0xaff Example THUMB Debug/stm32f2xx_tim.o
                              0x53577 (size before relaxing)
 .debug_str     0x0005caf3      0x508 Example THUMB Debug/stm32f2xx_usart.o
                              0x52e93 (size before relaxing)
 .debug_str     0x0005cffb     0x1d4a /Applications/CrossWorks for ARM 3.3/lib/libc_v7m_t_le_eabi.a(libc2.o)
                               0x1f1e (size before relaxing)

.comment        0x00000000       0x4e
 .comment       0x00000000       0x4e Example THUMB Debug/stm32f2xx_it.o
                                 0x4f (size before relaxing)
 .comment       0x00000000       0x4f Example THUMB Debug/system_stm32f2xx.o
 .comment       0x00000000       0x4f Example THUMB Debug/main.o
 .comment       0x00000000       0x4f Example THUMB Debug/module.o
 .comment       0x00000000       0x4f Example THUMB Debug/MPU9150Driver.o
 .comment       0x00000000       0x4f Example THUMB Debug/ShaftEncoder.o
 .comment       0x00000000       0x4f Example THUMB Debug/VNH3SP30TRdriver.o
 .comment       0x00000000       0x4f Example THUMB Debug/ftdicomsdriver.o
 .comment       0x00000000       0x4f Example THUMB Debug/misc.o
 .comment       0x00000000       0x4f Example THUMB Debug/stm32f2xx_adc.o
 .comment       0x00000000       0x4f Example THUMB Debug/stm32f2xx_dma.o
 .comment       0x00000000       0x4f Example THUMB Debug/stm32f2xx_exti.o
 .comment       0x00000000       0x4f Example THUMB Debug/stm32f2xx_gpio.o
 .comment       0x00000000       0x4f Example THUMB Debug/stm32f2xx_i2c.o
 .comment       0x00000000       0x4f Example THUMB Debug/stm32f2xx_iwdg.o
 .comment       0x00000000       0x4f Example THUMB Debug/stm32f2xx_rcc.o
 .comment       0x00000000       0x4f Example THUMB Debug/stm32f2xx_syscfg.o
 .comment       0x00000000       0x4f Example THUMB Debug/stm32f2xx_tim.o
 .comment       0x00000000       0x4f Example THUMB Debug/stm32f2xx_usart.o
 .comment       0x00000000       0x4f /Applications/CrossWorks for ARM 3.3/lib/libc_v7m_t_le_eabi.a(libc2.o)

.ARM.attributes
                0x00000000       0x31
 .ARM.attributes
                0x00000000       0x33 Example THUMB Debug/stm32f2xx_it.o
 .ARM.attributes
                0x00000033       0x33 Example THUMB Debug/system_stm32f2xx.o
 .ARM.attributes
                0x00000066       0x33 Example THUMB Debug/main.o
 .ARM.attributes
                0x00000099       0x33 Example THUMB Debug/module.o
 .ARM.attributes
                0x000000cc       0x33 Example THUMB Debug/MPU9150Driver.o
 .ARM.attributes
                0x000000ff       0x33 Example THUMB Debug/ShaftEncoder.o
 .ARM.attributes
                0x00000132       0x33 Example THUMB Debug/VNH3SP30TRdriver.o
 .ARM.attributes
                0x00000165       0x33 Example THUMB Debug/ftdicomsdriver.o
 .ARM.attributes
                0x00000198       0x33 Example THUMB Debug/misc.o
 .ARM.attributes
                0x000001cb       0x33 Example THUMB Debug/stm32f2xx_adc.o
 .ARM.attributes
                0x000001fe       0x33 Example THUMB Debug/stm32f2xx_dma.o
 .ARM.attributes
                0x00000231       0x33 Example THUMB Debug/stm32f2xx_exti.o
 .ARM.attributes
                0x00000264       0x33 Example THUMB Debug/stm32f2xx_gpio.o
 .ARM.attributes
                0x00000297       0x33 Example THUMB Debug/stm32f2xx_i2c.o
 .ARM.attributes
                0x000002ca       0x33 Example THUMB Debug/stm32f2xx_iwdg.o
 .ARM.attributes
                0x000002fd       0x33 Example THUMB Debug/stm32f2xx_rcc.o
 .ARM.attributes
                0x00000330       0x33 Example THUMB Debug/stm32f2xx_syscfg.o
 .ARM.attributes
                0x00000363       0x33 Example THUMB Debug/stm32f2xx_tim.o
 .ARM.attributes
                0x00000396       0x33 Example THUMB Debug/stm32f2xx_usart.o
 .ARM.attributes
                0x000003c9       0x21 Example THUMB Debug/thumb_crt0.o
 .ARM.attributes
                0x000003ea       0x21 Example THUMB Debug/STM32_Startup.o
 .ARM.attributes
                0x0000040b       0x1b /Applications/CrossWorks for ARM 3.3/lib/libm_v7m_t_le_eabi.a(libm_asm.o)
 .ARM.attributes
                0x00000426       0x2d /Applications/CrossWorks for ARM 3.3/lib/libc_v7m_t_le_eabi.a(libc2.o)
 .ARM.attributes
                0x00000453       0x1b /Applications/CrossWorks for ARM 3.3/lib/libc_v7m_t_le_eabi.a(libc2_asm.o)
